Archive member included because of file (symbol)

obj_cooja/mtype246.a(rimeaddr.o)
                              obj_cooja/mtype246.o (rimeaddr_node_addr)
obj_cooja/mtype246.a(csma.o)  obj_cooja/mtype246.o (csma_driver)
obj_cooja/mtype246.a(contikimac.o)
                              obj_cooja/mtype246.o (contikimac_driver)
obj_cooja/mtype246.a(phase.o)
                              obj_cooja/mtype246.a(contikimac.o) (phase_remove)
obj_cooja/mtype246.a(rpl-dag.o)
                              udp-sender.co (rpl_get_dag)
obj_cooja/mtype246.a(rpl-icmp6.o)
                              obj_cooja/mtype246.a(rpl-dag.o) (dao_output)
obj_cooja/mtype246.a(rpl-timers.o)
                              obj_cooja/mtype246.a(rpl-dag.o) (rpl_reset_dio_timer)
obj_cooja/mtype246.a(rpl-of-fuzzy.o)
                              obj_cooja/mtype246.a(rpl-dag.o) (rpl_of_fuzzy)
obj_cooja/mtype246.a(fuzzify.o)
                              obj_cooja/mtype246.a(rpl-of-fuzzy.o) (consumption)
obj_cooja/mtype246.a(qos.o)   obj_cooja/mtype246.a(rpl-of-fuzzy.o) (qos)
obj_cooja/mtype246.a(quality.o)
                              obj_cooja/mtype246.a(rpl-of-fuzzy.o) (quality)
obj_cooja/mtype246.a(process.o)
                              udp-sender.co (process_current)
obj_cooja/mtype246.a(procinit.o)
                              obj_cooja/mtype246.o (procinit_init)
obj_cooja/mtype246.a(autostart.o)
                              obj_cooja/mtype246.o (autostart_start)
obj_cooja/mtype246.a(compower.o)
                              obj_cooja/mtype246.a(contikimac.o) (compower_idle_activity)
obj_cooja/mtype246.a(serial-line.o)
                              obj_cooja/collect-common.o (serial_line_event_message)
obj_cooja/mtype246.a(memb.o)  obj_cooja/mtype246.a(csma.o) (memb_init)
obj_cooja/mtype246.a(timer.o)
                              obj_cooja/mtype246.a(phase.o) (timer_set)
obj_cooja/mtype246.a(list.o)  obj_cooja/mtype246.a(phase.o) (list_init)
obj_cooja/mtype246.a(etimer.o)
                              obj_cooja/mtype246.o (etimer_process)
obj_cooja/mtype246.a(ctimer.o)
                              obj_cooja/mtype246.o (ctimer_init)
obj_cooja/mtype246.a(energest.o)
                              udp-sender.co (energest_current_time)
obj_cooja/mtype246.a(rtimer.o)
                              obj_cooja/mtype246.a(contikimac.o) (rtimer_set)
obj_cooja/mtype246.a(stimer.o)
                              obj_cooja/mtype246.a(rpl-icmp6.o) (stimer_set)
obj_cooja/mtype246.a(random.o)
                              obj_cooja/collect-common.o (random_rand)
obj_cooja/mtype246.a(ringbuf.o)
                              obj_cooja/mtype246.a(serial-line.o) (ringbuf_init)
obj_cooja/mtype246.a(netstack.o)
                              obj_cooja/mtype246.o (netstack_init)
obj_cooja/mtype246.a(uip-debug.o)
                              udp-sender.co (uip_debug_ipaddr_print)
obj_cooja/mtype246.a(packetbuf.o)
                              obj_cooja/mtype246.a(csma.o) (packetbuf_attrs)
obj_cooja/mtype246.a(queuebuf.o)
                              obj_cooja/mtype246.o (queuebuf_init)
obj_cooja/mtype246.a(uip6.o)  udp-sender.co (uip_lladdr)
obj_cooja/mtype246.a(tcpip.o)
                              udp-sender.co (tcpip_event)
obj_cooja/mtype246.a(uip-udp-packet.)
                              udp-sender.co (uip_udp_packet_sendto)
obj_cooja/mtype246.a(uip-icmp6.o)
                              obj_cooja/mtype246.a(uip6.o) (uip_icmp6_echo_request_input)
obj_cooja/mtype246.a(uip-nd6.o)
                              obj_cooja/mtype246.a(uip6.o) (uip_nd6_ns_input)
obj_cooja/mtype246.a(sicslowpan.o)
                              obj_cooja/mtype246.o (sicslowpan_driver)
obj_cooja/mtype246.a(neighbor-info.o)
                              obj_cooja/mtype246.a(sicslowpan.o) (neighbor_info_packet_sent)
obj_cooja/mtype246.a(uip-ds6.o)
                              obj_cooja/mtype246.a(tcpip.o) (uip_ds6_timer_periodic)
obj_cooja/mtype246.a(collect-view.o)
                              udp-sender.co (collect_view_construct_message)
obj_cooja/mtype246.a(collect-view-te)
                              obj_cooja/mtype246.a(collect-view.o) (collect_view_arch_read_sensors)
obj_cooja/mtype246.a(simEnvChange.o)
                              obj_cooja/mtype246.o (simDontFallAsleep)
obj_cooja/mtype246.a(cooja_mt.o)
                              obj_cooja/mtype246.o (cooja_mt_start)
obj_cooja/mtype246.a(cooja_mtarch.o)
                              obj_cooja/mtype246.a(cooja_mt.o) (cooja_mtarch_init)
obj_cooja/mtype246.a(rtimer-arch.o)
                              obj_cooja/mtype246.a(rtimer.o) (rtimer_arch_init)
obj_cooja/mtype246.a(watchdog.o)
                              obj_cooja/mtype246.a(contikimac.o) (watchdog_periodic)
obj_cooja/mtype246.a(beep.o)  obj_cooja/mtype246.o (beep_interface)
obj_cooja/mtype246.a(button-sensor.o)
                              obj_cooja/mtype246.o (button_interface)
obj_cooja/mtype246.a(leds-arch.o)
[...]
Memory Configuration

Name             Origin             Length             Attributes
*default*        0x0000000000000000 0xffffffffffffffff

Linker script and memory map

LOAD /usr/lib/gcc/i486-linux-gnu/4.4.3/../../../../lib/crti.o
LOAD /usr/lib/gcc/i486-linux-gnu/4.4.3/crtbeginS.o
LOAD udp-sender.co
LOAD obj_cooja/mtype246.o
LOAD obj_cooja/collect-common.o
LOAD obj_cooja/mtype246.a
LOAD /usr/lib/gcc/i486-linux-gnu/4.4.3/libgcc.a
LOAD /usr/lib/gcc/i486-linux-gnu/4.4.3/libgcc_s.so
LOAD /usr/lib/gcc/i486-linux-gnu/4.4.3/../../../../lib/libc.so
START GROUP
LOAD /lib/libc.so.6
LOAD /usr/lib/libc_nonshared.a
LOAD /lib/ld-linux.so.2
END GROUP
LOAD /usr/lib/gcc/i486-linux-gnu/4.4.3/libgcc.a
LOAD /usr/lib/gcc/i486-linux-gnu/4.4.3/libgcc_s.so
LOAD /usr/lib/gcc/i486-linux-gnu/4.4.3/crtendS.o
LOAD /usr/lib/gcc/i486-linux-gnu/4.4.3/../../../../lib/crtn.o
                0x00000000000000f4                . = (0x0 + SIZEOF_HEADERS)

.note.gnu.build-id
                0x00000000000000f4       0x24
 *(.note.gnu.build-id)
 .note.gnu.build-id
                0x00000000000000f4       0x24 /usr/lib/gcc/i486-linux-gnu/4.4.3/../../../../lib/crti.o

.hash           0x0000000000000118      0xbdc
 *(.hash)
 .hash          0x0000000000000118      0xbdc /usr/lib/gcc/i486-linux-gnu/4.4.3/../../../../lib/crti.o

.gnu.hash       0x0000000000000cf4      0xda8
 *(.gnu.hash)
 .gnu.hash      0x0000000000000cf4      0xda8 /usr/lib/gcc/i486-linux-gnu/4.4.3/../../../../lib/crti.o

.dynsym         0x0000000000001a9c     0x1ee0
 *(.dynsym)
 .dynsym        0x0000000000001a9c     0x1ee0 /usr/lib/gcc/i486-linux-gnu/4.4.3/../../../../lib/crti.o

.dynstr         0x000000000000397c     0x1e63
 *(.dynstr)
 .dynstr        0x000000000000397c     0x1e63 /usr/lib/gcc/i486-linux-gnu/4.4.3/../../../../lib/crti.o

.gnu.version    0x00000000000057e0      0x3dc
 *(.gnu.version)
 .gnu.version   0x00000000000057e0      0x3dc /usr/lib/gcc/i486-linux-gnu/4.4.3/../../../../lib/crti.o

.gnu.version_d  0x0000000000005bbc        0x0
 *(.gnu.version_d)
 .gnu.version_d
                0x0000000000000000        0x0 /usr/lib/gcc/i486-linux-gnu/4.4.3/../../../../lib/crti.o

.gnu.version_r  0x0000000000005bbc       0x50
 *(.gnu.version_r)
 .gnu.version_r
                0x0000000000005bbc       0x50 /usr/lib/gcc/i486-linux-gnu/4.4.3/../../../../lib/crti.o

.rel.dyn        0x0000000000005c0c     0x8e70
 *(.rel.init)
 *(.rel.text .rel.text.* .rel.gnu.linkonce.t.*)
 .rel.text      0x0000000000005c0c     0x8610 /usr/lib/gcc/i486-linux-gnu/4.4.3/../../../../lib/crti.o
 *(.rel.fini)
 *(.rel.rodata .rel.rodata.* .rel.gnu.linkonce.r.*)
 .rel.rodata    0x000000000000e21c      0x628 /usr/lib/gcc/i486-linux-gnu/4.4.3/../../../../lib/crti.o
 *(.rel.data.rel.ro* .rel.gnu.linkonce.d.rel.ro.*)
 *(.rel.data .rel.data.* .rel.gnu.linkonce.d.*)
 .rel.data.rel  0x000000000000e844        0x8 /usr/lib/gcc/i486-linux-gnu/4.4.3/../../../../lib/crti.o
 .rel.data      0x000000000000e84c      0x218 /usr/lib/gcc/i486-linux-gnu/4.4.3/../../../../lib/crti.o
 *(.rel.tdata .rel.tdata.* .rel.gnu.linkonce.td.*)
 *(.rel.tbss .rel.tbss.* .rel.gnu.linkonce.tb.*)
 *(.rel.ctors)
 *(.rel.dtors)
 *(.rel.got)
 .rel.got       0x000000000000ea64       0x18 /usr/lib/gcc/i486-linux-gnu/4.4.3/../../../../lib/crti.o
 *(.rel.bss .rel.bss.* .rel.gnu.linkonce.b.*)
 *(.rel.ifunc)
 .rel.ifunc     0x0000000000000000        0x0 /usr/lib/gcc/i486-linux-gnu/4.4.3/../../../../lib/crti.o

.rel.plt        0x000000000000ea7c       0x10
 *(.rel.plt)
 .rel.plt       0x000000000000ea7c       0x10 /usr/lib/gcc/i486-linux-gnu/4.4.3/../../../../lib/crti.o
 *(.rel.iplt)

.init           0x000000000000ea8c       0x30
 *(.init)
 .init          0x000000000000ea8c       0x22 /usr/lib/gcc/i486-linux-gnu/4.4.3/../../../../lib/crti.o
                0x000000000000ea8c                _init
 .init          0x000000000000eaae        0x5 /usr/lib/gcc/i486-linux-gnu/4.4.3/crtbeginS.o
 .init          0x000000000000eab3        0x5 /usr/lib/gcc/i486-linux-gnu/4.4.3/crtendS.o
 .init          0x000000000000eab8        0x4 /usr/lib/gcc/i486-linux-gnu/4.4.3/../../../../lib/crtn.o

.plt            0x000000000000eabc       0x30
 *(.plt)
 .plt           0x000000000000eabc       0x30 /usr/lib/gcc/i486-linux-gnu/4.4.3/../../../../lib/crti.o
 *(.iplt)

.text           0x000000000000eaf0    0x157b8
 *(.text.unlikely .text.*_unlikely)
 *(.text .stub .text.* .gnu.linkonce.t.*)
 .text          0x000000000000eaf0        0x0 /usr/lib/gcc/i486-linux-gnu/4.4.3/../../../../lib/crti.o
 .text          0x000000000000eaf0       0xb7 /usr/lib/gcc/i486-linux-gnu/4.4.3/crtbeginS.o
 .text.__i686.get_pc_thunk.bx
                0x000000000000eba7        0x4 /usr/lib/gcc/i486-linux-gnu/4.4.3/crtbeginS.o
                0x000000000000eba7                __i686.get_pc_thunk.bx
 *fill*         0x000000000000ebab        0x1 90909090
 .text          0x000000000000ebac      0x5a1 udp-sender.co
                0x000000000000ebac                collect_common_set_sink
                0x000000000000ebb1                collect_common_net_print
                0x000000000000ec69                collect_common_send
                0x000000000000ee3e                collect_common_net_init
 *fill*         0x000000000000f14d        0x3 90909090
 .text          0x000000000000f150      0x5f1 obj_cooja/mtype246.o
                0x000000000000f1ab                contiki_init
                0x000000000000f55b                Java_se_sics_cooja_corecomm_Lib28_init
                0x000000000000f59b                Java_se_sics_cooja_corecomm_Lib28_getMemory
                0x000000000000f5d8                Java_se_sics_cooja_corecomm_Lib28_setMemory
                0x000000000000f64c                Java_se_sics_cooja_corecomm_Lib28_tick
                0x000000000000f72f                Java_se_sics_cooja_corecomm_Lib28_setReferenceAddress
 *fill*         0x000000000000f741        0x3 90909090
 .text          0x000000000000f744      0x457 obj_cooja/collect-common.o
                0x000000000000f7c8                collect_common_set_send_active
                0x000000000000f7d5                collect_common_recv
 *fill*         0x000000000000fb9b        0x1 90909090
 .text          0x000000000000fb9c       0x86 obj_cooja/mtype246.a(rimeaddr.o)
                0x000000000000fb9c                rimeaddr_copy
                0x000000000000fbc9                rimeaddr_cmp
                0x000000000000fc07                rimeaddr_set_node_addr
 *fill*         0x000000000000fc22        0x2 90909090
 .text          0x000000000000fc24      0x4d3 obj_cooja/mtype246.a(csma.o)
 *fill*         0x00000000000100f7        0x1 90909090
 .text          0x00000000000100f8      0xf80 obj_cooja/mtype246.a(contikimac.o)
                0x000000000001106e                contikimac_debug_print
 .text          0x0000000000011078      0x39d obj_cooja/mtype246.a(phase.o)
                0x0000000000011078                find_neighbor
                0x00000000000110cb                phase_remove
                0x0000000000011119                phase_update
                0x00000000000112b8                phase_wait
                0x00000000000113e4                phase_init
 *fill*         0x0000000000011415        0x3 90909090
 .text          0x0000000000011418     0x13c0 obj_cooja/mtype246.a(rpl-dag.o)
                0x00000000000115c0                rpl_set_root
                0x000000000001171a                rpl_set_prefix
                0x000000000001179f                rpl_set_default_route
                0x0000000000011807                rpl_alloc_dag
                0x00000000000118d4                rpl_free_dag
                0x0000000000011937                rpl_add_parent
                0x0000000000011a52                rpl_find_parent
                0x0000000000011aa9                rpl_select_parent
                0x0000000000011ccb                rpl_remove_parent
                0x0000000000011dbb                rpl_get_dag
                0x0000000000011e1d                rpl_find_of
                0x0000000000012271                rpl_repair_dag
                0x00000000000122cf                rpl_local_repair
                0x0000000000012313                rpl_recalculate_ranks
                0x000000000001237a                rpl_process_parent_event
                0x0000000000012475                rpl_process_dio
 .text          0x00000000000127d8     0x187b obj_cooja/mtype246.a(rpl-icmp6.o)
                0x00000000000129ed                dis_output
                0x00000000000132d9                dio_output_set_next
                0x00000000000132f6                dio_output
                0x0000000000013ca2                dao_output
                0x0000000000013f3f                dao_ack_output
                0x0000000000013faf                uip_rpl_input
                0x0000000000014011                clear_dio_mc
 *fill*         0x0000000000014053        0x1 90909090
 .text          0x0000000000014054      0x76f obj_cooja/mtype246.a(rpl-timers.o)
                0x00000000000140b4                new_interval
                0x000000000001431a                rpl_reset_periodic_timer
                0x000000000001434f                rpl_reset_dio_timer
                0x0000000000014428                rpl_schedule_dao
                0x00000000000144aa                rpl_schedule_next_dio_reception
                0x0000000000014551                send_dis
                0x000000000001456d                handle_next_dio
                0x00000000000145a9                rpl_dio_received
 *fill*         0x00000000000147c3        0x1 90909090
 .text          0x00000000000147c4      0x886 obj_cooja/mtype246.a(rpl-of-fuzzy.o)
 *fill*         0x000000000001504a        0x2 90909090
 .text          0x000000000001504c      0x7ef obj_cooja/mtype246.a(fuzzify.o)
                0x000000000001504c                DOWN
                0x0000000000015096                UP
                0x00000000000150cf                FIRST_T_NORM
                0x0000000000015134                LAST_T_NORM
                0x0000000000015199                T_NORM
                0x0000000000015263                COG_1
                0x00000000000152fd                compose
                0x00000000000154d8                consumption
                0x00000000000155f9                reliability
                0x000000000001571a                duration
 *fill*         0x000000000001583b        0x1 90909090
 .text          0x000000000001583c      0x8c2 obj_cooja/mtype246.a(qos.o)
                0x000000000001583c                qos
 *fill*         0x00000000000160fe        0x2 90909090
 .text          0x0000000000016100      0xd82 obj_cooja/mtype246.a(quality.o)
                0x0000000000016100                quality
 *fill*         0x0000000000016e82        0x2 90909090
 .text          0x0000000000016e84      0x56a obj_cooja/mtype246.a(process.o)
                0x0000000000016e84                process_alloc_event
                0x0000000000016e9c                process_start
                0x0000000000017088                process_exit
                0x00000000000170a4                process_init
                0x0000000000017272                process_run
                0x00000000000172a6                process_nevents
                0x00000000000172c2                process_post
                0x0000000000017373                process_post_synch
                0x00000000000173ab                process_poll
                0x00000000000173da                process_is_running
 *fill*         0x00000000000173ee        0x2 90909090
 .text          0x00000000000173f0       0x3d obj_cooja/mtype246.a(procinit.o)
                0x00000000000173f0                procinit_init
 *fill*         0x000000000001742d        0x3 90909090
 .text          0x0000000000017430       0x76 obj_cooja/mtype246.a(autostart.o)
                0x0000000000017430                autostart_start
                0x000000000001746f                autostart_exit
 *fill*         0x00000000000174a6        0x2 90909090
 .text          0x00000000000174a8      0x188 obj_cooja/mtype246.a(compower.o)
                0x00000000000174ec                compower_init
                0x0000000000017500                compower_accumulate
                0x000000000001757a                compower_clear
                0x0000000000017594                compower_attrconv
                0x00000000000175e9                compower_accumulate_attrs
 .text          0x0000000000017630      0x1f2 obj_cooja/mtype246.a(serial-line.o)
                0x0000000000017630                serial_line_input_byte
                0x00000000000177ea                serial_line_init
 *fill*         0x0000000000017822        0x2 90909090
 .text          0x0000000000017824      0x18b obj_cooja/mtype246.a(memb.o)
                0x0000000000017824                memb_init
                0x0000000000017882                memb_alloc
                0x00000000000178ea                memb_free
                0x0000000000017968                memb_inmemb
 *fill*         0x00000000000179af        0x1 90909090
 .text          0x00000000000179b0       0x93 obj_cooja/mtype246.a(timer.o)
                0x00000000000179b0                timer_set
                0x00000000000179cb                timer_reset
                0x00000000000179e2                timer_restart
                0x00000000000179f4                timer_expired
                0x0000000000017a1d                timer_remaining
 *fill*         0x0000000000017a43        0x1 90909090
 .text          0x0000000000017a44      0x245 obj_cooja/mtype246.a(list.o)
                0x0000000000017a44                list_init
                0x0000000000017a52                list_head
                0x0000000000017a5c                list_copy
                0x0000000000017a6b                list_tail
                0x0000000000017aa1                list_add
                0x0000000000017aea                list_push
                0x0000000000017b16                list_chop
                0x0000000000017b80                list_pop
                0x0000000000017ba8                list_remove
                0x0000000000017c10                list_length
                0x0000000000017c3e                list_insert
                0x0000000000017c72                list_item_next
 *fill*         0x0000000000017c89        0x3 90909090
 .text          0x0000000000017c8c      0x3e2 obj_cooja/mtype246.a(etimer.o)
                0x0000000000017ea8                etimer_request_poll
                0x0000000000017f20                etimer_set
                0x0000000000017f45                etimer_reset
                0x0000000000017f63                etimer_restart
                0x0000000000017f81                etimer_adjust
                0x0000000000017f9d                etimer_expired
                0x0000000000017fb0                etimer_expiration_time
                0x0000000000017fc3                etimer_start_time
                0x0000000000017fcd                etimer_pending
                0x0000000000017fdf                etimer_next_expiration_time
                0x0000000000017ff9                etimer_stop
 *fill*         0x000000000001806e        0x2 90909090
 .text          0x0000000000018070      0x346 obj_cooja/mtype246.a(ctimer.o)
                0x000000000001818b                ctimer_init
                0x00000000000181bb                ctimer_set
                0x000000000001824e                ctimer_reset
                0x00000000000182b1                ctimer_restart
                0x0000000000018314                ctimer_stop
                0x000000000001835f                ctimer_expired
 *fill*         0x00000000000183b6        0x2 90909090
 .text          0x00000000000183b8      0x135 obj_cooja/mtype246.a(energest.o)
                0x00000000000183b8                energest_init
                0x00000000000183fc                energest_type_time
                0x0000000000018462                energest_leveldevice_leveltime
                0x000000000001846c                energest_type_set
                0x000000000001847e                energest_flush
 *fill*         0x00000000000184ed        0x3 90909090
 .text          0x00000000000184f0       0xbd obj_cooja/mtype246.a(rtimer.o)
                0x00000000000184f0                rtimer_init
                0x00000000000184fd                rtimer_set
                0x0000000000018554                rtimer_run_next
 *fill*         0x00000000000185ad        0x3 90909090
 .text          0x00000000000185b0       0xa6 obj_cooja/mtype246.a(stimer.o)
                0x00000000000185b0                stimer_set
                0x00000000000185cb                stimer_reset
                0x00000000000185e2                stimer_restart
                0x00000000000185f4                stimer_expired
                0x000000000001861c                stimer_remaining
                0x0000000000018642                stimer_elapsed
 *fill*         0x0000000000018656        0x2 90909090
 .text          0x0000000000018658       0x28 obj_cooja/mtype246.a(random.o)
                0x0000000000018658                random_init
                0x0000000000018673                random_rand
 .text          0x0000000000018680      0x156 obj_cooja/mtype246.a(ringbuf.o)
                0x0000000000018680                ringbuf_init
                0x00000000000186b1                ringbuf_put
                0x000000000001872f                ringbuf_get
                0x000000000001879d                ringbuf_size
                0x00000000000187af                ringbuf_elements
 *fill*         0x00000000000187d6        0x2 90909090
 .text          0x00000000000187d8       0x24 obj_cooja/mtype246.a(netstack.o)
                0x00000000000187d8                netstack_init
 .text          0x00000000000187fc      0x103 obj_cooja/mtype246.a(uip-debug.o)
                0x00000000000187fc                uip_debug_ipaddr_print
                0x00000000000188b3                uip_debug_lladdr_print
 *fill*         0x00000000000188ff        0x1 90909090
 .text          0x0000000000018900      0x4b2 obj_cooja/mtype246.a(packetbuf.o)
                0x0000000000018900                packetbuf_clear
                0x0000000000018937                packetbuf_clear_hdr
                0x0000000000018943                packetbuf_copyfrom
                0x0000000000018994                packetbuf_compact
                0x0000000000018a30                packetbuf_copyto_hdr
                0x0000000000018a88                packetbuf_copyto
                0x0000000000018b63                packetbuf_hdralloc
                0x0000000000018bad                packetbuf_hdr_remove
                0x0000000000018bc6                packetbuf_hdrreduce
                0x0000000000018c12                packetbuf_set_datalen
                0x0000000000018c2b                packetbuf_dataptr
                0x0000000000018c44                packetbuf_hdrptr
                0x0000000000018c5c                packetbuf_reference
                0x0000000000018c82                packetbuf_is_reference
                0x0000000000018c9c                packetbuf_reference_ptr
                0x0000000000018ca6                packetbuf_datalen
                0x0000000000018cb2                packetbuf_hdrlen
                0x0000000000018cc9                packetbuf_totlen
                0x0000000000018ce0                packetbuf_attr_clear
                0x0000000000018d36                packetbuf_attr_copyto
                0x0000000000018d74                packetbuf_attr_copyfrom
 *fill*         0x0000000000018db2        0x2 90909090
 .text          0x0000000000018db4      0x2bd obj_cooja/mtype246.a(queuebuf.o)
                0x0000000000018db4                queuebuf_init
                0x0000000000018dd4                queuebuf_new_from_packetbuf
                0x0000000000018e78                queuebuf_update_attr_from_packetbuf
                0x0000000000018e9d                queuebuf_free
                0x0000000000018efb                queuebuf_to_packetbuf
                0x0000000000018fcf                queuebuf_dataptr
                0x0000000000019020                queuebuf_datalen
                0x000000000001902e                queuebuf_addr
                0x000000000001904f                queuebuf_attr
                0x000000000001906c                queuebuf_debug_print
 *fill*         0x0000000000019071        0x3 90909090
 .text          0x0000000000019074     0x2fa5 obj_cooja/mtype246.a(uip6.o)
                0x0000000000019074                uip_add32
                0x0000000000019207                uip_chksum
                0x00000000000192f9                uip_icmp6chksum
                0x000000000001930d                uip_tcpchksum
                0x0000000000019321                uip_udpchksum
                0x0000000000019335                uip_init
                0x00000000000193fd                uip_connect
                0x00000000000195ad                uip_udp_new
                0x0000000000019712                uip_unlisten
                0x0000000000019772                uip_listen
                0x00000000000199e6                uip_process
                0x000000000001bf4f                uip_htons
                0x000000000001bf71                uip_htonl
                0x000000000001bfb1                uip_send
 *fill*         0x000000000001c019        0x3 90909090
 .text          0x000000000001c01c      0x9da obj_cooja/mtype246.a(tcpip.o)
                0x000000000001c01c                tcpip_output
                0x000000000001c04b                tcpip_set_outputfunc
                0x000000000001c0df                tcp_connect
                0x000000000001c134                tcp_unlisten
                0x000000000001c1a2                tcp_listen
                0x000000000001c20e                tcp_attach
                0x000000000001c228                udp_attach
                0x000000000001c242                udp_new
                0x000000000001c294                udp_broadcast_new
                0x000000000001c52c                tcpip_input
                0x000000000001c560                tcpip_ipv6_output
                0x000000000001c827                tcpip_poll_udp
                0x000000000001c84a                tcpip_poll_tcp
                0x000000000001c86d                tcpip_uipcall
 *fill*         0x000000000001c9f6        0x2 90909090
 .text          0x000000000001c9f8      0x133 obj_cooja/mtype246.a(uip-udp-packet.)
                0x000000000001c9f8                uip_udp_packet_send
                0x000000000001ca5a                uip_udp_packet_sendto
 *fill*         0x000000000001cb2b        0x1 90909090
 .text          0x000000000001cb2c      0x5eb obj_cooja/mtype246.a(uip-icmp6.o)
                0x000000000001cb2c                uip_icmp6_echo_request_input
                0x000000000001cd1d                uip_icmp6_error_output
                0x000000000001cfff                uip_icmp6_send
 *fill*         0x000000000001d117        0x1 90909090
 .text          0x000000000001d118      0xf3a obj_cooja/mtype246.a(uip-nd6.o)
                0x000000000001d174                uip_nd6_ns_input
                0x000000000001d939                uip_nd6_ns_output
                0x000000000001dc09                uip_nd6_na_input
 *fill*         0x000000000001e052        0x2 90909090
 .text          0x000000000001e054     0x20d1 obj_cooja/mtype246.a(sicslowpan.o)
                0x00000000000200c5                sicslowpan_init
 *fill*         0x0000000000020125        0x3 90909090
 .text          0x0000000000020128      0x21b obj_cooja/mtype246.a(neighbor-info.o)
                0x000000000002022d                neighbor_info_packet_sent
                0x00000000000202a5                neighbor_info_packet_received
                0x00000000000202e1                neighbor_info_subscribe
                0x0000000000020312                neighbor_info_get_metric
 *fill*         0x0000000000020343        0x1 90909090
 .text          0x0000000000020344     0x1570 obj_cooja/mtype246.a(uip-ds6.o)
                0x0000000000020344                uip_ds6_init
                0x0000000000020552                uip_ds6_periodic
                0x00000000000208e1                uip_ds6_list_loop
                0x0000000000020987                uip_ds6_nbr_add
                0x0000000000020b53                uip_ds6_nbr_rm
                0x0000000000020b72                uip_ds6_nbr_lookup
                0x0000000000020bbf                uip_ds6_defrt_add
                0x0000000000020c64                uip_ds6_defrt_rm
                0x0000000000020c75                uip_ds6_defrt_lookup
                0x0000000000020cc2                uip_ds6_defrt_choose
                0x0000000000020d45                uip_ds6_prefix_add
                0x0000000000020e05                uip_ds6_prefix_rm
                0x0000000000020e16                uip_ds6_prefix_lookup
                0x0000000000020e69                uip_ds6_is_addr_onlink
                0x0000000000020ee0                uip_ds6_addr_add
                0x000000000002105a                uip_ds6_addr_rm
                0x00000000000210f9                uip_ds6_addr_lookup
                0x0000000000021146                uip_ds6_get_link_local
                0x00000000000211c8                uip_ds6_get_global
                0x000000000002124a                uip_ds6_maddr_add
                0x00000000000212be                uip_ds6_maddr_rm
                0x00000000000212cf                uip_ds6_maddr_lookup
                0x000000000002131c                uip_ds6_aaddr_add
                0x0000000000021390                uip_ds6_aaddr_rm
                0x00000000000213a1                uip_ds6_aaddr_lookup
                0x00000000000213ee                uip_ds6_route_lookup
                0x0000000000021489                uip_ds6_route_add
                0x0000000000021539                uip_ds6_route_rm
                0x0000000000021544                uip_ds6_route_rm_by_nexthop
                0x00000000000215ab                uip_ds6_select_src
                0x00000000000216f7                uip_ds6_set_addr_iid
                0x000000000002172e                get_match_length
                0x00000000000217af                uip_ds6_dad
                0x0000000000021830                uip_ds6_dad_failed
                0x0000000000021865                uip_ds6_compute_reachable_time
 .text          0x00000000000218b4      0x1d8 obj_cooja/mtype246.a(collect-view.o)
                0x00000000000218b4                collect_view_construct_message
 .text          0x0000000000021a8c       0x17 obj_cooja/mtype246.a(collect-view-te)
                0x0000000000021a8c                collect_view_arch_read_sensors
 *fill*         0x0000000000021aa3        0x1 90909090
 .text          0x0000000000021aa4       0x63 obj_cooja/mtype246.a(simEnvChange.o)
                0x0000000000021aa4                doActionsBeforeTick
                0x0000000000021ad5                doActionsAfterTick
 *fill*         0x0000000000021b07        0x1 90909090
 .text          0x0000000000021b08       0xbc obj_cooja/mtype246.a(cooja_mt.o)
                0x0000000000021b08                cooja_mt_init
                0x0000000000021b15                cooja_mt_remove
                0x0000000000021b22                cooja_mt_start
                0x0000000000021b4f                cooja_mt_exec
                0x0000000000021b80                cooja_mt_exit
                0x0000000000021ba2                cooja_mt_yield
 .text          0x0000000000021bc4      0x118 obj_cooja/mtype246.a(cooja_mtarch.o)
                0x0000000000021bc4                cooja_mtarch_init
                0x0000000000021bc9                cooja_mtarch_start
                0x0000000000021c47                cooja_sw
                0x0000000000021c69                cooja_mtarch_exec
                0x0000000000021c85                cooja_mtarch_remove
                0x0000000000021c8a                cooja_mtarch_yield
                0x0000000000021c94                cooja_mtarch_pstop
                0x0000000000021c99                cooja_mtarch_pstart
                0x0000000000021c9e                cooja_mtarch_stack_usage
 .text          0x0000000000021cdc       0xc2 obj_cooja/mtype246.a(rtimer-arch.o)
                0x0000000000021cdc                rtimer_arch_init
                0x0000000000021cff                rtimer_arch_schedule
                0x0000000000021d16                rtimer_arch_next
                0x0000000000021d20                rtimer_arch_pending
                0x0000000000021d2a                rtimer_arch_check
                0x0000000000021d5c                rtimer_arch_now
 *fill*         0x0000000000021d9e        0x2 90909090
 .text          0x0000000000021da0       0x19 obj_cooja/mtype246.a(watchdog.o)
                0x0000000000021da0                watchdog_init
                0x0000000000021da5                watchdog_start
                0x0000000000021daa                watchdog_periodic
                0x0000000000021daf                watchdog_stop
                0x0000000000021db4                watchdog_reboot
 *fill*         0x0000000000021db9        0x3 90909090
 .text          0x0000000000021dbc       0x76 obj_cooja/mtype246.a(beep.o)
                0x0000000000021dbc                beep_alarm
                0x0000000000021dc8                beep_beep
                0x0000000000021dd4                beep
                0x0000000000021de0                beep_down
                0x0000000000021dec                beep_on
                0x0000000000021df8                beep_off
                0x0000000000021e04                beep_spinup
                0x0000000000021e10                beep_quick
                0x0000000000021e1c                beep_long
 *fill*         0x0000000000021e32        0x2 90909090
 .text          0x0000000000021e34      0x103 obj_cooja/mtype246.a(button-sensor.o)
 *fill*         0x0000000000021f37        0x1 90909090
 .text          0x0000000000021f38       0x45 obj_cooja/mtype246.a(leds-arch.o)
                0x0000000000021f38                leds_arch_init
                0x0000000000021f44                leds_arch_get
                0x0000000000021f50                leds_arch_set
 *fill*         0x0000000000021f7d        0x3 90909090
 .text          0x0000000000021f80       0x2f obj_cooja/mtype246.a(moteid.o)
 *fill*         0x0000000000021faf        0x1 90909090
 .text          0x0000000000021fb0       0xb1 obj_cooja/mtype246.a(pir-sensor.o)
 *fill*         0x0000000000022061        0x3 90909090
 .text          0x0000000000022064      0x130 obj_cooja/mtype246.a(rs232.o)
                0x0000000000022064                rs232_init
                0x0000000000022069                rs232_set_speed
                0x0000000000022077                rs232_set_input
                0x0000000000022084                rs232_send
                0x00000000000220a7                rs232_print
                0x00000000000220c3                slip_arch_writeb
 .text          0x0000000000022194       0xb1 obj_cooja/mtype246.a(vib-sensor.o)
 *fill*         0x0000000000022245        0x3 90909090
 .text          0x0000000000022248       0x3d obj_cooja/mtype246.a(clock.o)
                0x0000000000022248                clock_init
                0x000000000002224d                clock_time
                0x0000000000022257                clock_seconds
                0x0000000000022276                clock_delay
 *fill*         0x0000000000022285        0x3 90909090
 .text          0x0000000000022288      0x15a obj_cooja/mtype246.a(log.o)
                0x0000000000022288                simlog_char
                0x00000000000222cb                simlog
                0x000000000002233b                log_message
                0x0000000000022363                log_putchar
                0x000000000002237c                log_puts
                0x00000000000223a0                log_printf
 *fill*         0x00000000000223e2        0x2 90909090
 .text          0x00000000000223e4      0x271 obj_cooja/mtype246.a(cfs-cooja.o)
                0x00000000000223e4                cfs_open
                0x000000000002242f                cfs_close
                0x000000000002243b                cfs_read
                0x00000000000224cd                cfs_write
                0x0000000000022587                cfs_seek
                0x0000000000022609                cfs_remove
                0x0000000000022632                cfs_opendir
                0x000000000002263c                cfs_readdir
                0x0000000000022646                cfs_closedir
 *fill*         0x0000000000022655        0x3 90909090
 .text          0x0000000000022658      0x33d obj_cooja/mtype246.a(cooja-radio.o)
                0x0000000000022658                radio_set_channel
                0x0000000000022665                radio_set_txpower
                0x000000000002267c                radio_signal_strength_last
                0x0000000000022686                radio_signal_strength_current
 *fill*         0x0000000000022995        0x3 90909090
 .text          0x0000000000022998      0x2a3 obj_cooja/mtype246.a(sensors.o)
                0x00000000000229d3                sensors_first
                0x00000000000229dd                sensors_next
                0x00000000000229fa                sensors_changed
                0x0000000000022a2b                sensors_find
 *fill*         0x0000000000022c3b        0x1 90909090
 .text          0x0000000000022c3c      0x288 obj_cooja/mtype246.a(leds.o)
                0x0000000000022d99                leds_init
                0x0000000000022db9                leds_blink
                0x0000000000022dfa                leds_get
                0x0000000000022e07                leds_on
                0x0000000000022e44                leds_off
                0x0000000000022e81                leds_toggle
                0x0000000000022e9b                leds_invert
 .text          0x0000000000022ec4        0x0 obj_cooja/mtype246.a(rimestats.o)
 .text          0x0000000000022ec4       0x27 obj_cooja/mtype246.a(mac.o)
                0x0000000000022ec4                mac_call_sent_callback
 *fill*         0x0000000000022eeb        0x1 90909090
 .text          0x0000000000022eec      0x3e8 obj_cooja/mtype246.a(framer-802154.o)
 .text          0x00000000000232d4      0x4c9 obj_cooja/mtype246.a(rpl.o)
                0x00000000000232d4                rpl_purge_routes
                0x000000000002333e                rpl_remove_routes
                0x000000000002337d                rpl_add_route
                0x0000000000023661                rpl_ipv6_neighbor_callback
                0x0000000000023720                rpl_init
 *fill*         0x000000000002379d        0x3 90909090
 .text          0x00000000000237a0      0x4e9 obj_cooja/mtype246.a(neighbor-attr.o)
                0x000000000002380a                neighbor_attr_list_neighbors
                0x00000000000238b3                neighbor_attr_register
                0x000000000002390d                neighbor_attr_has_neighbor
                0x0000000000023928                neighbor_attr_add_neighbor
                0x0000000000023a11                neighbor_attr_remove_neighbor
                0x0000000000023a60                neighbor_attr_get_data
                0x0000000000023aa3                neighbor_attr_set_data
                0x0000000000023b39                neighbor_attr_tick
                0x0000000000023b5e                neighbor_attr_get_timeout
                0x0000000000023c18                neighbor_attr_set_timeout
 *fill*         0x0000000000023c89        0x3 90909090
 .text          0x0000000000023c8c      0x5e4 obj_cooja/mtype246.a(frame802154.o)
                0x0000000000023d91                frame802154_hdrlen
                0x0000000000023dcb                frame802154_create
                0x0000000000023fa7                frame802154_parse
 .text          0x0000000000024270       0x38 /usr/lib/gcc/i486-linux-gnu/4.4.3/crtendS.o
 .text          0x00000000000242a8        0x0 /usr/lib/gcc/i486-linux-gnu/4.4.3/../../../../lib/crtn.o
 *(.gnu.warning)

.fini           0x00000000000242a8       0x1c
 *(.fini)
 .fini          0x00000000000242a8       0x13 /usr/lib/gcc/i486-linux-gnu/4.4.3/../../../../lib/crti.o
                0x00000000000242a8                _fini
 .fini          0x00000000000242bb        0x5 /usr/lib/gcc/i486-linux-gnu/4.4.3/crtbeginS.o
 .fini          0x00000000000242c0        0x4 /usr/lib/gcc/i486-linux-gnu/4.4.3/../../../../lib/crtn.o
                0x00000000000242c4                PROVIDE (__etext, .)
                0x00000000000242c4                PROVIDE (_etext, .)
                0x00000000000242c4                PROVIDE (etext, .)

.rodata         0x00000000000242e0      0xd1f
 *(.rodata .rodata.* .gnu.linkonce.r.*)
 .rodata        0x00000000000242e0       0xc0 udp-sender.co
                0x00000000000242f4                autostart_processes
 .rodata        0x00000000000243a0       0xf3 obj_cooja/mtype246.o
 *fill*         0x0000000000024493        0x1 00
 .rodata        0x0000000000024494       0xd2 obj_cooja/collect-common.o
 .rodata        0x0000000000024566        0x8 obj_cooja/mtype246.a(rimeaddr.o)
                0x0000000000024566                rimeaddr_null
 *fill*         0x000000000002456e        0x2 00
 .rodata        0x0000000000024570       0x24 obj_cooja/mtype246.a(csma.o)
                0x0000000000024578                csma_driver
 .rodata        0x0000000000024594      0x290 obj_cooja/mtype246.a(contikimac.o)
                0x0000000000024808                contikimac_driver
 .rodata        0x0000000000024824      0x191 obj_cooja/mtype246.a(rpl-dag.o)
 *fill*         0x00000000000249b5        0x3 00
 .rodata        0x00000000000249b8       0x40 obj_cooja/mtype246.a(rpl-icmp6.o)
 .rodata        0x00000000000249f8      0x130 obj_cooja/mtype246.a(rpl-timers.o)
 .rodata        0x0000000000024b28       0x39 obj_cooja/mtype246.a(rpl-of-fuzzy.o)
 .rodata        0x0000000000024b61        0xe obj_cooja/mtype246.a(serial-line.o)
 .rodata        0x0000000000024b6f        0xc obj_cooja/mtype246.a(etimer.o)
 .rodata        0x0000000000024b7b        0xf obj_cooja/mtype246.a(ctimer.o)
 .rodata        0x0000000000024b8a        0xd obj_cooja/mtype246.a(uip-debug.o)
 *fill*         0x0000000000024b97        0x1 00
 .rodata        0x0000000000024b98      0x1ac obj_cooja/mtype246.a(uip6.o)
 .rodata        0x0000000000024d44        0xd obj_cooja/mtype246.a(tcpip.o)
 *fill*         0x0000000000024d51        0x3 00
 .rodata        0x0000000000024d54       0x2c obj_cooja/mtype246.a(sicslowpan.o)
                0x0000000000024d54                unc_llconf
                0x0000000000024d58                unc_ctxconf
                0x0000000000024d5c                unc_mxconf
                0x0000000000024d60                llprefix
                0x0000000000024d74                sicslowpan_driver
 .rodata        0x0000000000024d80        0x8 obj_cooja/mtype246.a(beep.o)
                0x0000000000024d80                beep_interface
 .rodata        0x0000000000024d88       0x20 obj_cooja/mtype246.a(button-sensor.o)
                0x0000000000024d88                button_interface
                0x0000000000024d98                button_sensor
 .rodata        0x0000000000024da8        0x8 obj_cooja/mtype246.a(leds-arch.o)
                0x0000000000024da8                leds_interface
 .rodata        0x0000000000024db0        0x8 obj_cooja/mtype246.a(moteid.o)
                0x0000000000024db0                moteid_interface
 .rodata        0x0000000000024db8       0x1c obj_cooja/mtype246.a(pir-sensor.o)
                0x0000000000024db8                pir_interface
                0x0000000000024dc4                pir_sensor
 .rodata        0x0000000000024dd4        0xe obj_cooja/mtype246.a(rs232.o)
                0x0000000000024dd4                rs232_interface
 *fill*         0x0000000000024de2        0x2 00
 .rodata        0x0000000000024de4       0x24 obj_cooja/mtype246.a(vib-sensor.o)
                0x0000000000024de4                vib_interface
                0x0000000000024df8                vib_sensor
 .rodata        0x0000000000024e08        0x8 obj_cooja/mtype246.a(clock.o)
                0x0000000000024e08                clock_interface
 .rodata        0x0000000000024e10        0x8 obj_cooja/mtype246.a(log.o)
                0x0000000000024e10                simlog_interface
 .rodata        0x0000000000024e18       0x2f obj_cooja/mtype246.a(cfs-cooja.o)
                0x0000000000024e18                cfs_interface
 *fill*         0x0000000000024e47       0x19 00
 .rodata        0x0000000000024e60       0x48 obj_cooja/mtype246.a(cooja-radio.o)
                0x0000000000024e60                radio_interface
                0x0000000000024e80                cooja_radio_driver
 .rodata        0x0000000000024ea8        0x8 obj_cooja/mtype246.a(sensors.o)
 .rodata        0x0000000000024eb0        0xc obj_cooja/mtype246.a(framer-802154.o)
                0x0000000000024eb4                framer_802154
 .rodata        0x0000000000024ebc      0x143 obj_cooja/mtype246.a(rpl.o)

.rodata1
 *(.rodata1)

.eh_frame_hdr
 *(.eh_frame_hdr)

.eh_frame       0x0000000000025000        0x4
 *(.eh_frame)
 .eh_frame      0x0000000000025000        0x4 /usr/lib/gcc/i486-linux-gnu/4.4.3/crtendS.o

.gcc_except_table
 *(.gcc_except_table .gcc_except_table.*)
                0x0000000000025004                . = (ALIGN (0x1000) - ((0x1000 - .) & 0xfff))
                0x0000000000026f04                . = (0x1000 DATA_SEGMENT_ALIGN 0x1000)

.eh_frame
 *(.eh_frame)

.gcc_except_table
 *(.gcc_except_table .gcc_except_table.*)

.tdata
 *(.tdata .tdata.* .gnu.linkonce.td.*)

.tbss
 *(.tbss .tbss.* .gnu.linkonce.tb.*)
 *(.tcommon)

.preinit_array
 *(.preinit_array)

.init_array
 *(SORT(.init_array.*))
 *(.init_array)

.fini_array
 *(.fini_array)
 *(SORT(.fini_array.*))

.ctors          0x0000000000026f04        0x8
 *crtbegin.o(.ctors)
 *crtbegin?.o(.ctors)
 .ctors         0x0000000000026f04        0x4 /usr/lib/gcc/i486-linux-gnu/4.4.3/crtbeginS.o
 *(EXCLUDE_FILE(*crtend?.o *crtend.o) .ctors)
 *(SORT(.ctors.*))
 *(.ctors)
 .ctors         0x0000000000026f08        0x4 /usr/lib/gcc/i486-linux-gnu/4.4.3/crtendS.o

.dtors          0x0000000000026f0c        0x8
 *crtbegin.o(.dtors)
 *crtbegin?.o(.dtors)
 .dtors         0x0000000000026f0c        0x4 /usr/lib/gcc/i486-linux-gnu/4.4.3/crtbeginS.o
 *(EXCLUDE_FILE(*crtend?.o *crtend.o) .dtors)
 *(SORT(.dtors.*))
 *(.dtors)
 .dtors         0x0000000000026f10        0x4 /usr/lib/gcc/i486-linux-gnu/4.4.3/crtendS.o
                0x0000000000026f10                __DTOR_END__

.jcr            0x0000000000026f14        0x4
 *(.jcr)
 .jcr           0x0000000000026f14        0x0 /usr/lib/gcc/i486-linux-gnu/4.4.3/crtbeginS.o
 .jcr           0x0000000000026f14        0x4 /usr/lib/gcc/i486-linux-gnu/4.4.3/crtendS.o

.data.rel.ro
 *(.data.rel.ro.local* .gnu.linkonce.d.rel.ro.local.*)
 *(.data.rel.ro* .gnu.linkonce.d.rel.ro.*)

.dynamic        0x0000000000026f18       0xd0
 *(.dynamic)
 .dynamic       0x0000000000026f18       0xd0 /usr/lib/gcc/i486-linux-gnu/4.4.3/../../../../lib/crti.o
                0x0000000000026f18                _DYNAMIC

.got            0x0000000000026fe8        0xc
 *(.got)
 .got           0x0000000000026fe8        0xc /usr/lib/gcc/i486-linux-gnu/4.4.3/../../../../lib/crti.o
 *(.igot)
                0x0000000000026ff4                . = (. DATA_SEGMENT_RELRO_END 0xc)

.got.plt        0x0000000000026ff4       0x14
 *(.got.plt)
 .got.plt       0x0000000000026ff4       0x14 /usr/lib/gcc/i486-linux-gnu/4.4.3/../../../../lib/crti.o
                0x0000000000026ff4                _GLOBAL_OFFSET_TABLE_
 *(.igot.plt)

.data           0x0000000000027020      0x1d4
 *(.data .data.* .gnu.linkonce.d.*)
 .data          0x0000000000027020        0x0 /usr/lib/gcc/i486-linux-gnu/4.4.3/../../../../lib/crti.o
 .data          0x0000000000027020        0x0 /usr/lib/gcc/i486-linux-gnu/4.4.3/crtbeginS.o
 .data.rel      0x0000000000027020        0x4 /usr/lib/gcc/i486-linux-gnu/4.4.3/crtbeginS.o
                0x0000000000027020                __dso_handle
 .data          0x0000000000027024       0x10 udp-sender.co
                0x0000000000027024                udp_client_process
 *fill*         0x0000000000027034        0xc 00
 .data          0x0000000000027040       0x60 obj_cooja/mtype246.o
                0x0000000000027040                procinit
                0x0000000000027060                simInterfaces
                0x0000000000027090                sensors
 .data          0x00000000000270a0       0x14 obj_cooja/collect-common.o
                0x00000000000270a4                collect_common_process
 .data          0x00000000000270b4        0x0 obj_cooja/mtype246.a(rimeaddr.o)
 .data          0x00000000000270b4       0x10 obj_cooja/mtype246.a(csma.o)
 .data          0x00000000000270c4       0x18 obj_cooja/mtype246.a(contikimac.o)
                0x00000000000270d4                phase_list
 .data          0x00000000000270dc        0xc obj_cooja/mtype246.a(phase.o)
 .data          0x00000000000270e8       0x1c obj_cooja/mtype246.a(rpl-dag.o)
 .data          0x0000000000027104        0xc obj_cooja/mtype246.a(rpl-icmp6.o)
 .data          0x0000000000027110        0x0 obj_cooja/mtype246.a(rpl-timers.o)
 .data          0x0000000000027110       0x2c obj_cooja/mtype246.a(rpl-of-fuzzy.o)
                0x000000000002711c                rpl_of_fuzzy
 .data          0x000000000002713c        0x0 obj_cooja/mtype246.a(fuzzify.o)
 .data          0x000000000002713c        0x0 obj_cooja/mtype246.a(qos.o)
 .data          0x000000000002713c        0x0 obj_cooja/mtype246.a(quality.o)
 .data          0x000000000002713c        0x0 obj_cooja/mtype246.a(process.o)
 .data          0x000000000002713c        0x0 obj_cooja/mtype246.a(procinit.o)
 .data          0x000000000002713c        0x0 obj_cooja/mtype246.a(autostart.o)
 .data          0x000000000002713c        0x0 obj_cooja/mtype246.a(compower.o)
 .data          0x000000000002713c       0x10 obj_cooja/mtype246.a(serial-line.o)
                0x000000000002713c                serial_line_process
 .data          0x000000000002714c        0x0 obj_cooja/mtype246.a(memb.o)
 .data          0x000000000002714c        0x0 obj_cooja/mtype246.a(timer.o)
 .data          0x000000000002714c        0x0 obj_cooja/mtype246.a(list.o)
 .data          0x000000000002714c       0x10 obj_cooja/mtype246.a(etimer.o)
                0x000000000002714c                etimer_process
 .data          0x000000000002715c       0x14 obj_cooja/mtype246.a(ctimer.o)
                0x0000000000027160                ctimer_process
 .data          0x0000000000027170        0x0 obj_cooja/mtype246.a(energest.o)
 .data          0x0000000000027170        0x0 obj_cooja/mtype246.a(rtimer.o)
 .data          0x0000000000027170        0x0 obj_cooja/mtype246.a(stimer.o)
 .data          0x0000000000027170        0x0 obj_cooja/mtype246.a(random.o)
 .data          0x0000000000027170        0x0 obj_cooja/mtype246.a(ringbuf.o)
 .data          0x0000000000027170        0x0 obj_cooja/mtype246.a(netstack.o)
 .data          0x0000000000027170        0x0 obj_cooja/mtype246.a(uip-debug.o)
 .data          0x0000000000027170        0x4 obj_cooja/mtype246.a(packetbuf.o)
 .data          0x0000000000027174       0x18 obj_cooja/mtype246.a(queuebuf.o)
 .data          0x000000000002718c        0x0 obj_cooja/mtype246.a(uip6.o)
 .data          0x000000000002718c       0x10 obj_cooja/mtype246.a(tcpip.o)
                0x000000000002718c                tcpip_process
 .data          0x000000000002719c        0x0 obj_cooja/mtype246.a(uip-udp-packet.)
 .data          0x000000000002719c        0x0 obj_cooja/mtype246.a(uip-icmp6.o)
 .data          0x000000000002719c        0x0 obj_cooja/mtype246.a(uip-nd6.o)
 .data          0x000000000002719c        0x0 obj_cooja/mtype246.a(sicslowpan.o)
 .data          0x000000000002719c       0x10 obj_cooja/mtype246.a(neighbor-info.o)
 .data          0x00000000000271ac        0x0 obj_cooja/mtype246.a(uip-ds6.o)
 .data          0x00000000000271ac        0x0 obj_cooja/mtype246.a(collect-view.o)
 .data          0x00000000000271ac        0x0 obj_cooja/mtype246.a(collect-view-te)
 .data          0x00000000000271ac        0x0 obj_cooja/mtype246.a(simEnvChange.o)
 .data          0x00000000000271ac        0x0 obj_cooja/mtype246.a(cooja_mt.o)
 .data          0x00000000000271ac        0x0 obj_cooja/mtype246.a(cooja_mtarch.o)
 .data          0x00000000000271ac        0x0 obj_cooja/mtype246.a(rtimer-arch.o)
 .data          0x00000000000271ac        0x0 obj_cooja/mtype246.a(watchdog.o)
 .data          0x00000000000271ac        0x0 obj_cooja/mtype246.a(beep.o)
 .data          0x00000000000271ac        0x0 obj_cooja/mtype246.a(button-sensor.o)
 .data          0x00000000000271ac        0x0 obj_cooja/mtype246.a(leds-arch.o)
 .data          0x00000000000271ac        0x0 obj_cooja/mtype246.a(moteid.o)
 .data          0x00000000000271ac        0x0 obj_cooja/mtype246.a(pir-sensor.o)
 .data          0x00000000000271ac        0x0 obj_cooja/mtype246.a(rs232.o)
 .data          0x00000000000271ac        0x0 obj_cooja/mtype246.a(vib-sensor.o)
 .data          0x00000000000271ac        0x0 obj_cooja/mtype246.a(clock.o)
 .data          0x00000000000271ac        0x0 obj_cooja/mtype246.a(log.o)
 .data          0x00000000000271ac        0x0 obj_cooja/mtype246.a(cfs-cooja.o)
 .data          0x00000000000271ac       0x24 obj_cooja/mtype246.a(cooja-radio.o)
                0x00000000000271ac                simRadioHWOn
                0x00000000000271b0                simSignalStrength
                0x00000000000271b4                simLastSignalStrength
                0x00000000000271b8                simPower
                0x00000000000271bc                simRadioChannel
                0x00000000000271c0                cooja_radio_process
 .data          0x00000000000271d0       0x10 obj_cooja/mtype246.a(sensors.o)
                0x00000000000271d0                sensors_process
 .data          0x00000000000271e0        0x0 obj_cooja/mtype246.a(leds.o)
 .data          0x00000000000271e0        0x0 obj_cooja/mtype246.a(rimestats.o)
 .data          0x00000000000271e0        0x0 obj_cooja/mtype246.a(mac.o)
 .data          0x00000000000271e0        0x0 obj_cooja/mtype246.a(framer-802154.o)
 .data          0x00000000000271e0        0x0 obj_cooja/mtype246.a(rpl.o)
 .data          0x00000000000271e0       0x14 obj_cooja/mtype246.a(neighbor-attr.o)
 .data          0x00000000000271f4        0x0 obj_cooja/mtype246.a(frame802154.o)
 .data          0x00000000000271f4        0x0 /usr/lib/gcc/i486-linux-gnu/4.4.3/crtendS.o
 .data          0x00000000000271f4        0x0 /usr/lib/gcc/i486-linux-gnu/4.4.3/../../../../lib/crtn.o

.data1
 *(.data1)
                0x00000000000271f4                _edata = .
                0x00000000000271f4                PROVIDE (edata, .)
                0x00000000000271f4                __bss_start = .

.bss            0x0000000000027200     0x7e48
 *(.dynbss)
 .dynbss        0x0000000000000000        0x0 /usr/lib/gcc/i486-linux-gnu/4.4.3/../../../../lib/crti.o
 *(.bss .bss.* .gnu.linkonce.b.*)
 .bss           0x0000000000027200        0x0 /usr/lib/gcc/i486-linux-gnu/4.4.3/../../../../lib/crti.o
 .bss           0x0000000000027200        0x8 /usr/lib/gcc/i486-linux-gnu/4.4.3/crtbeginS.o
 .bss           0x0000000000027208       0x15 udp-sender.co
 *fill*         0x000000000002721d        0x3 00
 .bss           0x0000000000027220     0x2030 obj_cooja/mtype246.o
 .bss           0x0000000000029250       0x24 obj_cooja/collect-common.o
 .bss           0x0000000000029274        0x0 obj_cooja/mtype246.a(rimeaddr.o)
 *fill*         0x0000000000029274        0xc 00
 .bss           0x0000000000029280       0xc4 obj_cooja/mtype246.a(csma.o)
 *fill*         0x0000000000029344       0x1c 00
 .bss           0x0000000000029360      0x442 obj_cooja/mtype246.a(contikimac.o)
 *fill*         0x00000000000297a2       0x1e 00
 .bss           0x00000000000297c0      0x180 obj_cooja/mtype246.a(phase.o)
 .bss           0x0000000000029940      0x6e4 obj_cooja/mtype246.a(rpl-dag.o)
 *fill*         0x000000000002a024       0x1c 00
 .bss           0x000000000002a040       0x8c obj_cooja/mtype246.a(rpl-icmp6.o)
 *fill*         0x000000000002a0cc       0x14 00
 .bss           0x000000000002a0e0       0x60 obj_cooja/mtype246.a(rpl-timers.o)
 .bss           0x000000000002a140       0xa0 obj_cooja/mtype246.a(rpl-of-fuzzy.o)
 .bss           0x000000000002a1e0        0x0 obj_cooja/mtype246.a(fuzzify.o)
 .bss           0x000000000002a1e0        0x0 obj_cooja/mtype246.a(qos.o)
 .bss           0x000000000002a1e0        0x0 obj_cooja/mtype246.a(quality.o)
 .bss           0x000000000002a1e0      0x1b0 obj_cooja/mtype246.a(process.o)
                0x000000000002a1e0                process_list
                0x000000000002a1e4                process_current
 .bss           0x000000000002a390        0x0 obj_cooja/mtype246.a(procinit.o)
 .bss           0x000000000002a390        0x0 obj_cooja/mtype246.a(autostart.o)
 .bss           0x000000000002a390        0x8 obj_cooja/mtype246.a(compower.o)
 *fill*         0x000000000002a398        0x8 00
 .bss           0x000000000002a3a0      0x141 obj_cooja/mtype246.a(serial-line.o)
 *fill*         0x000000000002a4e1        0x3 00
 .bss           0x000000000002a4e4        0x0 obj_cooja/mtype246.a(memb.o)
 .bss           0x000000000002a4e4        0x0 obj_cooja/mtype246.a(timer.o)
 .bss           0x000000000002a4e4        0x0 obj_cooja/mtype246.a(list.o)
 .bss           0x000000000002a4e4        0x8 obj_cooja/mtype246.a(etimer.o)
 .bss           0x000000000002a4ec        0x5 obj_cooja/mtype246.a(ctimer.o)
 *fill*         0x000000000002a4f1        0x3 00
 .bss           0x000000000002a4f4        0x0 obj_cooja/mtype246.a(energest.o)
 .bss           0x000000000002a4f4        0x4 obj_cooja/mtype246.a(rtimer.o)
 .bss           0x000000000002a4f8        0x0 obj_cooja/mtype246.a(stimer.o)
 .bss           0x000000000002a4f8        0x0 obj_cooja/mtype246.a(random.o)
 .bss           0x000000000002a4f8        0x0 obj_cooja/mtype246.a(ringbuf.o)
 .bss           0x000000000002a4f8        0x0 obj_cooja/mtype246.a(netstack.o)
 .bss           0x000000000002a4f8        0x0 obj_cooja/mtype246.a(uip-debug.o)
 *fill*         0x000000000002a4f8        0x8 00
 .bss           0x000000000002a500       0xd8 obj_cooja/mtype246.a(packetbuf.o)
 *fill*         0x000000000002a5d8        0x8 00
 .bss           0x000000000002a5e0      0xdd8 obj_cooja/mtype246.a(queuebuf.o)
 .bss           0x000000000002b3b8        0xe obj_cooja/mtype246.a(uip6.o)
                0x000000000002b3b8                uip_ext_bitmap
                0x000000000002b3b9                uip_ext_len
                0x000000000002b3ba                uip_ext_opt_offset
 *fill*         0x000000000002b3c6       0x1a 00
 .bss           0x000000000002b3e0      0x16d obj_cooja/mtype246.a(tcpip.o)
 *fill*         0x000000000002b54d        0x3 00
 .bss           0x000000000002b550        0x0 obj_cooja/mtype246.a(uip-udp-packet.)
 .bss           0x000000000002b550       0x10 obj_cooja/mtype246.a(uip-icmp6.o)
 .bss           0x000000000002b560       0x14 obj_cooja/mtype246.a(uip-nd6.o)
 *fill*         0x000000000002b574        0xc 00
 .bss           0x000000000002b580      0x13c obj_cooja/mtype246.a(sicslowpan.o)
 .bss           0x000000000002b6bc       0x10 obj_cooja/mtype246.a(neighbor-info.o)
 .bss           0x000000000002b6cc       0x30 obj_cooja/mtype246.a(uip-ds6.o)
 .bss           0x000000000002b6fc       0x10 obj_cooja/mtype246.a(collect-view.o)
 .bss           0x000000000002b70c        0x0 obj_cooja/mtype246.a(collect-view-te)
 .bss           0x000000000002b70c        0x1 obj_cooja/mtype246.a(simEnvChange.o)
                0x000000000002b70c                simDontFallAsleep
 *fill*         0x000000000002b70d        0x3 00
 .bss           0x000000000002b710        0x4 obj_cooja/mtype246.a(cooja_mt.o)
 .bss           0x000000000002b714        0x4 obj_cooja/mtype246.a(cooja_mtarch.o)
 .bss           0x000000000002b718        0xc obj_cooja/mtype246.a(rtimer-arch.o)
 .bss           0x000000000002b724        0x0 obj_cooja/mtype246.a(watchdog.o)
 .bss           0x000000000002b724        0x0 obj_cooja/mtype246.a(beep.o)
 .bss           0x000000000002b724        0x8 obj_cooja/mtype246.a(button-sensor.o)
 .bss           0x000000000002b72c        0x0 obj_cooja/mtype246.a(leds-arch.o)
 .bss           0x000000000002b72c        0x0 obj_cooja/mtype246.a(moteid.o)
 .bss           0x000000000002b72c        0x1 obj_cooja/mtype246.a(pir-sensor.o)
                0x000000000002b72c                simPirValue
 *fill*         0x000000000002b72d        0x3 00
 .bss           0x000000000002b730        0x4 obj_cooja/mtype246.a(rs232.o)
 .bss           0x000000000002b734        0x1 obj_cooja/mtype246.a(vib-sensor.o)
                0x000000000002b734                simVibValue
 *fill*         0x000000000002b735        0x3 00
 .bss           0x000000000002b738        0x0 obj_cooja/mtype246.a(clock.o)
 *fill*         0x000000000002b738        0x8 00
 .bss           0x000000000002b740      0x400 obj_cooja/mtype246.a(log.o)
 .bss           0x000000000002bb40      0xfbc obj_cooja/mtype246.a(cfs-cooja.o)
                0x000000000002bb40                simCFSData
                0x000000000002cae0                simCFSChanged
                0x000000000002cae4                simCFSRead
                0x000000000002cae8                simCFSWritten
 .bss           0x000000000002cafc       0x10 obj_cooja/mtype246.a(cooja-radio.o)
                0x000000000002cafc                simReceiving
                0x000000000002cb00                simInSize
                0x000000000002cb04                simOutSize
 .bss           0x000000000002cb0c        0xc obj_cooja/mtype246.a(sensors.o)
 .bss           0x000000000002cb18        0x2 obj_cooja/mtype246.a(leds.o)
 *fill*         0x000000000002cb1a        0x2 00
 .bss           0x000000000002cb1c        0x0 obj_cooja/mtype246.a(rimestats.o)
 .bss           0x000000000002cb1c        0x0 obj_cooja/mtype246.a(mac.o)
 .bss           0x000000000002cb1c        0x2 obj_cooja/mtype246.a(framer-802154.o)
 *fill*         0x000000000002cb1e        0x2 00
 .bss           0x000000000002cb20        0x0 obj_cooja/mtype246.a(rpl.o)
 .bss           0x000000000002cb20      0x120 obj_cooja/mtype246.a(neighbor-attr.o)
 .bss           0x000000000002cc40        0x0 obj_cooja/mtype246.a(frame802154.o)
 .bss           0x000000000002cc40        0x0 /usr/lib/gcc/i486-linux-gnu/4.4.3/crtendS.o
 .bss           0x000000000002cc40        0x0 /usr/lib/gcc/i486-linux-gnu/4.4.3/../../../../lib/crtn.o
 *(COMMON)
 COMMON         0x000000000002cc40        0x8 obj_cooja/mtype246.o
                0x000000000002cc40                sensors_flags
                0x000000000002cc44                referenceVar
 COMMON         0x000000000002cc48        0x8 obj_cooja/mtype246.a(rimeaddr.o)
                0x000000000002cc48                rimeaddr_node_addr
 COMMON         0x000000000002cc50        0x4 obj_cooja/mtype246.a(rpl-of-fuzzy.o)
                0x000000000002cc50                list_metric
 COMMON         0x000000000002cc54        0x8 obj_cooja/mtype246.a(compower.o)
                0x000000000002cc54                compower_idle_activity
 COMMON         0x000000000002cc5c        0x1 obj_cooja/mtype246.a(serial-line.o)
                0x000000000002cc5c                serial_line_event_message
 *fill*         0x000000000002cc5d        0x3 00
 COMMON         0x000000000002cc60       0x70 obj_cooja/mtype246.a(energest.o)
                0x000000000002cc60                energest_current_time
                0x000000000002cc90                energest_current_mode
                0x000000000002cc9c                energest_total_count
                0x000000000002cca0                energest_total_time
 *fill*         0x000000000002ccd0       0x10 00
 COMMON         0x000000000002cce0       0x60 obj_cooja/mtype246.a(packetbuf.o)
                0x000000000002cce0                packetbuf_attrs
                0x000000000002cd20                packetbuf_addrs
 COMMON         0x000000000002cd40      0xab5 obj_cooja/mtype246.a(uip6.o)
                0x000000000002cd40                uip_acc32
                0x000000000002cd44                uip_next_hdr
                0x000000000002cd48                uip_lladdr
                0x000000000002cd60                uip_conns
                0x000000000002d4e0                uip_slen
                0x000000000002d4e4                uip_appdata
                0x000000000002d4e8                uip_len
                0x000000000002d500                uip_listenports
                0x000000000002d550                uip_sappdata
                0x000000000002d560                uip_udp_conns
                0x000000000002d6e0                uip_udp_conn
                0x000000000002d700                uip_aligned_buf
                0x000000000002d7f0                uip_conn
                0x000000000002d7f4                uip_flags
 COMMON         0x000000000002d7f5        0x1 obj_cooja/mtype246.a(tcpip.o)
                0x000000000002d7f5                tcpip_event
 *fill*         0x000000000002d7f6        0x2 00
 COMMON         0x000000000002d7f8        0xc obj_cooja/mtype246.a(sicslowpan.o)
                0x000000000002d7f8                sicslowpan_mac
                0x000000000002d7fc                frag_sender
 *fill*         0x000000000002d804       0x1c 00
 COMMON         0x000000000002d820      0xe38 obj_cooja/mtype246.a(uip-ds6.o)
                0x000000000002d820                uip_ds6_timer_periodic
                0x000000000002d840                uip_ds6_nbr_cache
                0x000000000002de60                uip_ds6_prefix_list
                0x000000000002dec0                uip_ds6_defrt_list
                0x000000000002df00                uip_ds6_timer_ra
                0x000000000002df20                uip_ds6_if
                0x000000000002e040                uip_ds6_routing_table
 COMMON         0x000000000002e658        0xc obj_cooja/mtype246.a(simEnvChange.o)
                0x000000000002e658                simProcessRunValue
                0x000000000002e65c                simNextExpirationTime
                0x000000000002e660                simEtimerPending
 COMMON         0x000000000002e664        0x1 obj_cooja/mtype246.a(beep.o)
                0x000000000002e664                simBeeped
 COMMON         0x000000000002e665        0x3 obj_cooja/mtype246.a(button-sensor.o)
                0x000000000002e665                simButtonChanged
                0x000000000002e666                simButtonIsActive
                0x000000000002e667                simButtonIsDown
 COMMON         0x000000000002e668        0x1 obj_cooja/mtype246.a(leds-arch.o)
                0x000000000002e668                simLedsValue
 *fill*         0x000000000002e669        0x3 00
 COMMON         0x000000000002e66c        0xc obj_cooja/mtype246.a(moteid.o)
                0x000000000002e66c                simMoteID
                0x000000000002e670                simMoteIDChanged
                0x000000000002e674                simRandomSeed
 COMMON         0x000000000002e678        0x2 obj_cooja/mtype246.a(pir-sensor.o)
                0x000000000002e678                simPirChanged
                0x000000000002e679                simPirIsActive
 *fill*         0x000000000002e67a        0x6 00
 COMMON         0x000000000002e680      0x424 obj_cooja/mtype246.a(rs232.o)
                0x000000000002e680                simSerialReceivingFlag
                0x000000000002e6a0                simSerialReceivingData
                0x000000000002eaa0                simSerialReceivingLength
 COMMON         0x000000000002eaa4        0x2 obj_cooja/mtype246.a(vib-sensor.o)
                0x000000000002eaa4                simVibIsActive
                0x000000000002eaa5                simVibChanged
 *fill*         0x000000000002eaa6        0x2 00
 COMMON         0x000000000002eaa8        0x4 obj_cooja/mtype246.a(clock.o)
                0x000000000002eaa8                simCurrentTime
 *fill*         0x000000000002eaac       0x14 00
 COMMON         0x000000000002eac0      0x408 obj_cooja/mtype246.a(log.o)
                0x000000000002eac0                simLoggedData
                0x000000000002eec0                simLoggedFlag
                0x000000000002eec4                simLoggedLength
 *fill*         0x000000000002eec8       0x18 00
 COMMON         0x000000000002eee0      0x100 obj_cooja/mtype246.a(cooja-radio.o)
                0x000000000002eee0                simInDataBuffer
                0x000000000002ef60                simOutDataBuffer
 COMMON         0x000000000002efe0        0x1 obj_cooja/mtype246.a(sensors.o)
                0x000000000002efe0                sensors_event
 *fill*         0x000000000002efe1       0x1f 00
 COMMON         0x000000000002f000       0x48 obj_cooja/mtype246.a(rimestats.o)
                0x000000000002f000                rimestats
                0x000000000002f048                . = ALIGN ((. != 0x0)?0x4:0x1)
                0x000000000002f048                . = ALIGN (0x4)
                0x000000000002f048                . = ALIGN (0x4)
                0x000000000002f048                _end = .
                0x000000000002f048                PROVIDE (end, .)
                0x000000000002f048                . = DATA_SEGMENT_END (.)

.stab
 *(.stab)

.stabstr
 *(.stabstr)

.stab.excl
 *(.stab.excl)

.stab.exclstr
 *(.stab.exclstr)

.stab.index
 *(.stab.index)

.stab.indexstr
 *(.stab.indexstr)

.comment        0x0000000000000000       0x23
 *(.comment)
 .comment       0x0000000000000000       0x23 /usr/lib/gcc/i486-linux-gnu/4.4.3/crtbeginS.o
                                         0x24 (size before relaxing)
 .comment       0x0000000000000000       0x24 udp-sender.co
 .comment       0x0000000000000000       0x24 obj_cooja/mtype246.o
 .comment       0x0000000000000000       0x24 obj_cooja/collect-common.o
 .comment       0x0000000000000000       0x24 obj_cooja/mtype246.a(rimeaddr.o)
 .comment       0x0000000000000000       0x24 obj_cooja/mtype246.a(csma.o)
 .comment       0x0000000000000000       0x24 obj_cooja/mtype246.a(contikimac.o)
 .comment       0x0000000000000000       0x24 obj_cooja/mtype246.a(phase.o)
 .comment       0x0000000000000000       0x24 obj_cooja/mtype246.a(rpl-dag.o)
 .comment       0x0000000000000000       0x24 obj_cooja/mtype246.a(rpl-icmp6.o)
 .comment       0x0000000000000000       0x24 obj_cooja/mtype246.a(rpl-timers.o)
 .comment       0x0000000000000000       0x24 obj_cooja/mtype246.a(rpl-of-fuzzy.o)
 .comment       0x0000000000000000       0x24 obj_cooja/mtype246.a(fuzzify.o)
 .comment       0x0000000000000000       0x24 obj_cooja/mtype246.a(qos.o)
 .comment       0x0000000000000000       0x24 obj_cooja/mtype246.a(quality.o)
 .comment       0x0000000000000000       0x24 obj_cooja/mtype246.a(process.o)
 .comment       0x0000000000000000       0x24 obj_cooja/mtype246.a(procinit.o)
 .comment       0x0000000000000000       0x24 obj_cooja/mtype246.a(autostart.o)
 .comment       0x0000000000000000       0x24 obj_cooja/mtype246.a(compower.o)
 .comment       0x0000000000000000       0x24 obj_cooja/mtype246.a(serial-line.o)
 .comment       0x0000000000000000       0x24 obj_cooja/mtype246.a(memb.o)
 .comment       0x0000000000000000       0x24 obj_cooja/mtype246.a(timer.o)
 .comment       0x0000000000000000       0x24 obj_cooja/mtype246.a(list.o)
 .comment       0x0000000000000000       0x24 obj_cooja/mtype246.a(etimer.o)
 .comment       0x0000000000000000       0x24 obj_cooja/mtype246.a(ctimer.o)
 .comment       0x0000000000000000       0x24 obj_cooja/mtype246.a(energest.o)
 .comment       0x0000000000000000       0x24 obj_cooja/mtype246.a(rtimer.o)
 .comment       0x0000000000000000       0x24 obj_cooja/mtype246.a(stimer.o)
 .comment       0x0000000000000000       0x24 obj_cooja/mtype246.a(random.o)
 .comment       0x0000000000000000       0x24 obj_cooja/mtype246.a(ringbuf.o)
 .comment       0x0000000000000000       0x24 obj_cooja/mtype246.a(netstack.o)
 .comment       0x0000000000000000       0x24 obj_cooja/mtype246.a(uip-debug.o)
 .comment       0x0000000000000000       0x24 obj_cooja/mtype246.a(packetbuf.o)
 .comment       0x0000000000000000       0x24 obj_cooja/mtype246.a(queuebuf.o)
 .comment       0x0000000000000000       0x24 obj_cooja/mtype246.a(uip6.o)
 .comment       0x0000000000000000       0x24 obj_cooja/mtype246.a(tcpip.o)
 .comment       0x0000000000000000       0x24 obj_cooja/mtype246.a(uip-udp-packet.)
 .comment       0x0000000000000000       0x24 obj_cooja/mtype246.a(uip-icmp6.o)
 .comment       0x0000000000000000       0x24 obj_cooja/mtype246.a(uip-nd6.o)
 .comment       0x0000000000000000       0x24 obj_cooja/mtype246.a(sicslowpan.o)
 .comment       0x0000000000000000       0x24 obj_cooja/mtype246.a(neighbor-info.o)
 .comment       0x0000000000000000       0x24 obj_cooja/mtype246.a(uip-ds6.o)
 .comment       0x0000000000000000       0x24 obj_cooja/mtype246.a(collect-view.o)
 .comment       0x0000000000000000       0x24 obj_cooja/mtype246.a(collect-view-te)
 .comment       0x0000000000000000       0x24 obj_cooja/mtype246.a(simEnvChange.o)
 .comment       0x0000000000000000       0x24 obj_cooja/mtype246.a(cooja_mt.o)
 .comment       0x0000000000000000       0x24 obj_cooja/mtype246.a(cooja_mtarch.o)
 .comment       0x0000000000000000       0x24 obj_cooja/mtype246.a(rtimer-arch.o)
 .comment       0x0000000000000000       0x24 obj_cooja/mtype246.a(watchdog.o)
 .comment       0x0000000000000000       0x24 obj_cooja/mtype246.a(beep.o)
 .comment       0x0000000000000000       0x24 obj_cooja/mtype246.a(button-sensor.o)
 .comment       0x0000000000000000       0x24 obj_cooja/mtype246.a(leds-arch.o)
 .comment       0x0000000000000000       0x24 obj_cooja/mtype246.a(moteid.o)
 .comment       0x0000000000000000       0x24 obj_cooja/mtype246.a(pir-sensor.o)
 .comment       0x0000000000000000       0x24 obj_cooja/mtype246.a(rs232.o)
 .comment       0x0000000000000000       0x24 obj_cooja/mtype246.a(vib-sensor.o)
 .comment       0x0000000000000000       0x24 obj_cooja/mtype246.a(clock.o)
 .comment       0x0000000000000000       0x24 obj_cooja/mtype246.a(log.o)
 .comment       0x0000000000000000       0x24 obj_cooja/mtype246.a(cfs-cooja.o)
 .comment       0x0000000000000000       0x24 obj_cooja/mtype246.a(cooja-radio.o)
 .comment       0x0000000000000000       0x24 obj_cooja/mtype246.a(sensors.o)
 .comment       0x0000000000000000       0x24 obj_cooja/mtype246.a(leds.o)
 .comment       0x0000000000000000       0x24 obj_cooja/mtype246.a(rimestats.o)
 .comment       0x0000000000000000       0x24 obj_cooja/mtype246.a(mac.o)
 .comment       0x0000000000000000       0x24 obj_cooja/mtype246.a(framer-802154.o)
 .comment       0x0000000000000000       0x24 obj_cooja/mtype246.a(rpl.o)
 .comment       0x0000000000000000       0x24 obj_cooja/mtype246.a(neighbor-attr.o)
 .comment       0x0000000000000000       0x24 obj_cooja/mtype246.a(frame802154.o)
 .comment       0x0000000000000000       0x24 /usr/lib/gcc/i486-linux-gnu/4.4.3/crtendS.o

.debug
 *(.debug)

.line
 *(.line)

.debug_srcinfo
 *(.debug_srcinfo)

.debug_sfnames
 *(.debug_sfnames)

.debug_aranges  0x0000000000000000      0x840
 *(.debug_aranges)
 .debug_aranges
                0x0000000000000000       0x20 udp-sender.co
 .debug_aranges
                0x0000000000000020       0x20 obj_cooja/mtype246.o
 .debug_aranges
                0x0000000000000040       0x20 obj_cooja/collect-common.o
 .debug_aranges
                0x0000000000000060       0x20 obj_cooja/mtype246.a(rimeaddr.o)
 .debug_aranges
                0x0000000000000080       0x20 obj_cooja/mtype246.a(csma.o)
 .debug_aranges
                0x00000000000000a0       0x20 obj_cooja/mtype246.a(contikimac.o)
 .debug_aranges
                0x00000000000000c0       0x20 obj_cooja/mtype246.a(phase.o)
 .debug_aranges
                0x00000000000000e0       0x20 obj_cooja/mtype246.a(rpl-dag.o)
 .debug_aranges
                0x0000000000000100       0x20 obj_cooja/mtype246.a(rpl-icmp6.o)
 .debug_aranges
                0x0000000000000120       0x20 obj_cooja/mtype246.a(rpl-timers.o)
 .debug_aranges
                0x0000000000000140       0x20 obj_cooja/mtype246.a(rpl-of-fuzzy.o)
 .debug_aranges
                0x0000000000000160       0x20 obj_cooja/mtype246.a(fuzzify.o)
 .debug_aranges
                0x0000000000000180       0x20 obj_cooja/mtype246.a(qos.o)
 .debug_aranges
                0x00000000000001a0       0x20 obj_cooja/mtype246.a(quality.o)
 .debug_aranges
                0x00000000000001c0       0x20 obj_cooja/mtype246.a(process.o)
 .debug_aranges
                0x00000000000001e0       0x20 obj_cooja/mtype246.a(procinit.o)
 .debug_aranges
                0x0000000000000200       0x20 obj_cooja/mtype246.a(autostart.o)
 .debug_aranges
                0x0000000000000220       0x20 obj_cooja/mtype246.a(compower.o)
 .debug_aranges
                0x0000000000000240       0x20 obj_cooja/mtype246.a(serial-line.o)
 .debug_aranges
                0x0000000000000260       0x20 obj_cooja/mtype246.a(memb.o)
 .debug_aranges
                0x0000000000000280       0x20 obj_cooja/mtype246.a(timer.o)
 .debug_aranges
                0x00000000000002a0       0x20 obj_cooja/mtype246.a(list.o)
 .debug_aranges
                0x00000000000002c0       0x20 obj_cooja/mtype246.a(etimer.o)
 .debug_aranges
                0x00000000000002e0       0x20 obj_cooja/mtype246.a(ctimer.o)
 .debug_aranges
                0x0000000000000300       0x20 obj_cooja/mtype246.a(energest.o)
 .debug_aranges
                0x0000000000000320       0x20 obj_cooja/mtype246.a(rtimer.o)
 .debug_aranges
                0x0000000000000340       0x20 obj_cooja/mtype246.a(stimer.o)
 .debug_aranges
                0x0000000000000360       0x20 obj_cooja/mtype246.a(random.o)
 .debug_aranges
                0x0000000000000380       0x20 obj_cooja/mtype246.a(ringbuf.o)
 .debug_aranges
                0x00000000000003a0       0x20 obj_cooja/mtype246.a(netstack.o)
 .debug_aranges
                0x00000000000003c0       0x20 obj_cooja/mtype246.a(uip-debug.o)
 .debug_aranges
                0x00000000000003e0       0x20 obj_cooja/mtype246.a(packetbuf.o)
 .debug_aranges
                0x0000000000000400       0x20 obj_cooja/mtype246.a(queuebuf.o)
 .debug_aranges
                0x0000000000000420       0x20 obj_cooja/mtype246.a(uip6.o)
 .debug_aranges
                0x0000000000000440       0x20 obj_cooja/mtype246.a(tcpip.o)
 .debug_aranges
                0x0000000000000460       0x20 obj_cooja/mtype246.a(uip-udp-packet.)
 .debug_aranges
                0x0000000000000480       0x20 obj_cooja/mtype246.a(uip-icmp6.o)
 .debug_aranges
                0x00000000000004a0       0x20 obj_cooja/mtype246.a(uip-nd6.o)
 .debug_aranges
                0x00000000000004c0       0x20 obj_cooja/mtype246.a(sicslowpan.o)
 .debug_aranges
                0x00000000000004e0       0x20 obj_cooja/mtype246.a(neighbor-info.o)
 .debug_aranges
                0x0000000000000500       0x20 obj_cooja/mtype246.a(uip-ds6.o)
 .debug_aranges
                0x0000000000000520       0x20 obj_cooja/mtype246.a(collect-view.o)
 .debug_aranges
                0x0000000000000540       0x20 obj_cooja/mtype246.a(collect-view-te)
 .debug_aranges
                0x0000000000000560       0x20 obj_cooja/mtype246.a(simEnvChange.o)
 .debug_aranges
                0x0000000000000580       0x20 obj_cooja/mtype246.a(cooja_mt.o)
 .debug_aranges
                0x00000000000005a0       0x20 obj_cooja/mtype246.a(cooja_mtarch.o)
 .debug_aranges
                0x00000000000005c0       0x20 obj_cooja/mtype246.a(rtimer-arch.o)
 .debug_aranges
                0x00000000000005e0       0x20 obj_cooja/mtype246.a(watchdog.o)
 .debug_aranges
                0x0000000000000600       0x20 obj_cooja/mtype246.a(beep.o)
 .debug_aranges
                0x0000000000000620       0x20 obj_cooja/mtype246.a(button-sensor.o)
 .debug_aranges
                0x0000000000000640       0x20 obj_cooja/mtype246.a(leds-arch.o)
 .debug_aranges
                0x0000000000000660       0x20 obj_cooja/mtype246.a(moteid.o)
 .debug_aranges
                0x0000000000000680       0x20 obj_cooja/mtype246.a(pir-sensor.o)
 .debug_aranges
                0x00000000000006a0       0x20 obj_cooja/mtype246.a(rs232.o)
 .debug_aranges
                0x00000000000006c0       0x20 obj_cooja/mtype246.a(vib-sensor.o)
 .debug_aranges
                0x00000000000006e0       0x20 obj_cooja/mtype246.a(clock.o)
 .debug_aranges
                0x0000000000000700       0x20 obj_cooja/mtype246.a(log.o)
 .debug_aranges
                0x0000000000000720       0x20 obj_cooja/mtype246.a(cfs-cooja.o)
 .debug_aranges
                0x0000000000000740       0x20 obj_cooja/mtype246.a(cooja-radio.o)
 .debug_aranges
                0x0000000000000760       0x20 obj_cooja/mtype246.a(sensors.o)
 .debug_aranges
                0x0000000000000780       0x20 obj_cooja/mtype246.a(leds.o)
 .debug_aranges
                0x00000000000007a0       0x20 obj_cooja/mtype246.a(mac.o)
 .debug_aranges
                0x00000000000007c0       0x20 obj_cooja/mtype246.a(framer-802154.o)
 .debug_aranges
                0x00000000000007e0       0x20 obj_cooja/mtype246.a(rpl.o)
 .debug_aranges
                0x0000000000000800       0x20 obj_cooja/mtype246.a(neighbor-attr.o)
 .debug_aranges
                0x0000000000000820       0x20 obj_cooja/mtype246.a(frame802154.o)

.debug_pubnames
                0x0000000000000000     0x29f3
 *(.debug_pubnames)
 .debug_pubnames
                0x0000000000000000       0xae udp-sender.co
 .debug_pubnames
                0x00000000000000ae      0x161 obj_cooja/mtype246.o
 .debug_pubnames
                0x000000000000020f       0x68 obj_cooja/collect-common.o
 .debug_pubnames
                0x0000000000000277       0x79 obj_cooja/mtype246.a(rimeaddr.o)
 .debug_pubnames
                0x00000000000002f0       0x22 obj_cooja/mtype246.a(csma.o)
 .debug_pubnames
                0x0000000000000312       0x52 obj_cooja/mtype246.a(contikimac.o)
 .debug_pubnames
                0x0000000000000364       0x64 obj_cooja/mtype246.a(phase.o)
 .debug_pubnames
                0x00000000000003c8      0x159 obj_cooja/mtype246.a(rpl-dag.o)
 .debug_pubnames
                0x0000000000000521       0x8d obj_cooja/mtype246.a(rpl-icmp6.o)
 .debug_pubnames
                0x00000000000005ae       0xc7 obj_cooja/mtype246.a(rpl-timers.o)
 .debug_pubnames
                0x0000000000000675       0x33 obj_cooja/mtype246.a(rpl-of-fuzzy.o)
 .debug_pubnames
                0x00000000000006a8       0x91 obj_cooja/mtype246.a(fuzzify.o)
 .debug_pubnames
                0x0000000000000739       0x1a obj_cooja/mtype246.a(qos.o)
 .debug_pubnames
                0x0000000000000753       0x1e obj_cooja/mtype246.a(quality.o)
 .debug_pubnames
                0x0000000000000771       0xf7 obj_cooja/mtype246.a(process.o)
 .debug_pubnames
                0x0000000000000868       0x24 obj_cooja/mtype246.a(procinit.o)
 .debug_pubnames
                0x000000000000088c       0x39 obj_cooja/mtype246.a(autostart.o)
 .debug_pubnames
                0x00000000000008c5       0x9e obj_cooja/mtype246.a(compower.o)
 .debug_pubnames
                0x0000000000000963       0x78 obj_cooja/mtype246.a(serial-line.o)
 .debug_pubnames
                0x00000000000009db       0x4d obj_cooja/mtype246.a(memb.o)
 .debug_pubnames
                0x0000000000000a28       0x68 obj_cooja/mtype246.a(timer.o)
 .debug_pubnames
                0x0000000000000a90       0xc3 obj_cooja/mtype246.a(list.o)
 .debug_pubnames
                0x0000000000000b53      0x109 obj_cooja/mtype246.a(etimer.o)
 .debug_pubnames
                0x0000000000000c5c       0x8b obj_cooja/mtype246.a(ctimer.o)
 .debug_pubnames
                0x0000000000000ce7       0xec obj_cooja/mtype246.a(energest.o)
 .debug_pubnames
                0x0000000000000dd3       0x45 obj_cooja/mtype246.a(rtimer.o)
 .debug_pubnames
                0x0000000000000e18       0x80 obj_cooja/mtype246.a(stimer.o)
 .debug_pubnames
                0x0000000000000e98       0x32 obj_cooja/mtype246.a(random.o)
 .debug_pubnames
                0x0000000000000eca       0x69 obj_cooja/mtype246.a(ringbuf.o)
 .debug_pubnames
                0x0000000000000f33       0x24 obj_cooja/mtype246.a(netstack.o)
 .debug_pubnames
                0x0000000000000f57       0x48 obj_cooja/mtype246.a(uip-debug.o)
 .debug_pubnames
                0x0000000000000f9f      0x22c obj_cooja/mtype246.a(packetbuf.o)
 .debug_pubnames
                0x00000000000011cb       0xff obj_cooja/mtype246.a(queuebuf.o)
 .debug_pubnames
                0x00000000000012ca      0x203 obj_cooja/mtype246.a(uip6.o)
 .debug_pubnames
                0x00000000000014cd      0x12c obj_cooja/mtype246.a(tcpip.o)
 .debug_pubnames
                0x00000000000015f9       0x44 obj_cooja/mtype246.a(uip-udp-packet.)
 .debug_pubnames
                0x000000000000163d       0x61 obj_cooja/mtype246.a(uip-icmp6.o)
 .debug_pubnames
                0x000000000000169e       0x52 obj_cooja/mtype246.a(uip-nd6.o)
 .debug_pubnames
                0x00000000000016f0       0x9a obj_cooja/mtype246.a(sicslowpan.o)
 .debug_pubnames
                0x000000000000178a       0x8b obj_cooja/mtype246.a(neighbor-info.o)
 .debug_pubnames
                0x0000000000001815      0x3d7 obj_cooja/mtype246.a(uip-ds6.o)
 .debug_pubnames
                0x0000000000001bec       0x35 obj_cooja/mtype246.a(collect-view.o)
 .debug_pubnames
                0x0000000000001c21       0x35 obj_cooja/mtype246.a(collect-view-te)
 .debug_pubnames
                0x0000000000001c56       0x9d obj_cooja/mtype246.a(simEnvChange.o)
 .debug_pubnames
                0x0000000000001cf3       0x82 obj_cooja/mtype246.a(cooja_mt.o)
 .debug_pubnames
                0x0000000000001d75       0xdd obj_cooja/mtype246.a(cooja_mtarch.o)
 .debug_pubnames
                0x0000000000001e52       0x97 obj_cooja/mtype246.a(rtimer-arch.o)
 .debug_pubnames
                0x0000000000001ee9       0x73 obj_cooja/mtype246.a(watchdog.o)
 .debug_pubnames
                0x0000000000001f5c       0xad obj_cooja/mtype246.a(beep.o)
 .debug_pubnames
                0x0000000000002009       0x78 obj_cooja/mtype246.a(button-sensor.o)
 .debug_pubnames
                0x0000000000002081       0x6d obj_cooja/mtype246.a(leds-arch.o)
 .debug_pubnames
                0x00000000000020ee       0x5c obj_cooja/mtype246.a(moteid.o)
 .debug_pubnames
                0x000000000000214a       0x68 obj_cooja/mtype246.a(pir-sensor.o)
 .debug_pubnames
                0x00000000000021b2       0xe4 obj_cooja/mtype246.a(rs232.o)
 .debug_pubnames
                0x0000000000002296       0x68 obj_cooja/mtype246.a(vib-sensor.o)
 .debug_pubnames
                0x00000000000022fe       0x79 obj_cooja/mtype246.a(clock.o)
 .debug_pubnames
                0x0000000000002377       0xaa obj_cooja/mtype246.a(log.o)
 .debug_pubnames
                0x0000000000002421       0xe9 obj_cooja/mtype246.a(cfs-cooja.o)
 .debug_pubnames
                0x000000000000250a      0x17b obj_cooja/mtype246.a(cooja-radio.o)
 .debug_pubnames
                0x0000000000002685       0x80 obj_cooja/mtype246.a(sensors.o)
 .debug_pubnames
                0x0000000000002705       0x75 obj_cooja/mtype246.a(leds.o)
 .debug_pubnames
                0x000000000000277a       0x20 obj_cooja/mtype246.a(rimestats.o)
 .debug_pubnames
                0x000000000000279a       0x2d obj_cooja/mtype246.a(mac.o)
 .debug_pubnames
                0x00000000000027c7       0x24 obj_cooja/mtype246.a(framer-802154.o)
 .debug_pubnames
                0x00000000000027eb       0x7b obj_cooja/mtype246.a(rpl.o)
 .debug_pubnames
                0x0000000000002866      0x137 obj_cooja/mtype246.a(neighbor-attr.o)
 .debug_pubnames
                0x000000000000299d       0x56 obj_cooja/mtype246.a(frame802154.o)

.debug_info     0x0000000000000000    0x1a90b
 *(.debug_info .gnu.linkonce.wi.*)
 .debug_info    0x0000000000000000     0x1081 udp-sender.co
 .debug_info    0x0000000000001081     0x3c6b obj_cooja/mtype246.o
 .debug_info    0x0000000000004cec      0x5c7 obj_cooja/collect-common.o
 .debug_info    0x00000000000052b3      0x18f obj_cooja/mtype246.a(rimeaddr.o)
 .debug_info    0x0000000000005442      0x9cf obj_cooja/mtype246.a(csma.o)
 .debug_info    0x0000000000005e11      0xe33 obj_cooja/mtype246.a(contikimac.o)
 .debug_info    0x0000000000006c44      0x7fa obj_cooja/mtype246.a(phase.o)
 .debug_info    0x000000000000743e     0x132f obj_cooja/mtype246.a(rpl-dag.o)
 .debug_info    0x000000000000876d     0x17db obj_cooja/mtype246.a(rpl-icmp6.o)
 .debug_info    0x0000000000009f48      0xb43 obj_cooja/mtype246.a(rpl-timers.o)
 .debug_info    0x000000000000aa8b     0x10c5 obj_cooja/mtype246.a(rpl-of-fuzzy.o)
 .debug_info    0x000000000000bb50      0x353 obj_cooja/mtype246.a(fuzzify.o)
 .debug_info    0x000000000000bea3      0x16d obj_cooja/mtype246.a(qos.o)
 .debug_info    0x000000000000c010      0x187 obj_cooja/mtype246.a(quality.o)
 .debug_info    0x000000000000c197      0x501 obj_cooja/mtype246.a(process.o)
 .debug_info    0x000000000000c698      0x193 obj_cooja/mtype246.a(procinit.o)
 .debug_info    0x000000000000c82b      0x1b5 obj_cooja/mtype246.a(autostart.o)
 .debug_info    0x000000000000c9e0      0x3dc obj_cooja/mtype246.a(compower.o)
 .debug_info    0x000000000000cdbc      0x350 obj_cooja/mtype246.a(serial-line.o)
 .debug_info    0x000000000000d10c      0x1a4 obj_cooja/mtype246.a(memb.o)
 .debug_info    0x000000000000d2b0      0x17d obj_cooja/mtype246.a(timer.o)
 .debug_info    0x000000000000d42d      0x31f obj_cooja/mtype246.a(list.o)
 .debug_info    0x000000000000d74c      0x4b5 obj_cooja/mtype246.a(etimer.o)
 .debug_info    0x000000000000dc01      0x4ae obj_cooja/mtype246.a(ctimer.o)
 .debug_info    0x000000000000e0af      0x276 obj_cooja/mtype246.a(energest.o)
 .debug_info    0x000000000000e325      0x212 obj_cooja/mtype246.a(rtimer.o)
 .debug_info    0x000000000000e537      0x18e obj_cooja/mtype246.a(stimer.o)
 .debug_info    0x000000000000e6c5       0xb7 obj_cooja/mtype246.a(random.o)
 .debug_info    0x000000000000e77c      0x1bf obj_cooja/mtype246.a(ringbuf.o)
 .debug_info    0x000000000000e93b      0x353 obj_cooja/mtype246.a(netstack.o)
 .debug_info    0x000000000000ec8e      0x1d1 obj_cooja/mtype246.a(uip-debug.o)
 .debug_info    0x000000000000ee5f      0x614 obj_cooja/mtype246.a(packetbuf.o)
 .debug_info    0x000000000000f473      0x5cb obj_cooja/mtype246.a(queuebuf.o)
 .debug_info    0x000000000000fa3e      0xff6 obj_cooja/mtype246.a(uip6.o)
 .debug_info    0x0000000000010a34     0x111f obj_cooja/mtype246.a(tcpip.o)
 .debug_info    0x0000000000011b53      0x3ac obj_cooja/mtype246.a(uip-udp-packet.)
 .debug_info    0x0000000000011eff      0x5b8 obj_cooja/mtype246.a(uip-icmp6.o)
 .debug_info    0x00000000000124b7      0x83b obj_cooja/mtype246.a(uip-nd6.o)
 .debug_info    0x0000000000012cf2      0xd41 obj_cooja/mtype246.a(sicslowpan.o)
 .debug_info    0x0000000000013a33      0x4e3 obj_cooja/mtype246.a(neighbor-info.o)
 .debug_info    0x0000000000013f16     0x10e6 obj_cooja/mtype246.a(uip-ds6.o)
 .debug_info    0x0000000000014ffc      0x34b obj_cooja/mtype246.a(collect-view.o)
 .debug_info    0x0000000000015347      0x236 obj_cooja/mtype246.a(collect-view-te)
 .debug_info    0x000000000001557d      0x1c6 obj_cooja/mtype246.a(simEnvChange.o)
 .debug_info    0x0000000000015743      0x257 obj_cooja/mtype246.a(cooja_mt.o)
 .debug_info    0x000000000001599a      0x385 obj_cooja/mtype246.a(cooja_mtarch.o)
 .debug_info    0x0000000000015d1f      0x1e0 obj_cooja/mtype246.a(rtimer-arch.o)
 .debug_info    0x0000000000015eff       0x8f obj_cooja/mtype246.a(watchdog.o)
 .debug_info    0x0000000000015f8e      0x27c obj_cooja/mtype246.a(beep.o)
 .debug_info    0x000000000001620a      0x2da obj_cooja/mtype246.a(button-sensor.o)
 .debug_info    0x00000000000164e4      0x1a3 obj_cooja/mtype246.a(leds-arch.o)
 .debug_info    0x0000000000016687      0x171 obj_cooja/mtype246.a(moteid.o)
 .debug_info    0x00000000000167f8      0x295 obj_cooja/mtype246.a(pir-sensor.o)
 .debug_info    0x0000000000016a8d      0x2a1 obj_cooja/mtype246.a(rs232.o)
 .debug_info    0x0000000000016d2e      0x295 obj_cooja/mtype246.a(vib-sensor.o)
 .debug_info    0x0000000000016fc3      0x1c7 obj_cooja/mtype246.a(clock.o)
 .debug_info    0x000000000001718a      0x2eb obj_cooja/mtype246.a(log.o)
 .debug_info    0x0000000000017475      0x45b obj_cooja/mtype246.a(cfs-cooja.o)
 .debug_info    0x00000000000178d0      0x978 obj_cooja/mtype246.a(cooja-radio.o)
 .debug_info    0x0000000000018248      0x3fc obj_cooja/mtype246.a(sensors.o)
 .debug_info    0x0000000000018644      0x2a2 obj_cooja/mtype246.a(leds.o)
 .debug_info    0x00000000000188e6      0x146 obj_cooja/mtype246.a(rimestats.o)
 .debug_info    0x0000000000018a2c      0x110 obj_cooja/mtype246.a(mac.o)
 .debug_info    0x0000000000018b3c      0x5f6 obj_cooja/mtype246.a(framer-802154.o)
 .debug_info    0x0000000000019132      0xb95 obj_cooja/mtype246.a(rpl.o)
 .debug_info    0x0000000000019cc7      0x7d5 obj_cooja/mtype246.a(neighbor-attr.o)
 .debug_info    0x000000000001a49c      0x46f obj_cooja/mtype246.a(frame802154.o)

.debug_abbrev   0x0000000000000000     0x5f83
 *(.debug_abbrev)
 .debug_abbrev  0x0000000000000000      0x23f udp-sender.co
 .debug_abbrev  0x000000000000023f      0x2ac obj_cooja/mtype246.o
 .debug_abbrev  0x00000000000004eb      0x1ef obj_cooja/collect-common.o
 .debug_abbrev  0x00000000000006da       0xea obj_cooja/mtype246.a(rimeaddr.o)
 .debug_abbrev  0x00000000000007c4      0x2c8 obj_cooja/mtype246.a(csma.o)
 .debug_abbrev  0x0000000000000a8c      0x2cb obj_cooja/mtype246.a(contikimac.o)
 .debug_abbrev  0x0000000000000d57      0x1fd obj_cooja/mtype246.a(phase.o)
 .debug_abbrev  0x0000000000000f54      0x27a obj_cooja/mtype246.a(rpl-dag.o)
 .debug_abbrev  0x00000000000011ce      0x2c2 obj_cooja/mtype246.a(rpl-icmp6.o)
 .debug_abbrev  0x0000000000001490      0x220 obj_cooja/mtype246.a(rpl-timers.o)
 .debug_abbrev  0x00000000000016b0      0x242 obj_cooja/mtype246.a(rpl-of-fuzzy.o)
 .debug_abbrev  0x00000000000018f2       0x86 obj_cooja/mtype246.a(fuzzify.o)
 .debug_abbrev  0x0000000000001978       0x65 obj_cooja/mtype246.a(qos.o)
 .debug_abbrev  0x00000000000019dd       0x74 obj_cooja/mtype246.a(quality.o)
 .debug_abbrev  0x0000000000001a51      0x204 obj_cooja/mtype246.a(process.o)
 .debug_abbrev  0x0000000000001c55       0xf9 obj_cooja/mtype246.a(procinit.o)
 .debug_abbrev  0x0000000000001d4e       0xf5 obj_cooja/mtype246.a(autostart.o)
 .debug_abbrev  0x0000000000001e43      0x19f obj_cooja/mtype246.a(compower.o)
 .debug_abbrev  0x0000000000001fe2      0x1af obj_cooja/mtype246.a(serial-line.o)
 .debug_abbrev  0x0000000000002191       0xe4 obj_cooja/mtype246.a(memb.o)
 .debug_abbrev  0x0000000000002275       0xd2 obj_cooja/mtype246.a(timer.o)
 .debug_abbrev  0x0000000000002347      0x11c obj_cooja/mtype246.a(list.o)
 .debug_abbrev  0x0000000000002463      0x1c5 obj_cooja/mtype246.a(etimer.o)
 .debug_abbrev  0x0000000000002628      0x1ad obj_cooja/mtype246.a(ctimer.o)
 .debug_abbrev  0x00000000000027d5       0xfd obj_cooja/mtype246.a(energest.o)
 .debug_abbrev  0x00000000000028d2      0x12a obj_cooja/mtype246.a(rtimer.o)
 .debug_abbrev  0x00000000000029fc       0xb6 obj_cooja/mtype246.a(stimer.o)
 .debug_abbrev  0x0000000000002ab2       0x70 obj_cooja/mtype246.a(random.o)
 .debug_abbrev  0x0000000000002b22       0xd2 obj_cooja/mtype246.a(ringbuf.o)
 .debug_abbrev  0x0000000000002bf4       0xd3 obj_cooja/mtype246.a(netstack.o)
 .debug_abbrev  0x0000000000002cc7       0xd1 obj_cooja/mtype246.a(uip-debug.o)
 .debug_abbrev  0x0000000000002d98      0x1d6 obj_cooja/mtype246.a(packetbuf.o)
 .debug_abbrev  0x0000000000002f6e      0x19f obj_cooja/mtype246.a(queuebuf.o)
 .debug_abbrev  0x000000000000310d      0x29a obj_cooja/mtype246.a(uip6.o)
 .debug_abbrev  0x00000000000033a7      0x2de obj_cooja/mtype246.a(tcpip.o)
 .debug_abbrev  0x0000000000003685      0x192 obj_cooja/mtype246.a(uip-udp-packet.)
 .debug_abbrev  0x0000000000003817      0x16b obj_cooja/mtype246.a(uip-icmp6.o)
 .debug_abbrev  0x0000000000003982      0x1cb obj_cooja/mtype246.a(uip-nd6.o)
 .debug_abbrev  0x0000000000003b4d      0x26b obj_cooja/mtype246.a(sicslowpan.o)
 .debug_abbrev  0x0000000000003db8      0x1eb obj_cooja/mtype246.a(neighbor-info.o)
 .debug_abbrev  0x0000000000003fa3      0x22e obj_cooja/mtype246.a(uip-ds6.o)
 .debug_abbrev  0x00000000000041d1      0x15d obj_cooja/mtype246.a(collect-view.o)
 .debug_abbrev  0x000000000000432e      0x12e obj_cooja/mtype246.a(collect-view-te)
 .debug_abbrev  0x000000000000445c       0xe3 obj_cooja/mtype246.a(simEnvChange.o)
 .debug_abbrev  0x000000000000453f      0x101 obj_cooja/mtype246.a(cooja_mt.o)
 .debug_abbrev  0x0000000000004640      0x147 obj_cooja/mtype246.a(cooja_mtarch.o)
 .debug_abbrev  0x0000000000004787       0xca obj_cooja/mtype246.a(rtimer-arch.o)
 .debug_abbrev  0x0000000000004851       0x29 obj_cooja/mtype246.a(watchdog.o)
 .debug_abbrev  0x000000000000487a       0xf4 obj_cooja/mtype246.a(beep.o)
 .debug_abbrev  0x000000000000496e      0x100 obj_cooja/mtype246.a(button-sensor.o)
 .debug_abbrev  0x0000000000004a6e       0xef obj_cooja/mtype246.a(leds-arch.o)
 .debug_abbrev  0x0000000000004b5d       0x9d obj_cooja/mtype246.a(moteid.o)
 .debug_abbrev  0x0000000000004bfa       0xe4 obj_cooja/mtype246.a(pir-sensor.o)
 .debug_abbrev  0x0000000000004cde      0x147 obj_cooja/mtype246.a(rs232.o)
 .debug_abbrev  0x0000000000004e25       0xe4 obj_cooja/mtype246.a(vib-sensor.o)
 .debug_abbrev  0x0000000000004f09       0xfc obj_cooja/mtype246.a(clock.o)
 .debug_abbrev  0x0000000000005005      0x139 obj_cooja/mtype246.a(log.o)
 .debug_abbrev  0x000000000000513e      0x13e obj_cooja/mtype246.a(cfs-cooja.o)