Archive member included because of file (symbol)

contiki-sky.a(rimeaddr.o)     obj_sky/contiki-sky-main.o (rimeaddr_copy)
contiki-sky.a(csma.o)         border-router.co (csma_driver)
contiki-sky.a(contikimac.o)   obj_sky/contiki-sky-main.o (contikimac_driver)
contiki-sky.a(phase.o)        contiki-sky.a(contikimac.o) (phase_init)
contiki-sky.a(rpl-dag.o)      border-router.co (rpl_get_dag)
contiki-sky.a(rpl-icmp6.o)    contiki-sky.a(rpl-dag.o) (dao_output)
contiki-sky.a(rpl-timers.o)   contiki-sky.a(rpl-dag.o) (rpl_schedule_dao)
contiki-sky.a(rpl-of-etx.o)   contiki-sky.a(rpl-dag.o) (rpl_of_etx)
contiki-sky.a(process.o)      border-router.co (process_current)
contiki-sky.a(autostart.o)    obj_sky/contiki-sky-main.o (autostart_start)
contiki-sky.a(memb.o)         obj_sky/httpd-simple.o (memb_alloc)
contiki-sky.a(timer.o)        obj_sky/contiki-sky-main.o (timer_reset)
contiki-sky.a(list.o)         contiki-sky.a(phase.o) (list_init)
contiki-sky.a(etimer.o)       border-router.co (etimer_expired)
contiki-sky.a(ctimer.o)       contiki-sky.a(csma.o) (ctimer_expired)
contiki-sky.a(energest.o)     obj_sky/contiki-sky-main.o (energest_init)
contiki-sky.a(rtimer.o)       contiki-sky.a(contikimac.o) (rtimer_set)
contiki-sky.a(stimer.o)       contiki-sky.a(rpl-icmp6.o) (stimer_set)
contiki-sky.a(random.o)       contiki-sky.a(csma.o) (random_rand)
contiki-sky.a(uip-debug.o)    border-router.co (uip_debug_ipaddr_print)
contiki-sky.a(packetbuf.o)    contiki-sky.a(contikimac.o) (packetbuf_hdr_remove)
contiki-sky.a(queuebuf.o)     contiki-sky.a(csma.o) (queuebuf_to_packetbuf)
contiki-sky.a(uip6.o)         contiki-sky.a(rpl-icmp6.o) (uip_ext_len)
contiki-sky.a(tcpip.o)        obj_sky/httpd-simple.o (tcp_attach)
contiki-sky.a(psock.o)        obj_sky/httpd-simple.o (psock_datalen)
contiki-sky.a(uip-icmp6.o)    contiki-sky.a(rpl-icmp6.o) (uip_icmp6_send)
contiki-sky.a(uip-nd6.o)      contiki-sky.a(uip6.o) (uip_nd6_na_input)
contiki-sky.a(sicslowpan.o)   obj_sky/contiki-sky-main.o (sicslowpan_driver)
contiki-sky.a(neighbor-info.o)
                              contiki-sky.a(sicslowpan.o) (neighbor_info_packet_received)
contiki-sky.a(uip-ds6.o)      contiki-sky.a(rpl-dag.o) (uip_ds6_defrt_rm)
contiki-sky.a(contiki-sky-pla)
                              obj_sky/contiki-sky-main.o (init_platform)
contiki-sky.a(button-sensor.o)
                              border-router.co (button_sensor)
contiki-sky.a(ds2411.o)       obj_sky/contiki-sky-main.o (ds2411_init)
contiki-sky.a(xmem.o)         obj_sky/contiki-sky-main.o (xmem_init)
contiki-sky.a(node-id.o)      obj_sky/contiki-sky-main.o (node_id_restore)
contiki-sky.a(sensors.o)      border-router.co (sensors_event)
contiki-sky.a(cc2420.o)       obj_sky/contiki-sky-main.o (cc2420_set_pan_addr)
contiki-sky.a(cc2420-arch.o)  contiki-sky.a(cc2420.o) (cc2420_arch_init)
contiki-sky.a(uart1.o)        obj_sky/contiki-sky-main.o (uart1_active)
contiki-sky.a(slip_uart1.o)   obj_sky/slip-bridge.o (slip_arch_init)
contiki-sky.a(slip.o)         obj_sky/slip-bridge.o (slip_set_input_callback)
contiki-sky.a(msp430.o)       border-router.co (w_memcpy)
contiki-sky.a(clock.o)        contiki-sky.a(timer.o) (clock_time)
contiki-sky.a(leds.o)         obj_sky/contiki-sky-main.o (leds_off)
contiki-sky.a(leds-arch.o)    contiki-sky.a(leds.o) (leds_arch_init)
contiki-sky.a(watchdog.o)     contiki-sky.a(msp430.o) (watchdog_init)
contiki-sky.a(rtimer-arch.o)  contiki-sky.a(rtimer.o) (rtimer_arch_init)
contiki-sky.a(rimestats.o)    contiki-sky.a(cc2420.o) (rimestats)
contiki-sky.a(mac.o)          contiki-sky.a(csma.o) (mac_call_sent_callback)
contiki-sky.a(framer-802154.o)
                              contiki-sky.a(contikimac.o) (framer_802154)
contiki-sky.a(rpl.o)          contiki-sky.a(tcpip.o) (rpl_init)
contiki-sky.a(neighbor-attr.o)
                              contiki-sky.a(neighbor-info.o) (neighbor_attr_get_data)
contiki-sky.a(spi.o)          contiki-sky.a(xmem.o) (spi_init)
contiki-sky.a(frame802154.o)  contiki-sky.a(framer-802154.o) (frame802154_parse)
/opt/msp430-gcc-4.4.5/lib/gcc/msp430/4.4.5/msp2/libgcc.a(_mulsi3hw.o)
                              contiki-sky.a(csma.o) (__umulsi3hw)
/opt/msp430-gcc-4.4.5/lib/gcc/msp430/4.4.5/msp2/libgcc.a(_udivmodhi4.o)
                              contiki-sky.a(rpl-dag.o) (__udivmodhi4)
/opt/msp430-gcc-4.4.5/lib/gcc/msp430/4.4.5/msp2/libgcc.a(_udivmodsi4.o)
                              obj_sky/contiki-sky-main.o (__udivmodsi4)
/opt/msp430-gcc-4.4.5/lib/gcc/msp430/4.4.5/msp2/libgcc.a(_reset_vector__.o)
                              /opt/msp430-gcc-4.4.5/lib/gcc/msp430/4.4.5/../../../../msp430/lib/crt430x1611.o (_reset_vector__)
/opt/msp430-gcc-4.4.5/lib/gcc/msp430/4.4.5/msp2/libgcc.a(__init_stack.o)
                              /opt/msp430-gcc-4.4.5/lib/gcc/msp430/4.4.5/msp2/libgcc.a(_reset_vector__.o) (__init_stack)
/opt/msp430-gcc-4.4.5/lib/gcc/msp430/4.4.5/msp2/libgcc.a(_copy_data.o)
[...]
Memory Configuration

Name             Origin             Length             Attributes
text             0x00004000         0x0000bfe0         xr
data             0x00001100         0x00002800         xrw
vectors          0x0000ffe0         0x00000020         rw
bootloader       0x00000c00         0x00000400         xr
infomem          0x00001000         0x00000100         xr
infomemnobits    0x00001000         0x00000100         xr
*default*        0x00000000         0xffffffff

Linker script and memory map

LOAD /opt/msp430-gcc-4.4.5/lib/gcc/msp430/4.4.5/../../../../msp430/lib/crt430x1611.o
LOAD border-router.co
LOAD obj_sky/slip-bridge.o
LOAD obj_sky/httpd-simple.o
LOAD obj_sky/contiki-sky-main.o
LOAD contiki-sky.a
LOAD /opt/msp430-gcc-4.4.5/lib/gcc/msp430/4.4.5/msp2/libgcc.a
LOAD /opt/msp430-gcc-4.4.5/lib/gcc/msp430/4.4.5/../../../../msp430/lib/msp2/libc.a
LOAD /opt/msp430-gcc-4.4.5/lib/gcc/msp430/4.4.5/msp2/libgcc.a

.hash
 *(.hash)

.dynsym
 *(.dynsym)

.dynstr
 *(.dynstr)

.gnu.version
 *(.gnu.version)

.gnu.version_d
 *(.gnu.version_d)

.gnu.version_r
 *(.gnu.version_r)

.rel.init
 *(.rel.init)

.rela.init
 *(.rela.init)

.rel.text
 *(.rel.text)
 *(.rel.text.*)
 *(.rel.gnu.linkonce.t*)

.rela.text
 *(.rela.text)
 *(.rela.text.*)
 *(.rela.gnu.linkonce.t*)

.rel.fini
 *(.rel.fini)

.rela.fini
 *(.rela.fini)

.rel.rodata
 *(.rel.rodata)
 *(.rel.rodata.*)
 *(.rel.gnu.linkonce.r*)

.rela.rodata
 *(.rela.rodata)
 *(.rela.rodata.*)
 *(.rela.gnu.linkonce.r*)

.rel.data
 *(.rel.data)
 *(.rel.data.*)
 *(.rel.gnu.linkonce.d*)

.rela.data
 *(.rela.data)
 *(.rela.data.*)
 *(.rela.gnu.linkonce.d*)

.rel.ctors
 *(.rel.ctors)

.rela.ctors
 *(.rela.ctors)

.rel.dtors
 *(.rel.dtors)

.rela.dtors
 *(.rela.dtors)

.rel.got
 *(.rel.got)

.rela.got
 *(.rela.got)

.rel.bss
 *(.rel.bss)

.rela.bss
 *(.rela.bss)

.rel.plt
 *(.rel.plt)

.rela.plt
 *(.rela.plt)

.text           0x00004000     0xc26a
                0x00004000                . = ALIGN (0x2)
 *(.init)
 *(.init)
 *(.init0)
 .init0         0x00004000        0x0 /opt/msp430-gcc-4.4.5/lib/gcc/msp430/4.4.5/msp2/libgcc.a(_reset_vector__.o)
                0x00004000                _reset_vector__
 *(.init0)
 *(.init1)
 *(.init1)
 *(.init2)
 .init2         0x00004000        0x4 /opt/msp430-gcc-4.4.5/lib/gcc/msp430/4.4.5/msp2/libgcc.a(__init_stack.o)
                0x00004000                __init_stack
 *(.init2)
 *(.init3)
 .init3         0x00004004        0x6 /opt/msp430-gcc-4.4.5/lib/gcc/msp430/4.4.5/../../../../msp430/lib/crt430x1611.o
                0x00004004                __low_level_init
 *(.init3)
 *(.init4)
 .init4         0x0000400a       0x12 /opt/msp430-gcc-4.4.5/lib/gcc/msp430/4.4.5/msp2/libgcc.a(_copy_data.o)
                0x0000400a                __do_copy_data
 .init4         0x0000401c       0x10 /opt/msp430-gcc-4.4.5/lib/gcc/msp430/4.4.5/msp2/libgcc.a(_clear_bss.o)
                0x0000401c                __do_clear_bss
 *(.init4)
 *(.init5)
 *(.init5)
 *(.init6)
 *(.init6)
 *(.init7)
 *(.init7)
 *(.init8)
 *(.init8)
 *(.init9)
 .init9         0x0000402c        0x4 /opt/msp430-gcc-4.4.5/lib/gcc/msp430/4.4.5/msp2/libgcc.a(__jump_to_main.o)
                0x0000402c                __jump_to_main
 *(.init9)
                0x00004030                __ctors_start = .
 *(.ctors)
 *(.ctors)
                0x00004030                __ctors_end = .
                0x00004030                __dtors_start = .
 *(.dtors)
 *(.dtors)
                0x00004030                __dtors_end = .
                0x00004030                . = ALIGN (0x2)
 *(.text)
 .text          0x00004030        0x4 /opt/msp430-gcc-4.4.5/lib/gcc/msp430/4.4.5/../../../../msp430/lib/crt430x1611.o
                0x00004030                vector_ffe0
                0x00004030                vector_fff0
                0x00004030                vector_fffc
                0x00004030                vector_ffe4
                0x00004030                vector_fffa
                0x00004030                vector_ffee
                0x00004030                vector_fff8
                0x00004030                vector_fff2
                0x00004030                vector_fff6
 .text          0x00004034      0x656 border-router.co
                0x00004034                httpd_simple_get_script
                0x00004076                set_prefix_64
                0x000040be                request_prefix
                0x0000463c                autostart_processes
 .text          0x0000468a      0x252 obj_sky/slip-bridge.o
                0x0000489c                putchar
                0x000048d8                rpl_interface
 .text          0x000048dc      0x42c obj_sky/httpd-simple.o
                0x000048dc                httpd_init
                0x00004afc                httpd_appcall
                0x00004bcc                http_content_type_html
                0x00004be8                http_header_200
                0x00004c3e                http_header_404
                0x00004c9b                http_get
                0x00004ca0                http_index_html
 .text          0x00004d08      0x48a obj_sky/contiki-sky-main.o
                0x00004e26                main
                0x0000518c                uip_log
 .text          0x00005192       0x56 contiki-sky.a(rimeaddr.o)
                0x00005192                rimeaddr_copy
                0x000051ac                rimeaddr_cmp
                0x000051ce                rimeaddr_set_node_addr
                0x000051e0                rimeaddr_null
 .text          0x000051e8      0x29e contiki-sky.a(csma.o)
                0x00005478                csma_driver
 .text          0x00005486      0xa04 contiki-sky.a(contikimac.o)
                0x000054ca                contikimac_debug_print
                0x00005e7c                contikimac_driver
 .text          0x00005e8a      0x252 contiki-sky.a(phase.o)
                0x00005e8a                phase_init
                0x00005ed8                find_neighbor
                0x00005f0a                phase_wait
                0x00005ff6                phase_update
                0x000060b2                phase_remove
 .text          0x000060dc      0x8d4 contiki-sky.a(rpl-dag.o)
                0x000060dc                rpl_get_dag
                0x00006122                rpl_find_of
                0x00006132                rpl_repair_dag
                0x00006150                rpl_find_parent
                0x00006184                rpl_remove_parent
                0x000061d4                rpl_add_parent
                0x00006238                rpl_set_prefix
                0x00006296                rpl_alloc_dag
                0x000062e8                rpl_set_default_route
                0x00006366                rpl_free_dag
                0x0000639c                rpl_set_root
                0x00006466                rpl_select_parent
                0x00006556                rpl_local_repair
                0x0000656e                rpl_process_parent_event
                0x00006628                rpl_process_dio
                0x0000695c                rpl_recalculate_ranks
 .text          0x000069b0      0xa38 contiki-sky.a(rpl-icmp6.o)
                0x000069b0                dao_ack_output
                0x000069e2                dao_output
                0x00006b14                dio_output
                0x00006df4                uip_rpl_input
                0x00007398                dis_output
 .text          0x000073e8      0x23e contiki-sky.a(rpl-timers.o)
                0x000073e8                rpl_schedule_dao
                0x000074ee                rpl_reset_dio_timer
                0x0000750a                rpl_reset_periodic_timer
 .text          0x00007626      0x130 contiki-sky.a(rpl-of-etx.o)
 .text          0x00007756      0x2d0 contiki-sky.a(process.o)
                0x00007756                process_alloc_event
                0x00007844                process_exit
                0x0000784e                process_init
                0x0000786a                process_run
                0x0000795a                process_nevents
                0x00007968                process_post
                0x000079be                process_post_synch
                0x000079d0                process_start
                0x000079fe                process_poll
                0x00007a18                process_is_running
 .text          0x00007a26       0x2a contiki-sky.a(autostart.o)
                0x00007a26                autostart_exit
                0x00007a3a                autostart_start
 .text          0x00007a50       0xde contiki-sky.a(memb.o)
                0x00007a50                memb_alloc
                0x00007a8e                memb_free
                0x00007ac8                memb_inmemb
                0x00007af8                memb_init
 .text          0x00007b2e       0x96 contiki-sky.a(timer.o)
                0x00007b2e                timer_reset
                0x00007b3c                timer_remaining
                0x00007b62                timer_expired
                0x00007b94                timer_restart
                0x00007ba8                timer_set
 .text          0x00007bc4      0x16c contiki-sky.a(list.o)
                0x00007bc4                list_init
                0x00007bca                list_head
                0x00007bce                list_copy
                0x00007bd4                list_tail
                0x00007bea                list_add
                0x00007c40                list_push
                0x00007c76                list_chop
                0x00007c9c                list_pop
                0x00007caa                list_remove
                0x00007cd8                list_length
                0x00007ce8                list_insert
                0x00007d28                list_item_next
 .text          0x00007d30      0x26c contiki-sky.a(etimer.o)
                0x00007d30                etimer_expired
                0x00007d3e                etimer_expiration_time
                0x00007d50                etimer_start_time
                0x00007d56                etimer_pending
                0x00007d62                etimer_next_expiration_time
                0x00007df6                etimer_stop
                0x00007e32                etimer_adjust
                0x00007e4a                etimer_request_poll
                0x00007f5a                etimer_restart
                0x00007f6c                etimer_reset
                0x00007f7e                etimer_set
 .text          0x00007f9c      0x1ec contiki-sky.a(ctimer.o)
                0x00008040                ctimer_expired
                0x00008072                ctimer_stop
                0x0000809a                ctimer_restart
                0x000080d4                ctimer_set
                0x00008126                ctimer_reset
                0x00008160                ctimer_init
 .text          0x00008188       0xc6 contiki-sky.a(energest.o)
                0x00008188                energest_init
                0x000081b2                energest_leveldevice_leveltime
                0x000081b8                energest_type_set
                0x000081c6                energest_flush
                0x0000820a                energest_type_time
 .text          0x0000824e       0x50 contiki-sky.a(rtimer.o)
                0x0000824e                rtimer_run_next
                0x00008274                rtimer_set
                0x00008298                rtimer_init
 .text          0x0000829e       0xb0 contiki-sky.a(stimer.o)
                0x0000829e                stimer_reset
                0x000082ac                stimer_elapsed
                0x000082bc                stimer_remaining
                0x000082e2                stimer_expired
                0x0000831e                stimer_restart
                0x00008332                stimer_set
 .text          0x0000834e        0xc contiki-sky.a(random.o)
                0x0000834e                random_rand
                0x00008354                random_init
 .text          0x0000835a       0xae contiki-sky.a(uip-debug.o)
                0x00008360                uip_debug_lladdr_print
                0x00008396                uip_debug_ipaddr_print
 .text          0x00008408      0x270 contiki-sky.a(packetbuf.o)
                0x00008408                packetbuf_clear_hdr
                0x00008410                packetbuf_hdralloc
                0x0000843c                packetbuf_hdr_remove
                0x00008442                packetbuf_hdrreduce
                0x0000845c                packetbuf_set_datalen
                0x00008462                packetbuf_dataptr
                0x00008470                packetbuf_hdrptr
                0x0000847a                packetbuf_is_reference
                0x0000848e                packetbuf_reference_ptr
                0x00008494                packetbuf_datalen
                0x0000849a                packetbuf_hdrlen
                0x000084a4                packetbuf_totlen
                0x000084b4                packetbuf_attr_copyfrom
                0x000084d8                packetbuf_attr_copyto
                0x000084fa                packetbuf_copyto
                0x00008556                packetbuf_copyto_hdr
                0x00008578                packetbuf_compact
                0x000085cc                packetbuf_attr_clear
                0x0000860e                packetbuf_clear
                0x0000862e                packetbuf_reference
                0x00008648                packetbuf_copyfrom
 .text          0x00008678      0x192 contiki-sky.a(queuebuf.o)
                0x00008678                queuebuf_datalen
                0x0000867c                queuebuf_addr
                0x00008690                queuebuf_attr
                0x0000869e                queuebuf_debug_print
                0x000086a0                queuebuf_dataptr
                0x000086d4                queuebuf_to_packetbuf
                0x00008742                queuebuf_free
                0x0000877e                queuebuf_update_attr_from_packetbuf
                0x0000878e                queuebuf_new_from_packetbuf
                0x000087f8                queuebuf_init
 .text          0x0000880a     0x14f4 contiki-sky.a(uip6.o)
                0x0000880a                uip_add32
                0x00008874                uip_chksum
                0x00008930                uip_icmp6chksum
                0x0000893a                uip_tcpchksum
                0x00008944                uip_udpchksum
                0x0000894e                uip_connect
                0x00008a72                uip_unlisten
                0x00008aa4                uip_listen
                0x00008b06                uip_htons
                0x00008b0a                uip_htonl
                0x00008b28                uip_send
                0x00008bfc                uip_process
                0x00009bc0                uip_udp_new
                0x00009c92                uip_init
 .text          0x00009cfe      0x542 contiki-sky.a(tcpip.o)
                0x00009cfe                tcpip_output
                0x00009d0e                tcpip_set_outputfunc
                0x00009d14                tcp_attach
                0x00009d20                udp_attach
                0x00009d2c                tcp_unlisten
                0x00009d7c                tcpip_uipcall
                0x00009df8                tcpip_input
                0x00009e0e                tcpip_poll_tcp
                0x00009e1c                tcpip_poll_udp
                0x00009e2a                tcpip_ipv6_output
                0x0000a170                udp_new
                0x0000a18a                udp_broadcast_new
                0x0000a1d0                tcp_listen
                0x0000a20c                tcp_connect
 .text          0x0000a240      0x358 contiki-sky.a(psock.o)
                0x0000a240                psock_datalen
                0x0000a24c                psock_newdata
                0x0000a272                psock_readto
                0x0000a350                psock_init
                0x0000a372                psock_readbuf_len
                0x0000a470                psock_generator_send
                0x0000a4e8                psock_send
 .text          0x0000a598      0x282 contiki-sky.a(uip-icmp6.o)
                0x0000a598                uip_icmp6_send
                0x0000a628                uip_icmp6_echo_request_input
                0x0000a6e4                uip_icmp6_error_output
 .text          0x0000a81a      0x5cc contiki-sky.a(uip-nd6.o)
                0x0000a81a                uip_nd6_na_input
                0x0000aa1c                uip_nd6_ns_output
                0x0000ab48                uip_nd6_ns_input
 .text          0x0000ade6      0xea4 contiki-sky.a(sicslowpan.o)
                0x0000b51a                sicslowpan_init
                0x0000bc66                unc_llconf
                0x0000bc6a                unc_ctxconf
                0x0000bc6e                unc_mxconf
                0x0000bc72                llprefix
                0x0000bc80                sicslowpan_driver
 .text          0x0000bc8a      0x11e contiki-sky.a(neighbor-info.o)
                0x0000bc8a                neighbor_info_get_metric
                0x0000bca2                neighbor_info_subscribe
                0x0000bcc2                neighbor_info_packet_received
                0x0000bcdc                neighbor_info_packet_sent
 .text          0x0000bda8      0xd22 contiki-sky.a(uip-ds6.o)
                0x0000bda8                uip_ds6_defrt_rm
                0x0000bdb2                uip_ds6_prefix_rm
                0x0000bdbc                uip_ds6_get_link_local
                0x0000be06                uip_ds6_get_global
                0x0000be50                uip_ds6_maddr_rm
                0x0000be5a                uip_ds6_aaddr_rm
                0x0000be64                uip_ds6_route_rm
                0x0000be6a                uip_ds6_select_src
                0x0000bf74                get_match_length
                0x0000bfba                uip_ds6_compute_reachable_time
                0x0000c000                uip_ds6_dad
                0x0000c072                uip_ds6_set_addr_iid
                0x0000c086                uip_ds6_route_rm_by_nexthop
                0x0000c0ca                uip_ds6_route_lookup
                0x0000c134                uip_ds6_is_addr_onlink
                0x0000c184                uip_ds6_list_loop
                0x0000c208                uip_ds6_route_add
                0x0000c276                uip_ds6_aaddr_lookup
                0x0000c29e                uip_ds6_aaddr_add
                0x0000c2e4                uip_ds6_maddr_lookup
                0x0000c30e                uip_ds6_addr_rm
                0x0000c362                uip_ds6_dad_failed
                0x0000c376                uip_ds6_maddr_add
                0x0000c3be                uip_ds6_addr_lookup
                0x0000c3e8                uip_ds6_prefix_lookup
                0x0000c410                uip_ds6_prefix_add
                0x0000c48c                uip_ds6_defrt_lookup
                0x0000c4b4                uip_ds6_nbr_lookup
                0x0000c4de                uip_ds6_defrt_choose
                0x0000c528                uip_ds6_addr_add
                0x0000c60c                uip_ds6_defrt_add
                0x0000c68a                uip_ds6_nbr_rm
                0x0000c698                uip_ds6_nbr_add
                0x0000c7b8                uip_ds6_periodic
                0x0000c95e                uip_ds6_init
 .text          0x0000caca        0xc contiki-sky.a(contiki-sky-pla)
                0x0000caca                init_platform
 .text          0x0000cad6      0x110 contiki-sky.a(button-sensor.o)
                0x0000cb50                irq_p2
                0x0000cb50                vector_ffe2
                0x0000cbde                button_sensor
 .text          0x0000cbe6      0x188 contiki-sky.a(ds2411.o)
                0x0000cc3c                ds2411_init
 .text          0x0000cd6e      0x360 contiki-sky.a(xmem.o)
                0x0000cdbc                xmem_erase
                0x0000ce7a                xmem_pwrite
                0x0000cfb6                xmem_pread
                0x0000d092                xmem_init
 .text          0x0000d0ce       0x6e contiki-sky.a(node-id.o)
                0x0000d0ce                node_id_burn
                0x0000d104                node_id_restore
 .text          0x0000d13c      0x170 contiki-sky.a(sensors.o)
                0x0000d13c                sensors_first
                0x0000d142                sensors_next
                0x0000d22c                sensors_find
                0x0000d278                sensors_changed
 .text          0x0000d2ac      0xc2c contiki-sky.a(cc2420.o)
                0x0000d36e                cc2420_get_channel
                0x0000d5c4                cc2420_set_cca_threshold
                0x0000d5da                cc2420_cca_valid
                0x0000d618                cc2420_get_txpower
                0x0000d636                cc2420_set_txpower
                0x0000d644                cc2420_set_pan_addr
                0x0000d796                cc2420_set_channel
                0x0000d856                cc2420_on
                0x0000daaa                cc2420_off
                0x0000db8a                cc2420_rssi
                0x0000dd6a                cc2420_interrupt
                0x0000ddd8                cc2420_init
                0x0000dec4                cc2420_driver
 .text          0x0000ded8       0x7c contiki-sky.a(cc2420-arch.o)
                0x0000ded8                cc2420_arch_init
                0x0000def2                cc24240_port1_interrupt
                0x0000def2                vector_ffe8
 .text          0x0000df54      0x194 contiki-sky.a(uart1.o)
                0x0000df54                uart1_active
                0x0000df68                uart1_set_input
                0x0000df6e                uart1_init
                0x0000e032                uart1_rx_interrupt
                0x0000e032                vector_ffe6
                0x0000e0ce                uart1_writeb
 .text          0x0000e0e8       0x10 contiki-sky.a(slip_uart1.o)
                0x0000e0e8                slip_arch_init
                0x0000e0f2                slip_arch_writeb
 .text          0x0000e0f8      0x302 contiki-sky.a(slip.o)
                0x0000e0f8                slip_set_input_callback
                0x0000e0fe                slip_write
                0x0000e15c                slip_send
                0x0000e1be                slip_input_byte
 .text          0x0000e3fa      0x168 contiki-sky.a(msp430.o)
                0x0000e3fa                w_memcpy
                0x0000e41c                w_memset
                0x0000e42e                msp430_init_dco
                0x0000e4a0                msp430_add_lpm_req
                0x0000e4aa                msp430_remove_lpm_req
                0x0000e4b4                sbrk
                0x0000e4d2                splhigh_
                0x0000e4da                splx_
                0x0000e4de                msp430_sync_dco
                0x0000e53a                msp430_cpu_init
 .text          0x0000e562      0x1cc contiki-sky.a(clock.o)
                0x0000e562                clock_time
                0x0000e57c                clock_set
                0x0000e592                clock_fine_max
                0x0000e598                clock_fine
                0x0000e5a2                clock_init
                0x0000e5c8                clock_delay
                0x0000e5ce                clock_wait
                0x0000e624                clock_set_seconds
                0x0000e626                clock_seconds
                0x0000e640                clock_counter
                0x0000e646                timera1
                0x0000e646                vector_ffea
 .text          0x0000e72e      0x176 contiki-sky.a(leds.o)
                0x0000e832                leds_invert
                0x0000e83c                leds_toggle
                0x0000e842                leds_off
                0x0000e856                leds_on
                0x0000e86a                leds_get
                0x0000e870                leds_blink
                0x0000e896                leds_init
 .text          0x0000e8a4       0x8a contiki-sky.a(leds-arch.o)
                0x0000e8a4                leds_arch_init
                0x0000e8b2                leds_arch_get
                0x0000e8ee                leds_arch_set
 .text          0x0000e92e       0x5a contiki-sky.a(watchdog.o)
                0x0000e92e                watchdog_interrupt
                0x0000e92e                vector_fff4
                0x0000e934                watchdog_init
                0x0000e948                watchdog_start
                0x0000e95c                watchdog_periodic
                0x0000e96c                watchdog_stop
                0x0000e982                watchdog_reboot
 .text          0x0000e988       0x9c contiki-sky.a(rtimer-arch.o)
                0x0000e988                rtimer_arch_init
                0x0000e994                rtimer_arch_now
                0x0000e9a2                rtimer_arch_schedule
                0x0000e9a8                vector_ffec
                0x0000e9a8                timera0
 .text          0x0000ea24        0x0 contiki-sky.a(rimestats.o)
 .text          0x0000ea24       0x14 contiki-sky.a(mac.o)
                0x0000ea24                mac_call_sent_callback
 .text          0x0000ea38      0x1be contiki-sky.a(framer-802154.o)
                0x0000ebf2                framer_802154
 .text          0x0000ebf6      0x200 contiki-sky.a(rpl.o)
                0x0000ebf6                rpl_init
                0x0000ecc6                rpl_ipv6_neighbor_callback
                0x0000ed18                rpl_add_route
                0x0000ed8c                rpl_remove_routes
                0x0000edb2                rpl_purge_routes
 .text          0x0000edf6      0x2ce contiki-sky.a(neighbor-attr.o)
                0x0000edf6                neighbor_attr_get_timeout
                0x0000edfc                neighbor_attr_set_timeout
                0x0000ee36                neighbor_attr_list_neighbors
                0x0000eee8                neighbor_attr_tick
                0x0000eef6                neighbor_attr_get_data
                0x0000ef24                neighbor_attr_remove_neighbor
                0x0000ef4e                neighbor_attr_has_neighbor
                0x0000efa8                neighbor_attr_add_neighbor
                0x0000f028                neighbor_attr_set_data
                0x0000f090                neighbor_attr_register
 .text          0x0000f0c4       0x30 contiki-sky.a(spi.o)
                0x0000f0c4                spi_init
 .text          0x0000f0f4      0x3d6 contiki-sky.a(frame802154.o)
                0x0000f0f4                frame802154_parse
                0x0000f332                frame802154_create
                0x0000f4a2                frame802154_hdrlen
 .text          0x0000f4ca        0x0 /opt/msp430-gcc-4.4.5/lib/gcc/msp430/4.4.5/msp2/libgcc.a(_mulsi3hw.o)
 .text          0x0000f4ca        0x0 /opt/msp430-gcc-4.4.5/lib/gcc/msp430/4.4.5/msp2/libgcc.a(_udivmodhi4.o)
 .text          0x0000f4ca        0x0 /opt/msp430-gcc-4.4.5/lib/gcc/msp430/4.4.5/msp2/libgcc.a(_udivmodsi4.o)
 .text          0x0000f4ca        0x0 /opt/msp430-gcc-4.4.5/lib/gcc/msp430/4.4.5/msp2/libgcc.a(_reset_vector__.o)
 .text          0x0000f4ca        0x0 /opt/msp430-gcc-4.4.5/lib/gcc/msp430/4.4.5/msp2/libgcc.a(__init_stack.o)
 .text          0x0000f4ca        0x0 /opt/msp430-gcc-4.4.5/lib/gcc/msp430/4.4.5/msp2/libgcc.a(_copy_data.o)
 .text          0x0000f4ca        0x0 /opt/msp430-gcc-4.4.5/lib/gcc/msp430/4.4.5/msp2/libgcc.a(_clear_bss.o)
 .text          0x0000f4ca        0x0 /opt/msp430-gcc-4.4.5/lib/gcc/msp430/4.4.5/msp2/libgcc.a(__jump_to_main.o)
 .text          0x0000f4ca       0x58 /opt/msp430-gcc-4.4.5/lib/gcc/msp430/4.4.5/../../../../msp430/lib/msp2/libc.a(strncmp.o)
                0x0000f4ca                strncmp
 .text          0x0000f522       0x60 /opt/msp430-gcc-4.4.5/lib/gcc/msp430/4.4.5/../../../../msp430/lib/msp2/libc.a(memcmp.o)
                0x0000f522                memcmp
 .text          0x0000f582       0x54 /opt/msp430-gcc-4.4.5/lib/gcc/msp430/4.4.5/../../../../msp430/lib/msp2/libc.a(strncpy.o)
                0x0000f582                strncpy
 .text          0x0000f5d6      0x10a /opt/msp430-gcc-4.4.5/lib/gcc/msp430/4.4.5/../../../../msp430/lib/msp2/libc.a(memcpy.o)
                0x0000f5d6                memcpy
 .text          0x0000f6e0      0x10a /opt/msp430-gcc-4.4.5/lib/gcc/msp430/4.4.5/../../../../msp430/lib/msp2/libc.a(memmove.o)
                0x0000f6e0                memmove
 .text          0x0000f7ea       0x36 /opt/msp430-gcc-4.4.5/lib/gcc/msp430/4.4.5/../../../../msp430/lib/msp2/libc.a(snprintf.o)
                0x0000f7ea                snprintf
 .text          0x0000f820       0x8a /opt/msp430-gcc-4.4.5/lib/gcc/msp430/4.4.5/../../../../msp430/lib/msp2/libc.a(vsnprintf.o)
                0x0000f85a                vsnprintf
 .text          0x0000f8aa       0x2e /opt/msp430-gcc-4.4.5/lib/gcc/msp430/4.4.5/../../../../msp430/lib/msp2/libc.a(printf.o)
                0x0000f8aa                printf
 .text          0x0000f8d8      0x74c /opt/msp430-gcc-4.4.5/lib/gcc/msp430/4.4.5/../../../../msp430/lib/msp2/libc.a(vuprintf.o)
                0x0000f95c                vuprintf
 .text          0x00010024       0x4a /opt/msp430-gcc-4.4.5/lib/gcc/msp430/4.4.5/../../../../msp430/lib/msp2/libc.a(puts.o)
                0x00010024                puts
 .text          0x0001006e      0x128 /opt/msp430-gcc-4.4.5/lib/gcc/msp430/4.4.5/../../../../msp430/lib/msp2/libc.a(rand.o)
                0x0001012e                rand_r
                0x0001016a                rand
                0x0001017a                srand
 .text          0x00010196        0x2 /opt/msp430-gcc-4.4.5/lib/gcc/msp430/4.4.5/../../../../msp430/lib/msp2/libc.a(_unexpected_.o)
                0x00010196                _unexpected_
 .text          0x00010198       0x3a /opt/msp430-gcc-4.4.5/lib/gcc/msp430/4.4.5/../../../../msp430/lib/msp2/libc.a(memchr.o)
                0x00010198                memchr
 .text          0x000101d2       0x2a /opt/msp430-gcc-4.4.5/lib/gcc/msp430/4.4.5/../../../../msp430/lib/msp2/libc.a(strlen.o)
                0x000101d2                strlen
                0x000101fc                . = ALIGN (0x2)
 *(.text.*)
 .text.libgcc   0x000101fc       0x28 /opt/msp430-gcc-4.4.5/lib/gcc/msp430/4.4.5/msp2/libgcc.a(_mulsi3hw.o)
                0x000101fc                __umulsi3hw
 .text.libgcc   0x00010224       0x1c /opt/msp430-gcc-4.4.5/lib/gcc/msp430/4.4.5/msp2/libgcc.a(_udivmodhi4.o)
                0x00010224                __udivmodhi4
 .text.libgcc   0x00010240       0x2a /opt/msp430-gcc-4.4.5/lib/gcc/msp430/4.4.5/msp2/libgcc.a(_udivmodsi4.o)
                0x00010240                __udivmodsi4
 .text.libgcc   0x0001026a        0x0 /opt/msp430-gcc-4.4.5/lib/gcc/msp430/4.4.5/msp2/libgcc.a(_reset_vector__.o)
 .text.libgcc   0x0001026a        0x0 /opt/msp430-gcc-4.4.5/lib/gcc/msp430/4.4.5/msp2/libgcc.a(__init_stack.o)
 .text.libgcc   0x0001026a        0x0 /opt/msp430-gcc-4.4.5/lib/gcc/msp430/4.4.5/msp2/libgcc.a(_copy_data.o)
 .text.libgcc   0x0001026a        0x0 /opt/msp430-gcc-4.4.5/lib/gcc/msp430/4.4.5/msp2/libgcc.a(_clear_bss.o)
 .text.libgcc   0x0001026a        0x0 /opt/msp430-gcc-4.4.5/lib/gcc/msp430/4.4.5/msp2/libgcc.a(__jump_to_main.o)
                0x0001026a                . = ALIGN (0x2)
 *(.fini9)
 *(.fini9)
 *(.fini8)
 *(.fini8)
 *(.fini7)
 *(.fini7)
 *(.fini6)
 *(.fini6)
 *(.fini5)
 *(.fini5)
 *(.fini4)
 *(.fini4)
 *(.fini3)
 *(.fini3)
 *(.fini2)
 *(.fini2)
 *(.fini1)
 *(.fini1)
 *(.fini0)
 *(.fini0)
 *(.fini)
 *(.fini)
                0x0001026a                _etext = .

.data           0x00001100       0xc4 load address 0x0001026a
                0x00001100                PROVIDE (__data_start, .)
                0x00001100                . = ALIGN (0x2)
 *(.data)
 .data          0x00001100        0x0 /opt/msp430-gcc-4.4.5/lib/gcc/msp430/4.4.5/../../../../msp430/lib/crt430x1611.o
 .data          0x00001100       0x24 border-router.co
                0x00001100                dag_id
                0x00001110                border_router_process
                0x0000111a                webserver_nogui_process
 .data          0x00001124        0x0 obj_sky/slip-bridge.o
 .data          0x00001124        0x8 obj_sky/httpd-simple.o
 .data          0x0000112c        0x0 obj_sky/contiki-sky-main.o
 .data          0x0000112c        0x0 contiki-sky.a(rimeaddr.o)
 .data          0x0000112c        0x8 contiki-sky.a(csma.o)
 .data          0x00001134        0xe contiki-sky.a(contikimac.o)
                0x00001134                phase_list
 .data          0x00001142        0x8 contiki-sky.a(phase.o)
 .data          0x0000114a        0x8 contiki-sky.a(rpl-dag.o)
 .data          0x00001152        0x0 contiki-sky.a(rpl-icmp6.o)
 .data          0x00001152        0x0 contiki-sky.a(rpl-timers.o)
 .data          0x00001152        0xc contiki-sky.a(rpl-of-etx.o)
                0x00001152                rpl_of_etx
 .data          0x0000115e        0x0 contiki-sky.a(process.o)
 .data          0x0000115e        0x0 contiki-sky.a(autostart.o)
 .data          0x0000115e        0x0 contiki-sky.a(memb.o)
 .data          0x0000115e        0x0 contiki-sky.a(timer.o)
 .data          0x0000115e        0x0 contiki-sky.a(list.o)
 .data          0x0000115e        0xa contiki-sky.a(etimer.o)
                0x0000115e                etimer_process
 .data          0x00001168        0xa contiki-sky.a(ctimer.o)
                0x00001168                ctimer_process
 .data          0x00001172        0x0 contiki-sky.a(energest.o)
 .data          0x00001172        0x0 contiki-sky.a(rtimer.o)
 .data          0x00001172        0x0 contiki-sky.a(stimer.o)
 .data          0x00001172        0x0 contiki-sky.a(random.o)
 .data          0x00001172        0x0 contiki-sky.a(uip-debug.o)
 .data          0x00001172        0x0 contiki-sky.a(packetbuf.o)
 .data          0x00001172       0x10 contiki-sky.a(queuebuf.o)
 .data          0x00001182        0x0 contiki-sky.a(uip6.o)
 .data          0x00001182        0xa contiki-sky.a(tcpip.o)
                0x00001182                tcpip_process
 .data          0x0000118c        0x0 contiki-sky.a(psock.o)
 .data          0x0000118c        0x0 contiki-sky.a(uip-icmp6.o)
 .data          0x0000118c        0x0 contiki-sky.a(uip-nd6.o)
 .data          0x0000118c        0x0 contiki-sky.a(sicslowpan.o)
 .data          0x0000118c        0x8 contiki-sky.a(neighbor-info.o)
 .data          0x00001194        0x0 contiki-sky.a(uip-ds6.o)
 .data          0x00001194        0x4 contiki-sky.a(contiki-sky-pla)
                0x00001194                sensors
 .data          0x00001198        0x0 contiki-sky.a(button-sensor.o)
 .data          0x00001198        0x0 contiki-sky.a(ds2411.o)
 .data          0x00001198        0x0 contiki-sky.a(xmem.o)
 .data          0x00001198        0x0 contiki-sky.a(node-id.o)
 .data          0x00001198        0xa contiki-sky.a(sensors.o)
                0x00001198                sensors_process
 .data          0x000011a2        0xa contiki-sky.a(cc2420.o)
                0x000011a2                cc2420_process
 .data          0x000011ac        0x0 contiki-sky.a(cc2420-arch.o)
 .data          0x000011ac        0x0 contiki-sky.a(uart1.o)
 .data          0x000011ac        0x0 contiki-sky.a(slip_uart1.o)
 .data          0x000011ac        0xa contiki-sky.a(slip.o)
                0x000011ac                slip_process
 .data          0x000011b6        0x2 contiki-sky.a(msp430.o)
 .data          0x000011b8        0x0 contiki-sky.a(clock.o)
 .data          0x000011b8        0x0 contiki-sky.a(leds.o)
 .data          0x000011b8        0x0 contiki-sky.a(leds-arch.o)
 .data          0x000011b8        0x0 contiki-sky.a(watchdog.o)
 .data          0x000011b8        0x0 contiki-sky.a(rtimer-arch.o)
 .data          0x000011b8        0x0 contiki-sky.a(rimestats.o)
 .data          0x000011b8        0x0 contiki-sky.a(mac.o)
 .data          0x000011b8        0x0 contiki-sky.a(framer-802154.o)
 .data          0x000011b8        0x0 contiki-sky.a(rpl.o)
 .data          0x000011b8        0x8 contiki-sky.a(neighbor-attr.o)
 .data          0x000011c0        0x0 contiki-sky.a(spi.o)
 .data          0x000011c0        0x0 contiki-sky.a(frame802154.o)
 .data          0x000011c0        0x0 /opt/msp430-gcc-4.4.5/lib/gcc/msp430/4.4.5/msp2/libgcc.a(_mulsi3hw.o)
 .data          0x000011c0        0x0 /opt/msp430-gcc-4.4.5/lib/gcc/msp430/4.4.5/msp2/libgcc.a(_udivmodhi4.o)
 .data          0x000011c0        0x0 /opt/msp430-gcc-4.4.5/lib/gcc/msp430/4.4.5/msp2/libgcc.a(_udivmodsi4.o)
 .data          0x000011c0        0x0 /opt/msp430-gcc-4.4.5/lib/gcc/msp430/4.4.5/msp2/libgcc.a(_reset_vector__.o)
 .data          0x000011c0        0x0 /opt/msp430-gcc-4.4.5/lib/gcc/msp430/4.4.5/msp2/libgcc.a(__init_stack.o)
 .data          0x000011c0        0x0 /opt/msp430-gcc-4.4.5/lib/gcc/msp430/4.4.5/msp2/libgcc.a(_copy_data.o)
 .data          0x000011c0        0x0 /opt/msp430-gcc-4.4.5/lib/gcc/msp430/4.4.5/msp2/libgcc.a(_clear_bss.o)
 .data          0x000011c0        0x0 /opt/msp430-gcc-4.4.5/lib/gcc/msp430/4.4.5/msp2/libgcc.a(__jump_to_main.o)
 .data          0x000011c0        0x0 /opt/msp430-gcc-4.4.5/lib/gcc/msp430/4.4.5/../../../../msp430/lib/msp2/libc.a(strncmp.o)
 .data          0x000011c0        0x0 /opt/msp430-gcc-4.4.5/lib/gcc/msp430/4.4.5/../../../../msp430/lib/msp2/libc.a(memcmp.o)
 .data          0x000011c0        0x0 /opt/msp430-gcc-4.4.5/lib/gcc/msp430/4.4.5/../../../../msp430/lib/msp2/libc.a(strncpy.o)
 .data          0x000011c0        0x0 /opt/msp430-gcc-4.4.5/lib/gcc/msp430/4.4.5/../../../../msp430/lib/msp2/libc.a(memcpy.o)
 .data          0x000011c0        0x0 /opt/msp430-gcc-4.4.5/lib/gcc/msp430/4.4.5/../../../../msp430/lib/msp2/libc.a(memmove.o)
 .data          0x000011c0        0x0 /opt/msp430-gcc-4.4.5/lib/gcc/msp430/4.4.5/../../../../msp430/lib/msp2/libc.a(snprintf.o)
 .data          0x000011c0        0x0 /opt/msp430-gcc-4.4.5/lib/gcc/msp430/4.4.5/../../../../msp430/lib/msp2/libc.a(vsnprintf.o)
 .data          0x000011c0        0x0 /opt/msp430-gcc-4.4.5/lib/gcc/msp430/4.4.5/../../../../msp430/lib/msp2/libc.a(printf.o)
 .data          0x000011c0        0x0 /opt/msp430-gcc-4.4.5/lib/gcc/msp430/4.4.5/../../../../msp430/lib/msp2/libc.a(vuprintf.o)
 .data          0x000011c0        0x0 /opt/msp430-gcc-4.4.5/lib/gcc/msp430/4.4.5/../../../../msp430/lib/msp2/libc.a(puts.o)
 .data          0x000011c0        0x4 /opt/msp430-gcc-4.4.5/lib/gcc/msp430/4.4.5/../../../../msp430/lib/msp2/libc.a(rand.o)
 .data          0x000011c4        0x0 /opt/msp430-gcc-4.4.5/lib/gcc/msp430/4.4.5/../../../../msp430/lib/msp2/libc.a(_unexpected_.o)
 .data          0x000011c4        0x0 /opt/msp430-gcc-4.4.5/lib/gcc/msp430/4.4.5/../../../../msp430/lib/msp2/libc.a(memchr.o)
 .data          0x000011c4        0x0 /opt/msp430-gcc-4.4.5/lib/gcc/msp430/4.4.5/../../../../msp430/lib/msp2/libc.a(strlen.o)
 *(SORT(.data.*))
                0x000011c4                . = ALIGN (0x2)
 *(.gnu.linkonce.d*)
                0x000011c4                . = ALIGN (0x2)
                0x000011c4                _edata = .
                0x0001026a                PROVIDE (__data_load_start, LOADADDR (.data))
                0x000000c4                PROVIDE (__data_size, SIZEOF (.data))

.bootloader     0x00000c00        0x0
                0x00000c00                PROVIDE (__boot_start, .)
 *(.bootloader)
                0x00000c00                . = ALIGN (0x2)
 *(.bootloader.*)

.infomem        0x00001000        0x0
 *(.infomem)
                0x00001000                . = ALIGN (0x2)
 *(.infomem.*)

.infomemnobits  0x00001000        0x0
 *(.infomemnobits)
                0x00001000                . = ALIGN (0x2)
 *(.infomemnobits.*)

.bss            0x000011c4     0x2570
                0x000011c4                PROVIDE (__bss_start, .)
 *(.bss)
 .bss           0x000011c4        0x0 /opt/msp430-gcc-4.4.5/lib/gcc/msp430/4.4.5/../../../../msp430/lib/crt430x1611.o
 .bss           0x000011c4       0xa2 border-router.co
 .bss           0x00001266       0x12 obj_sky/slip-bridge.o
 .bss           0x00001278       0xae obj_sky/httpd-simple.o
 .bss           0x00001326        0xc obj_sky/contiki-sky-main.o
 .bss           0x00001332        0x0 contiki-sky.a(rimeaddr.o)
 .bss           0x00001332       0x68 contiki-sky.a(csma.o)
 .bss           0x0000139a      0x36e contiki-sky.a(contikimac.o)
 .bss           0x00001708       0xd8 contiki-sky.a(phase.o)
 .bss           0x000017e0      0x214 contiki-sky.a(rpl-dag.o)
 .bss           0x000019f4        0x1 contiki-sky.a(rpl-icmp6.o)
 *fill*         0x000019f5        0x1 00
 .bss           0x000019f6       0x18 contiki-sky.a(rpl-timers.o)
 .bss           0x00001a0e        0x0 contiki-sky.a(rpl-of-etx.o)
 .bss           0x00001a0e       0x42 contiki-sky.a(process.o)
                0x00001a0e                process_list
                0x00001a10                process_current
 .bss           0x00001a50        0x0 contiki-sky.a(autostart.o)
 .bss           0x00001a50        0x0 contiki-sky.a(memb.o)
 .bss           0x00001a50        0x0 contiki-sky.a(timer.o)
 .bss           0x00001a50        0x0 contiki-sky.a(list.o)
 .bss           0x00001a50        0x6 contiki-sky.a(etimer.o)
 .bss           0x00001a56        0x4 contiki-sky.a(ctimer.o)
 .bss           0x00001a5a        0x0 contiki-sky.a(energest.o)
 .bss           0x00001a5a        0x2 contiki-sky.a(rtimer.o)
 .bss           0x00001a5c        0x0 contiki-sky.a(stimer.o)
 .bss           0x00001a5c        0x0 contiki-sky.a(random.o)
 .bss           0x00001a5c        0x0 contiki-sky.a(uip-debug.o)
 .bss           0x00001a5c       0xba contiki-sky.a(packetbuf.o)
 .bss           0x00001b16      0x706 contiki-sky.a(queuebuf.o)
 .bss           0x0000221c       0x12 contiki-sky.a(uip6.o)
                0x0000221c                uip_ext_bitmap
                0x0000221e                uip_ext_len
                0x00002220                uip_ext_opt_offset
 .bss           0x0000222e       0x36 contiki-sky.a(tcpip.o)
 .bss           0x00002264        0x0 contiki-sky.a(psock.o)
 .bss           0x00002264       0x10 contiki-sky.a(uip-icmp6.o)
 .bss           0x00002274        0xa contiki-sky.a(uip-nd6.o)
 .bss           0x0000227e      0x11e contiki-sky.a(sicslowpan.o)
 .bss           0x0000239c        0xe contiki-sky.a(neighbor-info.o)
 .bss           0x000023aa       0x20 contiki-sky.a(uip-ds6.o)
 .bss           0x000023ca        0x0 contiki-sky.a(contiki-sky-pla)
 .bss           0x000023ca        0x8 contiki-sky.a(button-sensor.o)
 .bss           0x000023d2        0x0 contiki-sky.a(ds2411.o)
 .bss           0x000023d2        0x0 contiki-sky.a(xmem.o)
 .bss           0x000023d2        0x2 contiki-sky.a(node-id.o)
                0x000023d2                node_id
 .bss           0x000023d4        0x6 contiki-sky.a(sensors.o)
 .bss           0x000023da        0xc contiki-sky.a(cc2420.o)
 .bss           0x000023e6        0x0 contiki-sky.a(cc2420-arch.o)
 .bss           0x000023e6        0x4 contiki-sky.a(uart1.o)
 .bss           0x000023ea        0x0 contiki-sky.a(slip_uart1.o)
 .bss           0x000023ea      0x10a contiki-sky.a(slip.o)
 .bss           0x000024f4        0x0 contiki-sky.a(msp430.o)
 .bss           0x000024f4        0xa contiki-sky.a(clock.o)
 .bss           0x000024fe        0x2 contiki-sky.a(leds.o)
 .bss           0x00002500        0x0 contiki-sky.a(leds-arch.o)
 .bss           0x00002500        0x2 contiki-sky.a(watchdog.o)
 .bss           0x00002502        0x0 contiki-sky.a(rtimer-arch.o)
 .bss           0x00002502        0x0 contiki-sky.a(rimestats.o)
 .bss           0x00002502        0x0 contiki-sky.a(mac.o)
 .bss           0x00002502        0x2 contiki-sky.a(framer-802154.o)
 .bss           0x00002504        0x0 contiki-sky.a(rpl.o)
 .bss           0x00002504       0xce contiki-sky.a(neighbor-attr.o)
 .bss           0x000025d2        0x2 contiki-sky.a(spi.o)
                0x000025d2                spi_busy
 .bss           0x000025d4        0x0 contiki-sky.a(frame802154.o)
 .bss           0x000025d4        0x0 /opt/msp430-gcc-4.4.5/lib/gcc/msp430/4.4.5/msp2/libgcc.a(_mulsi3hw.o)
 .bss           0x000025d4        0x0 /opt/msp430-gcc-4.4.5/lib/gcc/msp430/4.4.5/msp2/libgcc.a(_udivmodhi4.o)
 .bss           0x000025d4        0x0 /opt/msp430-gcc-4.4.5/lib/gcc/msp430/4.4.5/msp2/libgcc.a(_udivmodsi4.o)
 .bss           0x000025d4        0x0 /opt/msp430-gcc-4.4.5/lib/gcc/msp430/4.4.5/msp2/libgcc.a(_reset_vector__.o)
 .bss           0x000025d4        0x0 /opt/msp430-gcc-4.4.5/lib/gcc/msp430/4.4.5/msp2/libgcc.a(__init_stack.o)
 .bss           0x000025d4        0x0 /opt/msp430-gcc-4.4.5/lib/gcc/msp430/4.4.5/msp2/libgcc.a(_copy_data.o)
 .bss           0x000025d4        0x0 /opt/msp430-gcc-4.4.5/lib/gcc/msp430/4.4.5/msp2/libgcc.a(_clear_bss.o)
 .bss           0x000025d4        0x0 /opt/msp430-gcc-4.4.5/lib/gcc/msp430/4.4.5/msp2/libgcc.a(__jump_to_main.o)
 .bss           0x000025d4        0x0 /opt/msp430-gcc-4.4.5/lib/gcc/msp430/4.4.5/../../../../msp430/lib/msp2/libc.a(strncmp.o)
 .bss           0x000025d4        0x0 /opt/msp430-gcc-4.4.5/lib/gcc/msp430/4.4.5/../../../../msp430/lib/msp2/libc.a(memcmp.o)
 .bss           0x000025d4        0x0 /opt/msp430-gcc-4.4.5/lib/gcc/msp430/4.4.5/../../../../msp430/lib/msp2/libc.a(strncpy.o)
 .bss           0x000025d4        0x0 /opt/msp430-gcc-4.4.5/lib/gcc/msp430/4.4.5/../../../../msp430/lib/msp2/libc.a(memcpy.o)
 .bss           0x000025d4        0x0 /opt/msp430-gcc-4.4.5/lib/gcc/msp430/4.4.5/../../../../msp430/lib/msp2/libc.a(memmove.o)
 .bss           0x000025d4        0x0 /opt/msp430-gcc-4.4.5/lib/gcc/msp430/4.4.5/../../../../msp430/lib/msp2/libc.a(snprintf.o)
 .bss           0x000025d4        0x4 /opt/msp430-gcc-4.4.5/lib/gcc/msp430/4.4.5/../../../../msp430/lib/msp2/libc.a(vsnprintf.o)
 .bss           0x000025d8        0x0 /opt/msp430-gcc-4.4.5/lib/gcc/msp430/4.4.5/../../../../msp430/lib/msp2/libc.a(printf.o)
 .bss           0x000025d8        0x4 /opt/msp430-gcc-4.4.5/lib/gcc/msp430/4.4.5/../../../../msp430/lib/msp2/libc.a(vuprintf.o)
 .bss           0x000025dc        0x0 /opt/msp430-gcc-4.4.5/lib/gcc/msp430/4.4.5/../../../../msp430/lib/msp2/libc.a(puts.o)
 .bss           0x000025dc        0x0 /opt/msp430-gcc-4.4.5/lib/gcc/msp430/4.4.5/../../../../msp430/lib/msp2/libc.a(rand.o)
 .bss           0x000025dc        0x0 /opt/msp430-gcc-4.4.5/lib/gcc/msp430/4.4.5/../../../../msp430/lib/msp2/libc.a(_unexpected_.o)
 .bss           0x000025dc        0x0 /opt/msp430-gcc-4.4.5/lib/gcc/msp430/4.4.5/../../../../msp430/lib/msp2/libc.a(memchr.o)
 .bss           0x000025dc        0x0 /opt/msp430-gcc-4.4.5/lib/gcc/msp430/4.4.5/../../../../msp430/lib/msp2/libc.a(strlen.o)
 *(SORT(.bss.*))
 *(COMMON)
 COMMON         0x000025dc        0x8 contiki-sky.a(rimeaddr.o)
                0x000025dc                rimeaddr_node_addr
 COMMON         0x000025e4        0x1 contiki-sky.a(process.o)
                0x000025e4                process_maxevents
 *fill*         0x000025e5        0x1 00
 COMMON         0x000025e6       0x56 contiki-sky.a(energest.o)
                0x000025e6                energest_total_time
                0x00002616                energest_total_count
                0x00002618                energest_current_mode
                0x00002624                energest_current_time
 COMMON         0x0000263c       0x50 contiki-sky.a(packetbuf.o)
                0x0000263c                packetbuf_addrs
                0x0000265c                packetbuf_attrs
 COMMON         0x0000268c      0x304 contiki-sky.a(uip6.o)
                0x0000268c                uip_len
                0x0000268e                uip_sappdata
                0x00002690                uip_acc32
                0x00002694                uip_lladdr
                0x0000269c                uip_aligned_buf
                0x0000278c                uip_flags
                0x0000278e                uip_next_hdr
                0x00002790                uip_udp_conn
                0x00002792                uip_appdata
                0x00002794                uip_conn
                0x00002796                uip_conns
                0x00002846                uip_listenports
                0x00002856                uip_slen
                0x00002858                uip_udp_conns
 COMMON         0x00002990        0x1 contiki-sky.a(tcpip.o)
                0x00002990                tcpip_event
 *fill*         0x00002991        0x1 00
 COMMON         0x00002992        0xa contiki-sky.a(sicslowpan.o)
                0x00002992                sicslowpan_mac
                0x00002994                frag_sender
 COMMON         0x0000299c      0xd2c contiki-sky.a(uip-ds6.o)
                0x0000299c                uip_ds6_timer_ra
                0x000029a4                uip_ds6_if
                0x00002aae                uip_ds6_prefix_list
                0x00002b08                uip_ds6_timer_periodic
                0x00002b14                uip_ds6_defrt_list
                0x00002b4c                uip_ds6_nbr_cache
                0x00003128                uip_ds6_routing_table
 COMMON         0x000036c8        0x2 contiki-sky.a(contiki-sky-pla)
                0x000036c8                sensors_flags
 COMMON         0x000036ca        0x8 contiki-sky.a(ds2411.o)
                0x000036ca                ds2411_id
 COMMON         0x000036d2        0x1 contiki-sky.a(sensors.o)
                0x000036d2                sensors_event
 *fill*         0x000036d3        0x1 00
 COMMON         0x000036d4       0x14 contiki-sky.a(cc2420.o)
                0x000036d4                cc2420_last_rssi
                0x000036d6                cc2420_packets_read
                0x000036d8                cc2420_packets_seen
                0x000036da                cc2420_sfd_start_time
                0x000036dc                cc2420_time_of_departure
                0x000036de                cc2420_time_of_arrival
                0x000036e0                cc2420_last_correlation
                0x000036e2                cc2420_authority_level_of_sender
                0x000036e4                cc2420_sfd_counter
                0x000036e6                cc2420_sfd_end_time
 COMMON         0x000036e8        0x1 contiki-sky.a(slip.o)
                0x000036e8                slip_active
 *fill*         0x000036e9        0x1 00
 COMMON         0x000036ea        0x2 contiki-sky.a(msp430.o)
                0x000036ea                msp430_dco_required
 COMMON         0x000036ec       0x48 contiki-sky.a(rimestats.o)
                0x000036ec                rimestats
                0x00003734                PROVIDE (__bss_end, .)
                0x00003734                _end = .
                0x00002570                PROVIDE (__bss_size, SIZEOF (.bss))

.noinit         0x00003734        0x0
                0x00003734                PROVIDE (__noinit_start, .)
 *(.noinit)
 *(.noinit.*)
 *(COMMON)
                0x00003734                PROVIDE (__noinit_end, .)
                0x00003734                _end = .

.vectors        0x0000ffe0       0x20
                0x0000ffe0                PROVIDE (__vectors_start, .)
 *(.vectors*)
 .vectors       0x0000ffe0       0x20 /opt/msp430-gcc-4.4.5/lib/gcc/msp430/4.4.5/../../../../msp430/lib/crt430x1611.o
                0x0000ffe0                InterruptVectors
 *(.vectors*)
                0x00010000                _vectors_end = .

.profiler
 *(.profiler)

.stab
 *(.stab)

.stabstr
 *(.stabstr)

.stab.excl
 *(.stab.excl)

.stab.exclstr
 *(.stab.exclstr)

.stab.index
 *(.stab.index)

.stab.indexstr
 *(.stab.indexstr)

.comment
 *(.comment)

.debug
 *(.debug)

.line
 *(.line)

.debug_srcinfo
 *(.debug_srcinfo .zdebug_srcinfo)

.debug_sfnames
 *(.debug_sfnames .zdebug_sfnames)

.debug_aranges  0x00000000      0x500
 *(.debug_aranges .zdebug_aranges)
 .debug_aranges
                0x00000000       0x14 border-router.co
 .debug_aranges
                0x00000014       0x14 obj_sky/slip-bridge.o
 .debug_aranges
                0x00000028       0x14 obj_sky/httpd-simple.o
 .debug_aranges
                0x0000003c       0x14 obj_sky/contiki-sky-main.o
 .debug_aranges
                0x00000050       0x14 contiki-sky.a(rimeaddr.o)
 .debug_aranges
                0x00000064       0x14 contiki-sky.a(csma.o)
 .debug_aranges
                0x00000078       0x14 contiki-sky.a(contikimac.o)
 .debug_aranges
                0x0000008c       0x14 contiki-sky.a(phase.o)
 .debug_aranges
                0x000000a0       0x14 contiki-sky.a(rpl-dag.o)
 .debug_aranges
                0x000000b4       0x14 contiki-sky.a(rpl-icmp6.o)
 .debug_aranges
                0x000000c8       0x14 contiki-sky.a(rpl-timers.o)
 .debug_aranges
                0x000000dc       0x14 contiki-sky.a(rpl-of-etx.o)
 .debug_aranges
                0x000000f0       0x14 contiki-sky.a(process.o)
 .debug_aranges
                0x00000104       0x14 contiki-sky.a(autostart.o)
 .debug_aranges
                0x00000118       0x14 contiki-sky.a(memb.o)
 .debug_aranges
                0x0000012c       0x14 contiki-sky.a(timer.o)
 .debug_aranges
                0x00000140       0x14 contiki-sky.a(list.o)
 .debug_aranges
                0x00000154       0x14 contiki-sky.a(etimer.o)
 .debug_aranges
                0x00000168       0x14 contiki-sky.a(ctimer.o)
 .debug_aranges
                0x0000017c       0x14 contiki-sky.a(energest.o)
 .debug_aranges
                0x00000190       0x14 contiki-sky.a(rtimer.o)
 .debug_aranges
                0x000001a4       0x14 contiki-sky.a(stimer.o)
 .debug_aranges
                0x000001b8       0x14 contiki-sky.a(random.o)
 .debug_aranges
                0x000001cc       0x14 contiki-sky.a(uip-debug.o)
 .debug_aranges
                0x000001e0       0x14 contiki-sky.a(packetbuf.o)
 .debug_aranges
                0x000001f4       0x14 contiki-sky.a(queuebuf.o)
 .debug_aranges
                0x00000208       0x14 contiki-sky.a(uip6.o)
 .debug_aranges
                0x0000021c       0x14 contiki-sky.a(tcpip.o)
 .debug_aranges
                0x00000230       0x14 contiki-sky.a(psock.o)
 .debug_aranges
                0x00000244       0x14 contiki-sky.a(uip-icmp6.o)
 .debug_aranges
                0x00000258       0x14 contiki-sky.a(uip-nd6.o)
 .debug_aranges
                0x0000026c       0x14 contiki-sky.a(sicslowpan.o)
 .debug_aranges
                0x00000280       0x14 contiki-sky.a(neighbor-info.o)
 .debug_aranges
                0x00000294       0x14 contiki-sky.a(uip-ds6.o)
 .debug_aranges
                0x000002a8       0x14 contiki-sky.a(contiki-sky-pla)
 .debug_aranges
                0x000002bc       0x14 contiki-sky.a(button-sensor.o)
 .debug_aranges
                0x000002d0       0x14 contiki-sky.a(ds2411.o)
 .debug_aranges
                0x000002e4       0x14 contiki-sky.a(xmem.o)
 .debug_aranges
                0x000002f8       0x14 contiki-sky.a(node-id.o)
 .debug_aranges
                0x0000030c       0x14 contiki-sky.a(sensors.o)
 .debug_aranges
                0x00000320       0x14 contiki-sky.a(cc2420.o)
 .debug_aranges
                0x00000334       0x14 contiki-sky.a(cc2420-arch.o)
 .debug_aranges
                0x00000348       0x14 contiki-sky.a(uart1.o)
 .debug_aranges
                0x0000035c       0x14 contiki-sky.a(slip_uart1.o)
 .debug_aranges
                0x00000370       0x14 contiki-sky.a(slip.o)
 .debug_aranges
                0x00000384       0x14 contiki-sky.a(msp430.o)
 .debug_aranges
                0x00000398       0x14 contiki-sky.a(clock.o)
 .debug_aranges
                0x000003ac       0x14 contiki-sky.a(leds.o)
 .debug_aranges
                0x000003c0       0x14 contiki-sky.a(leds-arch.o)
 .debug_aranges
                0x000003d4       0x14 contiki-sky.a(watchdog.o)
 .debug_aranges
                0x000003e8       0x14 contiki-sky.a(rtimer-arch.o)
 .debug_aranges
                0x000003fc       0x14 contiki-sky.a(mac.o)
 .debug_aranges
                0x00000410       0x14 contiki-sky.a(framer-802154.o)
 .debug_aranges
                0x00000424       0x14 contiki-sky.a(rpl.o)
 .debug_aranges
                0x00000438       0x14 contiki-sky.a(neighbor-attr.o)
 .debug_aranges
                0x0000044c       0x14 contiki-sky.a(spi.o)
 .debug_aranges
                0x00000460       0x14 contiki-sky.a(frame802154.o)
 .debug_aranges
                0x00000474       0x14 /opt/msp430-gcc-4.4.5/lib/gcc/msp430/4.4.5/msp2/libgcc.a(_mulsi3hw.o)
 .debug_aranges
                0x00000488       0x14 /opt/msp430-gcc-4.4.5/lib/gcc/msp430/4.4.5/msp2/libgcc.a(_udivmodhi4.o)
 .debug_aranges
                0x0000049c       0x14 /opt/msp430-gcc-4.4.5/lib/gcc/msp430/4.4.5/msp2/libgcc.a(_udivmodsi4.o)
 .debug_aranges
                0x000004b0       0x14 /opt/msp430-gcc-4.4.5/lib/gcc/msp430/4.4.5/msp2/libgcc.a(__init_stack.o)
 .debug_aranges
                0x000004c4       0x14 /opt/msp430-gcc-4.4.5/lib/gcc/msp430/4.4.5/msp2/libgcc.a(_copy_data.o)
 .debug_aranges
                0x000004d8       0x14 /opt/msp430-gcc-4.4.5/lib/gcc/msp430/4.4.5/msp2/libgcc.a(_clear_bss.o)
 .debug_aranges
                0x000004ec       0x14 /opt/msp430-gcc-4.4.5/lib/gcc/msp430/4.4.5/msp2/libgcc.a(__jump_to_main.o)

.debug_pubnames
                0x00000000     0x2375
 *(.debug_pubnames .zdebug_pubnames)
 .debug_pubnames
                0x00000000       0xac border-router.co
 .debug_pubnames
                0x000000ac       0x30 obj_sky/slip-bridge.o
 .debug_pubnames
                0x000000dc       0x97 obj_sky/httpd-simple.o
 .debug_pubnames
                0x00000173       0x27 obj_sky/contiki-sky-main.o
 .debug_pubnames
                0x0000019a       0x79 contiki-sky.a(rimeaddr.o)
 .debug_pubnames
                0x00000213       0x22 contiki-sky.a(csma.o)
 .debug_pubnames
                0x00000235       0x52 contiki-sky.a(contikimac.o)
 .debug_pubnames
                0x00000287       0x64 contiki-sky.a(phase.o)
 .debug_pubnames
                0x000002eb      0x159 contiki-sky.a(rpl-dag.o)
 .debug_pubnames
                0x00000444       0x64 contiki-sky.a(rpl-icmp6.o)
 .debug_pubnames
                0x000004a8       0x5c contiki-sky.a(rpl-timers.o)
 .debug_pubnames
                0x00000504       0x21 contiki-sky.a(rpl-of-etx.o)
 .debug_pubnames
                0x00000525      0x10d contiki-sky.a(process.o)
 .debug_pubnames
                0x00000632       0x39 contiki-sky.a(autostart.o)
 .debug_pubnames
                0x0000066b       0x4d contiki-sky.a(memb.o)
 .debug_pubnames
                0x000006b8       0x68 contiki-sky.a(timer.o)
 .debug_pubnames
                0x00000720       0xc3 contiki-sky.a(list.o)
 .debug_pubnames
                0x000007e3      0x109 contiki-sky.a(etimer.o)
 .debug_pubnames
                0x000008ec       0x8b contiki-sky.a(ctimer.o)
 .debug_pubnames
                0x00000977       0xec contiki-sky.a(energest.o)
 .debug_pubnames
                0x00000a63       0x45 contiki-sky.a(rtimer.o)
 .debug_pubnames
                0x00000aa8       0x80 contiki-sky.a(stimer.o)
 .debug_pubnames
                0x00000b28       0x32 contiki-sky.a(random.o)
 .debug_pubnames
                0x00000b5a       0x48 contiki-sky.a(uip-debug.o)
 .debug_pubnames
                0x00000ba2      0x22c contiki-sky.a(packetbuf.o)
 .debug_pubnames
                0x00000dce       0xff contiki-sky.a(queuebuf.o)
 .debug_pubnames
                0x00000ecd      0x203 contiki-sky.a(uip6.o)
 .debug_pubnames
                0x000010d0      0x12c contiki-sky.a(tcpip.o)
 .debug_pubnames
                0x000011fc       0x94 contiki-sky.a(psock.o)
 .debug_pubnames
                0x00001290       0x61 contiki-sky.a(uip-icmp6.o)
 .debug_pubnames
                0x000012f1       0x52 contiki-sky.a(uip-nd6.o)
 .debug_pubnames
                0x00001343       0x9a contiki-sky.a(sicslowpan.o)
 .debug_pubnames
                0x000013dd       0x8b contiki-sky.a(neighbor-info.o)
 .debug_pubnames
                0x00001468      0x3d7 contiki-sky.a(uip-ds6.o)
 .debug_pubnames
                0x0000183f       0x42 contiki-sky.a(contiki-sky-pla)
 .debug_pubnames
                0x00001881       0x2f contiki-sky.a(button-sensor.o)
 .debug_pubnames
                0x000018b0       0x30 contiki-sky.a(ds2411.o)
 .debug_pubnames
                0x000018e0       0x4e contiki-sky.a(xmem.o)
 .debug_pubnames
                0x0000192e       0x43 contiki-sky.a(node-id.o)
 .debug_pubnames
                0x00001971       0x80 contiki-sky.a(sensors.o)
 .debug_pubnames
                0x000019f1      0x236 contiki-sky.a(cc2420.o)
 .debug_pubnames
                0x00001c27       0x43 contiki-sky.a(cc2420-arch.o)
 .debug_pubnames
                0x00001c6a       0x6e contiki-sky.a(uart1.o)
 .debug_pubnames
                0x00001cd8       0x3a contiki-sky.a(slip_uart1.o)
 .debug_pubnames
                0x00001d12       0x80 contiki-sky.a(slip.o)
 .debug_pubnames
                0x00001d92       0xd1 contiki-sky.a(msp430.o)
 .debug_pubnames
                0x00001e63       0xc5 contiki-sky.a(clock.o)
 .debug_pubnames
                0x00001f28       0x75 contiki-sky.a(leds.o)
 .debug_pubnames
                0x00001f9d       0x49 contiki-sky.a(leds-arch.o)
 .debug_pubnames
                0x00001fe6       0x8a contiki-sky.a(watchdog.o)
 .debug_pubnames
                0x00002070       0x60 contiki-sky.a(rtimer-arch.o)
 .debug_pubnames
                0x000020d0       0x20 contiki-sky.a(rimestats.o)
 .debug_pubnames
                0x000020f0       0x2d contiki-sky.a(mac.o)
 .debug_pubnames
                0x0000211d       0x24 contiki-sky.a(framer-802154.o)
 .debug_pubnames
                0x00002141       0x7b contiki-sky.a(rpl.o)
 .debug_pubnames
                0x000021bc      0x137 contiki-sky.a(neighbor-attr.o)
 .debug_pubnames
                0x000022f3       0x2c contiki-sky.a(spi.o)
 .debug_pubnames
                0x0000231f       0x56 contiki-sky.a(frame802154.o)

.debug_info     0x00000000    0x17462
 *(.debug_info .gnu.linkonce.wi.* .zdebug_info)
 .debug_info    0x00000000     0x12d1 border-router.co
 .debug_info    0x000012d1      0x488 obj_sky/slip-bridge.o
 .debug_info    0x00001759      0x8c9 obj_sky/httpd-simple.o
 .debug_info    0x00002022      0x84b obj_sky/contiki-sky-main.o
 .debug_info    0x0000286d      0x1b3 contiki-sky.a(rimeaddr.o)
 .debug_info    0x00002a20      0x9c0 contiki-sky.a(csma.o)
 .debug_info    0x000033e0      0xdfc contiki-sky.a(contikimac.o)
 .debug_info    0x000041dc      0x7cc contiki-sky.a(phase.o)
 .debug_info    0x000049a8     0x1213 contiki-sky.a(rpl-dag.o)
 .debug_info    0x00005bbb     0x16c8 contiki-sky.a(rpl-icmp6.o)
 .debug_info    0x00007283      0x949 contiki-sky.a(rpl-timers.o)
 .debug_info    0x00007bcc      0xa4b contiki-sky.a(rpl-of-etx.o)
 .debug_info    0x00008617      0x522 contiki-sky.a(process.o)
 .debug_info    0x00008b39      0x1a5 contiki-sky.a(autostart.o)
 .debug_info    0x00008cde      0x194 contiki-sky.a(memb.o)
 .debug_info    0x00008e72      0x16c contiki-sky.a(timer.o)
 .debug_info    0x00008fde      0x3d4 contiki-sky.a(list.o)
 .debug_info    0x000093b2      0x472 contiki-sky.a(etimer.o)
 .debug_info    0x00009824      0x47b contiki-sky.a(ctimer.o)
 .debug_info    0x00009c9f      0x247 contiki-sky.a(energest.o)
 .debug_info    0x00009ee6      0x1fb contiki-sky.a(rtimer.o)
 .debug_info    0x0000a0e1      0x17d contiki-sky.a(stimer.o)
 .debug_info    0x0000a25e       0x9c contiki-sky.a(random.o)
 .debug_info    0x0000a2fa      0x1c4 contiki-sky.a(uip-debug.o)
 .debug_info    0x0000a4be      0x5d4 contiki-sky.a(packetbuf.o)
 .debug_info    0x0000aa92      0x592 contiki-sky.a(queuebuf.o)
 .debug_info    0x0000b024     0x102a contiki-sky.a(uip6.o)
 .debug_info    0x0000c04e     0x112a contiki-sky.a(tcpip.o)
 .debug_info    0x0000d178      0x896 contiki-sky.a(psock.o)
 .debug_info    0x0000da0e      0x5ac contiki-sky.a(uip-icmp6.o)
 .debug_info    0x0000dfba      0x81d contiki-sky.a(uip-nd6.o)
 .debug_info    0x0000e7d7      0xdc9 contiki-sky.a(sicslowpan.o)
 .debug_info    0x0000f5a0      0x4df contiki-sky.a(neighbor-info.o)
 .debug_info    0x0000fa7f     0x1132 contiki-sky.a(uip-ds6.o)
 .debug_info    0x00010bb1      0x295 contiki-sky.a(contiki-sky-pla)
 .debug_info    0x00010e46      0x3d9 contiki-sky.a(button-sensor.o)
 .debug_info    0x0001121f      0x2c5 contiki-sky.a(ds2411.o)
 .debug_info    0x000114e4      0x4bb contiki-sky.a(xmem.o)
 .debug_info    0x0001199f       0xe1 contiki-sky.a(node-id.o)
 .debug_info    0x00011a80      0x406 contiki-sky.a(sensors.o)
 .debug_info    0x00011e86     0x140e contiki-sky.a(cc2420.o)
 .debug_info    0x00013294      0x245 contiki-sky.a(cc2420-arch.o)
 .debug_info    0x000134d9      0x330 contiki-sky.a(uart1.o)
 .debug_info    0x00013809       0xaa contiki-sky.a(slip_uart1.o)
 .debug_info    0x000138b3      0x52b contiki-sky.a(slip.o)
 .debug_info    0x00013dde      0x3ff contiki-sky.a(msp430.o)
 .debug_info    0x000141dd      0x3f0 contiki-sky.a(clock.o)
 .debug_info    0x000145cd      0x277 contiki-sky.a(leds.o)
 .debug_info    0x00014844       0xda contiki-sky.a(leds-arch.o)
 .debug_info    0x0001491e      0x19b contiki-sky.a(watchdog.o)
 .debug_info    0x00014ab9      0x25d contiki-sky.a(rtimer-arch.o)
 .debug_info    0x00014d16      0x140 contiki-sky.a(rimestats.o)
 .debug_info    0x00014e56      0x10c contiki-sky.a(mac.o)
 .debug_info    0x00014f62      0x642 contiki-sky.a(framer-802154.o)
 .debug_info    0x000155a4      0xb8e contiki-sky.a(rpl.o)
 .debug_info    0x00016132      0x796 contiki-sky.a(neighbor-attr.o)
 .debug_info    0x000168c8      0x132 contiki-sky.a(spi.o)
 .debug_info    0x000169fa      0x479 contiki-sky.a(frame802154.o)
 .debug_info    0x00016e73       0xd9 /opt/msp430-gcc-4.4.5/lib/gcc/msp430/4.4.5/msp2/libgcc.a(_mulsi3hw.o)
 .debug_info    0x00016f4c       0xd9 /opt/msp430-gcc-4.4.5/lib/gcc/msp430/4.4.5/msp2/libgcc.a(_udivmodhi4.o)
 .debug_info    0x00017025       0xd9 /opt/msp430-gcc-4.4.5/lib/gcc/msp430/4.4.5/msp2/libgcc.a(_udivmodsi4.o)
 .debug_info    0x000170fe       0xd9 /opt/msp430-gcc-4.4.5/lib/gcc/msp430/4.4.5/msp2/libgcc.a(__init_stack.o)
 .debug_info    0x000171d7       0xd9 /opt/msp430-gcc-4.4.5/lib/gcc/msp430/4.4.5/msp2/libgcc.a(_copy_data.o)
 .debug_info    0x000172b0       0xd9 /opt/msp430-gcc-4.4.5/lib/gcc/msp430/4.4.5/msp2/libgcc.a(_clear_bss.o)
 .debug_info    0x00017389       0xd9 /opt/msp430-gcc-4.4.5/lib/gcc/msp430/4.4.5/msp2/libgcc.a(__jump_to_main.o)

.debug_abbrev   0x00000000     0x7269
 *(.debug_abbrev .zdebug_abbrev)
 .debug_abbrev  0x00000000      0x2ca border-router.co
 .debug_abbrev  0x000002ca      0x222 obj_sky/slip-bridge.o
 .debug_abbrev  0x000004ec      0x256 obj_sky/httpd-simple.o
 .debug_abbrev  0x00000742      0x2a4 obj_sky/contiki-sky-main.o
 .debug_abbrev  0x000009e6      0x162 contiki-sky.a(rimeaddr.o)
 .debug_abbrev  0x00000b48      0x34e contiki-sky.a(csma.o)
 .debug_abbrev  0x00000e96      0x401 contiki-sky.a(contikimac.o)
 .debug_abbrev  0x00001297      0x235 contiki-sky.a(phase.o)
 .debug_abbrev  0x000014cc      0x399 contiki-sky.a(rpl-dag.o)
 .debug_abbrev  0x00001865      0x345 contiki-sky.a(rpl-icmp6.o)
 .debug_abbrev  0x00001baa      0x200 contiki-sky.a(rpl-timers.o)
 .debug_abbrev  0x00001daa      0x23a contiki-sky.a(rpl-of-etx.o)
 .debug_abbrev  0x00001fe4      0x2f7 contiki-sky.a(process.o)
 .debug_abbrev  0x000022db       0xf3 contiki-sky.a(autostart.o)
 .debug_abbrev  0x000023ce       0xd1 contiki-sky.a(memb.o)
 .debug_abbrev  0x0000249f       0xf4 contiki-sky.a(timer.o)
 .debug_abbrev  0x00002593      0x1f5 contiki-sky.a(list.o)
 .debug_abbrev  0x00002788      0x232 contiki-sky.a(etimer.o)
 .debug_abbrev  0x000029ba      0x1f6 contiki-sky.a(ctimer.o)
 .debug_abbrev  0x00002bb0      0x158 contiki-sky.a(energest.o)
 .debug_abbrev  0x00002d08      0x135 contiki-sky.a(rtimer.o)
 .debug_abbrev  0x00002e3d       0xda contiki-sky.a(stimer.o)
 .debug_abbrev  0x00002f17       0x65 contiki-sky.a(random.o)
 .debug_abbrev  0x00002f7c       0xd1 contiki-sky.a(uip-debug.o)
 .debug_abbrev  0x0000304d      0x277 contiki-sky.a(packetbuf.o)
 .debug_abbrev  0x000032c4      0x1eb contiki-sky.a(queuebuf.o)
 .debug_abbrev  0x000034af      0x37d contiki-sky.a(uip6.o)
 .debug_abbrev  0x0000382c      0x3f8 contiki-sky.a(tcpip.o)
 .debug_abbrev  0x00003c24      0x2d5 contiki-sky.a(psock.o)
 .debug_abbrev  0x00003ef9      0x16b contiki-sky.a(uip-icmp6.o)
 .debug_abbrev  0x00004064      0x1e7 contiki-sky.a(uip-nd6.o)
 .debug_abbrev  0x0000424b      0x335 contiki-sky.a(sicslowpan.o)
 .debug_abbrev  0x00004580      0x287 contiki-sky.a(neighbor-info.o)
 .debug_abbrev  0x00004807      0x38e contiki-sky.a(uip-ds6.o)
 .debug_abbrev  0x00004b95      0x13c contiki-sky.a(contiki-sky-pla)
 .debug_abbrev  0x00004cd1      0x1cd contiki-sky.a(button-sensor.o)
 .debug_abbrev  0x00004e9e      0x19e contiki-sky.a(ds2411.o)
 .debug_abbrev  0x0000503c      0x236 contiki-sky.a(xmem.o)
 .debug_abbrev  0x00005272       0x8b contiki-sky.a(node-id.o)
 .debug_abbrev  0x000052fd      0x225 contiki-sky.a(sensors.o)
 .debug_abbrev  0x00005522      0x494 contiki-sky.a(cc2420.o)
 .debug_abbrev  0x000059b6      0x146 contiki-sky.a(cc2420-arch.o)
 .debug_abbrev  0x00005afc      0x194 contiki-sky.a(uart1.o)
 .debug_abbrev  0x00005c90       0x65 contiki-sky.a(slip_uart1.o)
 .debug_abbrev  0x00005cf5      0x2ce contiki-sky.a(slip.o)
 .debug_abbrev  0x00005fc3      0x1f6 contiki-sky.a(msp430.o)
 .debug_abbrev  0x000061b9      0x222 contiki-sky.a(clock.o)
 .debug_abbrev  0x000063db      0x13e contiki-sky.a(leds.o)
 .debug_abbrev  0x00006519       0x97 contiki-sky.a(leds-arch.o)
 .debug_abbrev  0x000065b0       0xd9 contiki-sky.a(watchdog.o)
 .debug_abbrev  0x00006689      0x184 contiki-sky.a(rtimer-arch.o)
 .debug_abbrev  0x0000680d       0x5d contiki-sky.a(rimestats.o)
 .debug_abbrev  0x0000686a       0xa0 contiki-sky.a(mac.o)
 .debug_abbrev  0x0000690a      0x227 contiki-sky.a(framer-802154.o)
 .debug_abbrev  0x00006b31      0x203 contiki-sky.a(rpl.o)
 .debug_abbrev  0x00006d34      0x271 contiki-sky.a(neighbor-attr.o)
 .debug_abbrev  0x00006fa5       0x97 contiki-sky.a(spi.o)
 .debug_abbrev  0x0000703c      0x1a1 contiki-sky.a(frame802154.o)
 .debug_abbrev  0x000071dd       0x14 /opt/msp430-gcc-4.4.5/lib/gcc/msp430/4.4.5/msp2/libgcc.a(_mulsi3hw.o)
 .debug_abbrev  0x000071f1       0x14 /opt/msp430-gcc-4.4.5/lib/gcc/msp430/4.4.5/msp2/libgcc.a(_udivmodhi4.o)
 .debug_abbrev  0x00007205       0x14 /opt/msp430-gcc-4.4.5/lib/gcc/msp430/4.4.5/msp2/libgcc.a(_udivmodsi4.o)
 .debug_abbrev  0x00007219       0x14 /opt/msp430-gcc-4.4.5/lib/gcc/msp430/4.4.5/msp2/libgcc.a(__init_stack.o)
 .debug_abbrev  0x0000722d       0x14 /opt/msp430-gcc-4.4.5/lib/gcc/msp430/4.4.5/msp2/libgcc.a(_copy_data.o)
 .debug_abbrev  0x00007241       0x14 /opt/msp430-gcc-4.4.5/lib/gcc/msp430/4.4.5/msp2/libgcc.a(_clear_bss.o)
 .debug_abbrev  0x00007255       0x14 /opt/msp430-gcc-4.4.5/lib/gcc/msp430/4.4.5/msp2/libgcc.a(__jump_to_main.o)

.debug_line     0x00000000     0x64a0
 *(.debug_line .zdebug_line)
 .debug_line    0x00000000      0x331 border-router.co
 .debug_line    0x00000331      0x178 obj_sky/slip-bridge.o
 .debug_line    0x000004a9      0x238 obj_sky/httpd-simple.o
 .debug_line    0x000006e1      0x2c4 obj_sky/contiki-sky-main.o
 .debug_line    0x000009a5      0x100 contiki-sky.a(rimeaddr.o)
 .debug_line    0x00000aa5      0x26a contiki-sky.a(csma.o)
 .debug_line    0x00000d0f      0x391 contiki-sky.a(contikimac.o)
 .debug_line    0x000010a0      0x240 contiki-sky.a(phase.o)
 .debug_line    0x000012e0      0x3b0 contiki-sky.a(rpl-dag.o)
 .debug_line    0x00001690      0x3ce contiki-sky.a(rpl-icmp6.o)
 .debug_line    0x00001a5e      0x227 contiki-sky.a(rpl-timers.o)
 .debug_line    0x00001c85      0x23f contiki-sky.a(rpl-of-etx.o)
 .debug_line    0x00001ec4      0x118 contiki-sky.a(process.o)
 .debug_line    0x00001fdc       0x8f contiki-sky.a(autostart.o)
 .debug_line    0x0000206b       0x89 contiki-sky.a(memb.o)
 .debug_line    0x000020f4       0xac contiki-sky.a(timer.o)
 .debug_line    0x000021a0       0xee contiki-sky.a(list.o)
 .debug_line    0x0000228e      0x142 contiki-sky.a(etimer.o)
 .debug_line    0x000023d0      0x14a contiki-sky.a(ctimer.o)
 .debug_line    0x0000251a       0x97 contiki-sky.a(energest.o)
 .debug_line    0x000025b1       0x8c contiki-sky.a(rtimer.o)
 .debug_line    0x0000263d       0x89 contiki-sky.a(stimer.o)
 .debug_line    0x000026c6       0x4f contiki-sky.a(random.o)
 .debug_line    0x00002715       0xf8 contiki-sky.a(uip-debug.o)
 .debug_line    0x0000280d      0x195 contiki-sky.a(packetbuf.o)
 .debug_line    0x000029a2      0x17a contiki-sky.a(queuebuf.o)
 .debug_line    0x00002b1c      0x4de contiki-sky.a(uip6.o)
 .debug_line    0x00002ffa      0x2d6 contiki-sky.a(tcpip.o)
 .debug_line    0x000032d0      0x22c contiki-sky.a(psock.o)
 .debug_line    0x000034fc      0x1b5 contiki-sky.a(uip-icmp6.o)
 .debug_line    0x000036b1      0x231 contiki-sky.a(uip-nd6.o)
 .debug_line    0x000038e2      0x3d0 contiki-sky.a(sicslowpan.o)
 .debug_line    0x00003cb2      0x181 contiki-sky.a(neighbor-info.o)
 .debug_line    0x00003e33      0x3ab contiki-sky.a(uip-ds6.o)
 .debug_line    0x000041de       0xec contiki-sky.a(contiki-sky-pla)
 .debug_line    0x000042ca      0x15e contiki-sky.a(button-sensor.o)
 .debug_line    0x00004428      0x10f contiki-sky.a(ds2411.o)
 .debug_line    0x00004537      0x162 contiki-sky.a(xmem.o)
 .debug_line    0x00004699       0x61 contiki-sky.a(node-id.o)
 .debug_line    0x000046fa       0xef contiki-sky.a(sensors.o)
 .debug_line    0x000047e9      0x459 contiki-sky.a(cc2420.o)
 .debug_line    0x00004c42      0x13c contiki-sky.a(cc2420-arch.o)
 .debug_line    0x00004d7e      0x171 contiki-sky.a(uart1.o)
 .debug_line    0x00004eef       0x58 contiki-sky.a(slip_uart1.o)
 .debug_line    0x00004f47      0x1b9 contiki-sky.a(slip.o)
 .debug_line    0x00005100      0x174 contiki-sky.a(msp430.o)
 .debug_line    0x00005274      0x166 contiki-sky.a(clock.o)
 .debug_line    0x000053da       0xb4 contiki-sky.a(leds.o)
 .debug_line    0x0000548e       0xb6 contiki-sky.a(leds-arch.o)
 .debug_line    0x00005544       0xe6 contiki-sky.a(watchdog.o)
 .debug_line    0x0000562a       0xfd contiki-sky.a(rtimer-arch.o)
 .debug_line    0x00005727       0x6b contiki-sky.a(rimestats.o)
 .debug_line    0x00005792       0x6f contiki-sky.a(mac.o)
 .debug_line    0x00005801      0x18c contiki-sky.a(framer-802154.o)
 .debug_line    0x0000598d      0x244 contiki-sky.a(rpl.o)
 .debug_line    0x00005bd1      0x239 contiki-sky.a(neighbor-attr.o)
 .debug_line    0x00005e0a       0xa9 contiki-sky.a(spi.o)
 .debug_line    0x00005eb3      0x18c contiki-sky.a(frame802154.o)
 .debug_line    0x0000603f       0xa2 /opt/msp430-gcc-4.4.5/lib/gcc/msp430/4.4.5/msp2/libgcc.a(_mulsi3hw.o)
 .debug_line    0x000060e1       0xa5 /opt/msp430-gcc-4.4.5/lib/gcc/msp430/4.4.5/msp2/libgcc.a(_udivmodhi4.o)
 .debug_line    0x00006186       0xac /opt/msp430-gcc-4.4.5/lib/gcc/msp430/4.4.5/msp2/libgcc.a(_udivmodsi4.o)
 .debug_line    0x00006232       0x99 /opt/msp430-gcc-4.4.5/lib/gcc/msp430/4.4.5/msp2/libgcc.a(__init_stack.o)
 .debug_line    0x000062cb       0x9e /opt/msp430-gcc-4.4.5/lib/gcc/msp430/4.4.5/msp2/libgcc.a(_copy_data.o)
 .debug_line    0x00006369       0x9e /opt/msp430-gcc-4.4.5/lib/gcc/msp430/4.4.5/msp2/libgcc.a(_clear_bss.o)
 .debug_line    0x00006407       0x99 /opt/msp430-gcc-4.4.5/lib/gcc/msp430/4.4.5/msp2/libgcc.a(__jump_to_main.o)

.debug_frame    0x00000000     0x2a16
 *(.debug_frame .zdebug_frame)
 .debug_frame   0x00000000      0x15e border-router.co
 .debug_frame   0x0000015e       0x9a obj_sky/slip-bridge.o
 .debug_frame   0x000001f8       0x6e obj_sky/httpd-simple.o
 .debug_frame   0x00000266       0xca obj_sky/contiki-sky-main.o
 .debug_frame   0x00000330       0x44 contiki-sky.a(rimeaddr.o)
 .debug_frame   0x00000374      0x100 contiki-sky.a(csma.o)
 .debug_frame   0x00000474      0x1c4 contiki-sky.a(contikimac.o)
 .debug_frame   0x00000638       0xd0 contiki-sky.a(phase.o)
 .debug_frame   0x00000708      0x20e contiki-sky.a(rpl-dag.o)
 .debug_frame   0x00000916       0xd8 contiki-sky.a(rpl-icmp6.o)
 .debug_frame   0x000009ee       0xec contiki-sky.a(rpl-timers.o)
 .debug_frame   0x00000ada       0x62 contiki-sky.a(rpl-of-etx.o)
 .debug_frame   0x00000b3c       0xe0 contiki-sky.a(process.o)
 .debug_frame   0x00000c1c       0x38 contiki-sky.a(autostart.o)
 .debug_frame   0x00000c54       0x62 contiki-sky.a(memb.o)
 .debug_frame   0x00000cb6       0x74 contiki-sky.a(timer.o)
 .debug_frame   0x00000d2a       0xa4 contiki-sky.a(list.o)
 .debug_frame   0x00000dce      0x10a contiki-sky.a(etimer.o)
 .debug_frame   0x00000ed8       0xaa contiki-sky.a(ctimer.o)
 .debug_frame   0x00000f82       0x6e contiki-sky.a(energest.o)
 .debug_frame   0x00000ff0       0x38 contiki-sky.a(rtimer.o)
 .debug_frame   0x00001028       0x86 contiki-sky.a(stimer.o)
 .debug_frame   0x000010ae       0x2c contiki-sky.a(random.o)
 .debug_frame   0x000010da       0x7a contiki-sky.a(uip-debug.o)
 .debug_frame   0x00001154      0x152 contiki-sky.a(packetbuf.o)
 .debug_frame   0x000012a6       0xbc contiki-sky.a(queuebuf.o)
 .debug_frame   0x00001362      0x194 contiki-sky.a(uip6.o)
 .debug_frame   0x000014f6      0x14e contiki-sky.a(tcpip.o)
 .debug_frame   0x00001644       0x80 contiki-sky.a(psock.o)
 .debug_frame   0x000016c4       0x74 contiki-sky.a(uip-icmp6.o)
 .debug_frame   0x00001738       0x92 contiki-sky.a(uip-nd6.o)
 .debug_frame   0x000017ca       0xf0 contiki-sky.a(sicslowpan.o)
 .debug_frame   0x000018ba       0x6a contiki-sky.a(neighbor-info.o)
 .debug_frame   0x00001924      0x48e contiki-sky.a(uip-ds6.o)
 .debug_frame   0x00001db2       0x20 contiki-sky.a(contiki-sky-pla)
 .debug_frame   0x00001dd2       0x68 contiki-sky.a(button-sensor.o)
 .debug_frame   0x00001e3a       0x50 contiki-sky.a(ds2411.o)
 .debug_frame   0x00001e8a       0xd0 contiki-sky.a(xmem.o)
 .debug_frame   0x00001f5a       0x38 contiki-sky.a(node-id.o)
 .debug_frame   0x00001f92       0x86 contiki-sky.a(sensors.o)
 .debug_frame   0x00002018      0x250 contiki-sky.a(cc2420.o)
 .debug_frame   0x00002268       0x50 contiki-sky.a(cc2420-arch.o)
 .debug_frame   0x000022b8       0x7a contiki-sky.a(uart1.o)
 .debug_frame   0x00002332       0x2c contiki-sky.a(slip_uart1.o)
 .debug_frame   0x0000235e       0x86 contiki-sky.a(slip.o)
 .debug_frame   0x000023e4       0x98 contiki-sky.a(msp430.o)
 .debug_frame   0x0000247c       0xd4 contiki-sky.a(clock.o)
 .debug_frame   0x00002550       0x92 contiki-sky.a(leds.o)
 .debug_frame   0x000025e2       0x3e contiki-sky.a(leds-arch.o)
 .debug_frame   0x00002620       0x5c contiki-sky.a(watchdog.o)
 .debug_frame   0x0000267c       0x68 contiki-sky.a(rtimer-arch.o)
 .debug_frame   0x000026e4       0x26 contiki-sky.a(mac.o)
 .debug_frame   0x0000270a       0x4e contiki-sky.a(framer-802154.o)
 .debug_frame   0x00002758       0xbe contiki-sky.a(rpl.o)
 .debug_frame   0x00002816      0x144 contiki-sky.a(neighbor-attr.o)
 .debug_frame   0x0000295a       0x20 contiki-sky.a(spi.o)
 .debug_frame   0x0000297a       0x9c contiki-sky.a(frame802154.o)

.debug_str      0x00000000     0x4c88
 *(.debug_str .zdebug_str)
 .debug_str     0x00000000      0x910 border-router.co
                                0xab0 (size before relaxing)
 .debug_str     0x00000910       0x9c obj_sky/slip-bridge.o
                                0x398 (size before relaxing)
 .debug_str     0x000009ac      0x16a obj_sky/httpd-simple.o
                                0x527 (size before relaxing)
 .debug_str     0x00000b16      0x152 obj_sky/contiki-sky-main.o
                                0x579 (size before relaxing)
 .debug_str     0x00000c68       0x6e contiki-sky.a(rimeaddr.o)
                                0x16e (size before relaxing)
 .debug_str     0x00000cd6      0x4a1 contiki-sky.a(csma.o)
                                0x766 (size before relaxing)
 .debug_str     0x00001177      0x3c2 contiki-sky.a(contikimac.o)
                                0x9e2 (size before relaxing)
 .debug_str     0x00001539       0xff contiki-sky.a(phase.o)
                                0x425 (size before relaxing)
 .debug_str     0x00001638      0x298 contiki-sky.a(rpl-dag.o)
                                0x7ac (size before relaxing)
 .debug_str     0x000018d0      0x148 contiki-sky.a(rpl-icmp6.o)
                                0xce1 (size before relaxing)
 .debug_str     0x00001a18       0xc5 contiki-sky.a(rpl-timers.o)
                                0x67c (size before relaxing)
 .debug_str     0x00001add       0x8f contiki-sky.a(rpl-of-etx.o)
                                0x69a (size before relaxing)
 .debug_str     0x00001b6c      0x162 contiki-sky.a(process.o)
                                0x2ac (size before relaxing)
 .debug_str     0x00001cce       0x3d contiki-sky.a(autostart.o)
                                0x164 (size before relaxing)
 .debug_str     0x00001d0b       0x49 contiki-sky.a(memb.o)
                                0x129 (size before relaxing)
 .debug_str     0x00001d54       0x1a contiki-sky.a(timer.o)
                                0x153 (size before relaxing)
 .debug_str     0x00001d6e       0xab contiki-sky.a(list.o)
                                0x117 (size before relaxing)
 .debug_str     0x00001e19      0x136 contiki-sky.a(etimer.o)
                                0x2b9 (size before relaxing)
 .debug_str     0x00001f4f       0xbc contiki-sky.a(ctimer.o)
                                0x374 (size before relaxing)
 .debug_str     0x0000200b       0x9e contiki-sky.a(energest.o)
                                0x2fc (size before relaxing)
 .debug_str     0x000020a9       0x57 contiki-sky.a(rtimer.o)
                                0x2cd (size before relaxing)
 .debug_str     0x00002100       0x71 contiki-sky.a(stimer.o)
                                0x157 (size before relaxing)
 .debug_str     0x00002171       0x38 contiki-sky.a(random.o)
                                0x108 (size before relaxing)
 .debug_str     0x000021a9       0x4c contiki-sky.a(uip-debug.o)
                                0x179 (size before relaxing)
 .debug_str     0x000021f5      0x1e2 contiki-sky.a(packetbuf.o)
                                0x751 (size before relaxing)
 .debug_str     0x000023d7      0x126 contiki-sky.a(queuebuf.o)
                                0x6b8 (size before relaxing)
 .debug_str     0x000024fd      0x377 contiki-sky.a(uip6.o)
                                0x8e4 (size before relaxing)
 .debug_str     0x00002874      0x198 contiki-sky.a(tcpip.o)
                                0x8d0 (size before relaxing)
 .debug_str     0x00002a0c       0xd5 contiki-sky.a(psock.o)
                                0x393 (size before relaxing)
 .debug_str     0x00002ae1       0x82 contiki-sky.a(uip-icmp6.o)
                                0x4b0 (size before relaxing)
 .debug_str     0x00002b63       0xf7 contiki-sky.a(uip-nd6.o)
                                0x5cf (size before relaxing)
 .debug_str     0x00002c5a      0x267 contiki-sky.a(sicslowpan.o)
                                0xa08 (size before relaxing)
 .debug_str     0x00002ec1      0x132 contiki-sky.a(neighbor-info.o)
                                0x6f4 (size before relaxing)
 .debug_str     0x00002ff3      0x40a contiki-sky.a(uip-ds6.o)
                                0x99e (size before relaxing)
 .debug_str     0x000033fd       0x4b contiki-sky.a(contiki-sky-pla)
                                0x2e0 (size before relaxing)
 .debug_str     0x00003448      0x12c contiki-sky.a(button-sensor.o)
                                0x3e0 (size before relaxing)
 .debug_str     0x00003574       0x5c contiki-sky.a(ds2411.o)
                                0x28b (size before relaxing)
 .debug_str     0x000035d0       0xfd contiki-sky.a(xmem.o)
                                0x36c (size before relaxing)
 .debug_str     0x000036cd       0x3f contiki-sky.a(node-id.o)
                                0x117 (size before relaxing)
 .debug_str     0x0000370c       0x90 contiki-sky.a(sensors.o)
                                0x35f (size before relaxing)
 .debug_str     0x0000379c      0x83b contiki-sky.a(cc2420.o)
                                0xfd4 (size before relaxing)
 .debug_str     0x00003fd7       0x4d contiki-sky.a(cc2420-arch.o)
                                0x32a (size before relaxing)
 .debug_str     0x00004024      0x13b contiki-sky.a(uart1.o)
                                0x3af (size before relaxing)
 .debug_str     0x0000415f       0x43 contiki-sky.a(slip_uart1.o)
                                0x113 (size before relaxing)
 .debug_str     0x000041a2       0xe8 contiki-sky.a(slip.o)
                                0x3c3 (size before relaxing)
 .debug_str     0x0000428a      0x178 contiki-sky.a(msp430.o)
                                0x3c3 (size before relaxing)
 .debug_str     0x00004402       0xe9 contiki-sky.a(clock.o)
                                0x380 (size before relaxing)
 .debug_str     0x000044eb       0x6f contiki-sky.a(leds.o)
                                0x2dc (size before relaxing)
 .debug_str     0x0000455a       0x69 contiki-sky.a(leds-arch.o)
                                0x13e (size before relaxing)
 .debug_str     0x000045c3       0x98 contiki-sky.a(watchdog.o)
                                0x2a4 (size before relaxing)
 .debug_str     0x0000465b       0x81 contiki-sky.a(rtimer-arch.o)
                                0x2e2 (size before relaxing)
 .debug_str     0x000046dc       0x23 contiki-sky.a(rimestats.o)
                                0x119 (size before relaxing)
 .debug_str     0x000046ff       0x33 contiki-sky.a(mac.o)
                                0x179 (size before relaxing)
 .debug_str     0x00004732      0x187 contiki-sky.a(framer-802154.o)
                                0x63e (size before relaxing)
 .debug_str     0x000048b9       0xa9 contiki-sky.a(rpl.o)
                                0x66d (size before relaxing)
 .debug_str     0x00004962      0x1e7 contiki-sky.a(neighbor-attr.o)
                                0x521 (size before relaxing)
 .debug_str     0x00004b49       0x7a contiki-sky.a(spi.o)
                                0x175 (size before relaxing)
 .debug_str     0x00004bc3       0xc5 contiki-sky.a(frame802154.o)
                                0x327 (size before relaxing)

.debug_loc      0x00000000     0x5efe
 *(.debug_loc .zdebug_loc)
 .debug_loc     0x00000000      0x348 border-router.co
 .debug_loc     0x00000348       0xd6 obj_sky/slip-bridge.o
 .debug_loc     0x0000041e       0xbd obj_sky/httpd-simple.o
 .debug_loc     0x000004db      0x1ae obj_sky/contiki-sky-main.o
 .debug_loc     0x00000689       0x3a contiki-sky.a(rimeaddr.o)
 .debug_loc     0x000006c3      0x1d1 contiki-sky.a(csma.o)
 .debug_loc     0x00000894      0x47f contiki-sky.a(contikimac.o)
 .debug_loc     0x00000d13      0x1f4 contiki-sky.a(phase.o)
 .debug_loc     0x00000f07      0x6c6 contiki-sky.a(rpl-dag.o)
 .debug_loc     0x000015cd      0x47d contiki-sky.a(rpl-icmp6.o)
 .debug_loc     0x00001a4a      0x1a8 contiki-sky.a(rpl-timers.o)
 .debug_loc     0x00001bf2       0xc8 contiki-sky.a(rpl-of-etx.o)
 .debug_loc     0x00001cba      0x1cd contiki-sky.a(process.o)
 .debug_loc     0x00001e87       0x4c contiki-sky.a(autostart.o)
 .debug_loc     0x00001ed3      0x100 contiki-sky.a(memb.o)
 .debug_loc     0x00001fd3       0xb1 contiki-sky.a(timer.o)
 .debug_loc     0x00002084      0x137 contiki-sky.a(list.o)
 .debug_loc     0x000021bb      0x230 contiki-sky.a(etimer.o)
 .debug_loc     0x000023eb      0x1d7 contiki-sky.a(ctimer.o)
 .debug_loc     0x000025c2       0x6f contiki-sky.a(energest.o)
 .debug_loc     0x00002631       0x41 contiki-sky.a(rtimer.o)
 .debug_loc     0x00002672       0xd7 contiki-sky.a(stimer.o)
 .debug_loc     0x00002749        0xb contiki-sky.a(random.o)
 .debug_loc     0x00002754       0xee contiki-sky.a(uip-debug.o)
 .debug_loc     0x00002842      0x18c contiki-sky.a(packetbuf.o)
 .debug_loc     0x000029ce      0x121 contiki-sky.a(queuebuf.o)
 .debug_loc     0x00002aef      0x395 contiki-sky.a(uip6.o)
 .debug_loc     0x00002e84      0x3d7 contiki-sky.a(tcpip.o)
 .debug_loc     0x0000325b      0x162 contiki-sky.a(psock.o)
 .debug_loc     0x000033bd      0x10a contiki-sky.a(uip-icmp6.o)
 .debug_loc     0x000034c7      0x133 contiki-sky.a(uip-nd6.o)
 .debug_loc     0x000035fa      0x4a6 contiki-sky.a(sicslowpan.o)
 .debug_loc     0x00003aa0       0xfd contiki-sky.a(neighbor-info.o)
 .debug_loc     0x00003b9d      0xa7e contiki-sky.a(uip-ds6.o)
 .debug_loc     0x0000461b       0x8b contiki-sky.a(button-sensor.o)
 .debug_loc     0x000046a6       0xd9 contiki-sky.a(ds2411.o)
 .debug_loc     0x0000477f      0x351 contiki-sky.a(xmem.o)
 .debug_loc     0x00004ad0       0x4a contiki-sky.a(node-id.o)
 .debug_loc     0x00004b1a      0x133 contiki-sky.a(sensors.o)
 .debug_loc     0x00004c4d      0x514 contiki-sky.a(cc2420.o)
 .debug_loc     0x00005161       0x3c contiki-sky.a(cc2420-arch.o)
 .debug_loc     0x0000519d       0xaa contiki-sky.a(uart1.o)
 .debug_loc     0x00005247       0x1b contiki-sky.a(slip_uart1.o)
 .debug_loc     0x00005262      0x1ff contiki-sky.a(slip.o)
 .debug_loc     0x00005461       0x56 contiki-sky.a(msp430.o)
 .debug_loc     0x000054b7       0xba contiki-sky.a(clock.o)
 .debug_loc     0x00005571       0xa1 contiki-sky.a(leds.o)
 .debug_loc     0x00005612       0x1f contiki-sky.a(leds-arch.o)
 .debug_loc     0x00005631       0x68 contiki-sky.a(rtimer-arch.o)
 .debug_loc     0x00005699       0x71 contiki-sky.a(mac.o)
 .debug_loc     0x0000570a       0x7f contiki-sky.a(framer-802154.o)
 .debug_loc     0x00005789      0x216 contiki-sky.a(rpl.o)
 .debug_loc     0x0000599f      0x351 contiki-sky.a(neighbor-attr.o)
 .debug_loc     0x00005cf0      0x20e contiki-sky.a(frame802154.o)

.debug_macinfo
 *(.debug_macinfo .zdebug_macinfo)

.debug_pubtypes
 *(.debug_pubtypes)

.debug_ranges   0x00000000       0x78
 *(.debug_ranges)
 .debug_ranges  0x00000000       0x24 contiki-sky.a(contikimac.o)
 .debug_ranges  0x00000024       0x18 contiki-sky.a(rpl-dag.o)
 .debug_ranges  0x0000003c       0x30 contiki-sky.a(rpl-icmp6.o)
 .debug_ranges  0x0000006c        0xc contiki-sky.a(psock.o)
                0x00003900                PROVIDE (__stack, 0x3900)
                0x0001026a                PROVIDE (__data_start_rom, _etext)
                0x0001032e                PROVIDE (__data_end_rom, (_etext + SIZEOF (.data)))
                0x0001032e                PROVIDE (__noinit_start_rom, (_etext + SIZEOF (.data)))
                0x0001032e                PROVIDE (__noinit_end_rom, ((_etext + SIZEOF (.data)) + SIZEOF (.noinit)))
                0x00000000                PROVIDE (__subdevice_has_heap, 0x0)
OUTPUT(border-router.sky elf32-msp430)
