Archive member included because of file (symbol)

contiki-sky.a(rimeaddr.o)     obj_sky/contiki-sky-main.o (rimeaddr_copy)
contiki-sky.a(csma.o)         obj_sky/contiki-sky-main.o (csma_driver)
contiki-sky.a(contikimac.o)   udp-sink.co (contikimac_driver)
contiki-sky.a(phase.o)        contiki-sky.a(contikimac.o) (phase_init)
contiki-sky.a(rpl-dag.o)      udp-sink.co (rpl_get_dag)
contiki-sky.a(rpl-icmp6.o)    contiki-sky.a(rpl-dag.o) (dao_output)
contiki-sky.a(rpl-timers.o)   contiki-sky.a(rpl-dag.o) (rpl_dio_received)
contiki-sky.a(rpl-of-fuzzy.o)
                              contiki-sky.a(rpl-dag.o) (rpl_of_fuzzy)
contiki-sky.a(fuzzify.o)      contiki-sky.a(rpl-of-fuzzy.o) (consumption)
contiki-sky.a(qos.o)          contiki-sky.a(rpl-of-fuzzy.o) (qos)
contiki-sky.a(quality.o)      contiki-sky.a(rpl-of-fuzzy.o) (quality)
contiki-sky.a(process.o)      udp-sink.co (process_current)
contiki-sky.a(autostart.o)    obj_sky/contiki-sky-main.o (autostart_start)
contiki-sky.a(serial-line.o)  obj_sky/collect-common.o (serial_line_event_message)
contiki-sky.a(memb.o)         contiki-sky.a(csma.o) (memb_alloc)
contiki-sky.a(timer.o)        obj_sky/contiki-sky-main.o (timer_reset)
contiki-sky.a(list.o)         contiki-sky.a(phase.o) (list_init)
contiki-sky.a(etimer.o)       contiki-sky.a(rpl-timers.o) (etimer_expired)
contiki-sky.a(ctimer.o)       contiki-sky.a(csma.o) (ctimer_expired)
contiki-sky.a(energest.o)     obj_sky/contiki-sky-main.o (energest_init)
contiki-sky.a(rtimer.o)       contiki-sky.a(contikimac.o) (rtimer_set)
contiki-sky.a(stimer.o)       contiki-sky.a(rpl-icmp6.o) (stimer_set)
contiki-sky.a(random.o)       obj_sky/collect-common.o (random_rand)
contiki-sky.a(ringbuf.o)      contiki-sky.a(serial-line.o) (ringbuf_init)
contiki-sky.a(uip-debug.o)    udp-sink.co (uip_debug_ipaddr_print)
contiki-sky.a(packetbuf.o)    contiki-sky.a(contikimac.o) (packetbuf_hdr_remove)
contiki-sky.a(queuebuf.o)     contiki-sky.a(csma.o) (queuebuf_to_packetbuf)
contiki-sky.a(uip6.o)         contiki-sky.a(rpl-icmp6.o) (uip_ext_len)
contiki-sky.a(tcpip.o)        contiki-sky.a(uip6.o) (tcpip_uipcall)
contiki-sky.a(uip-icmp6.o)    contiki-sky.a(rpl-icmp6.o) (uip_icmp6_send)
contiki-sky.a(uip-nd6.o)      contiki-sky.a(uip6.o) (uip_nd6_na_input)
contiki-sky.a(sicslowpan.o)   obj_sky/contiki-sky-main.o (sicslowpan_driver)
contiki-sky.a(neighbor-info.o)
                              contiki-sky.a(sicslowpan.o) (neighbor_info_packet_received)
contiki-sky.a(uip-ds6.o)      contiki-sky.a(rpl-dag.o) (uip_ds6_defrt_rm)
contiki-sky.a(contiki-sky-pla)
                              obj_sky/contiki-sky-main.o (init_platform)
contiki-sky.a(button-sensor.o)
                              udp-sink.co (button_sensor)
contiki-sky.a(ds2411.o)       obj_sky/contiki-sky-main.o (ds2411_init)
contiki-sky.a(xmem.o)         obj_sky/contiki-sky-main.o (xmem_init)
contiki-sky.a(node-id.o)      obj_sky/contiki-sky-main.o (node_id_restore)
contiki-sky.a(sensors.o)      udp-sink.co (sensors_event)
contiki-sky.a(cc2420.o)       obj_sky/contiki-sky-main.o (cc2420_set_pan_addr)
contiki-sky.a(cc2420-arch.o)  contiki-sky.a(cc2420.o) (cc2420_arch_init)
contiki-sky.a(uart1.o)        obj_sky/contiki-sky-main.o (uart1_active)
contiki-sky.a(uart1-putchar.o)
                              udp-sink.co (putchar)
contiki-sky.a(msp430.o)       obj_sky/collect-common.o (w_memcpy)
contiki-sky.a(clock.o)        contiki-sky.a(contikimac.o) (clock_time)
contiki-sky.a(leds.o)         obj_sky/contiki-sky-main.o (leds_off)
contiki-sky.a(leds-arch.o)    contiki-sky.a(leds.o) (leds_arch_init)
contiki-sky.a(watchdog.o)     contiki-sky.a(msp430.o) (watchdog_init)
contiki-sky.a(rtimer-arch.o)  contiki-sky.a(rtimer.o) (rtimer_arch_init)
contiki-sky.a(rimestats.o)    contiki-sky.a(cc2420.o) (rimestats)
contiki-sky.a(mac.o)          contiki-sky.a(csma.o) (mac_call_sent_callback)
contiki-sky.a(framer-802154.o)
                              contiki-sky.a(contikimac.o) (framer_802154)
contiki-sky.a(rpl.o)          contiki-sky.a(tcpip.o) (rpl_init)
contiki-sky.a(neighbor-attr.o)
                              contiki-sky.a(neighbor-info.o) (neighbor_attr_get_data)
contiki-sky.a(spi.o)          contiki-sky.a(xmem.o) (spi_init)
contiki-sky.a(frame802154.o)  contiki-sky.a(framer-802154.o) (frame802154_parse)
/opt/msp430-gcc-4.4.5/lib/gcc/msp430/4.4.5/msp2/libgcc.a(_mulsi3hw.o)
                              contiki-sky.a(csma.o) (__umulsi3hw)
/opt/msp430-gcc-4.4.5/lib/gcc/msp430/4.4.5/msp2/libgcc.a(_udivmodhi4.o)
                              obj_sky/collect-common.o (__udivmodhi4)
/opt/msp430-gcc-4.4.5/lib/gcc/msp430/4.4.5/msp2/libgcc.a(_udivmodsi4.o)
                              obj_sky/contiki-sky-main.o (__udivmodsi4)
/opt/msp430-gcc-4.4.5/lib/gcc/msp430/4.4.5/msp2/libgcc.a(_divmodsi4.o)
                              contiki-sky.a(rpl-timers.o) (__divmodsi4)
/opt/msp430-gcc-4.4.5/lib/gcc/msp430/4.4.5/msp2/libgcc.a(_reset_vector__.o)
                              (_reset_vector__)
[...]
Memory Configuration

Name             Origin             Length             Attributes
text             0x00004000         0x0000bfe0         xr
data             0x00001100         0x00002800         xrw
vectors          0x0000ffe0         0x00000020         rw
bootloader       0x00000c00         0x00000400         xr
infomem          0x00001000         0x00000100         xr
infomemnobits    0x00001000         0x00000100         xr
*default*        0x00000000         0xffffffff

Linker script and memory map

LOAD /opt/msp430-gcc-4.4.5/lib/gcc/msp430/4.4.5/../../../../msp430/lib/crt430x1611.o
LOAD udp-sink.co
LOAD obj_sky/collect-common.o
LOAD obj_sky/contiki-sky-main.o
LOAD contiki-sky.a
LOAD /opt/msp430-gcc-4.4.5/lib/gcc/msp430/4.4.5/msp2/libgcc.a
LOAD /opt/msp430-gcc-4.4.5/lib/gcc/msp430/4.4.5/../../../../msp430/lib/msp2/libc.a
LOAD /opt/msp430-gcc-4.4.5/lib/gcc/msp430/4.4.5/msp2/libgcc.a

.hash
 *(.hash)

.dynsym
 *(.dynsym)

.dynstr
 *(.dynstr)

.gnu.version
 *(.gnu.version)

.gnu.version_d
 *(.gnu.version_d)

.gnu.version_r
 *(.gnu.version_r)

.rel.init
 *(.rel.init)

.rela.init
 *(.rela.init)

.rel.text
 *(.rel.text)
 *(.rel.text.*)
 *(.rel.gnu.linkonce.t*)

.rela.text
 *(.rela.text)
 *(.rela.text.*)
 *(.rela.gnu.linkonce.t*)

.rel.fini
 *(.rel.fini)

.rela.fini
 *(.rela.fini)

.rel.rodata
 *(.rel.rodata)
 *(.rel.rodata.*)
 *(.rel.gnu.linkonce.r*)

.rela.rodata
 *(.rela.rodata)
 *(.rela.rodata.*)
 *(.rela.gnu.linkonce.r*)

.rel.data
 *(.rel.data)
 *(.rel.data.*)
 *(.rel.gnu.linkonce.d*)

.rela.data
 *(.rela.data)
 *(.rela.data.*)
 *(.rela.gnu.linkonce.d*)

.rel.ctors
 *(.rel.ctors)

.rela.ctors
 *(.rela.ctors)

.rel.dtors
 *(.rel.dtors)

.rela.dtors
 *(.rela.dtors)

.rel.got
 *(.rel.got)

.rela.got
 *(.rela.got)

.rel.bss
 *(.rel.bss)

.rela.bss
 *(.rela.bss)

.rel.plt
 *(.rel.plt)

.rela.plt
 *(.rela.plt)

.text           0x00004000     0xc4ea
                0x00004000                . = ALIGN (0x2)
 *(.init)
 *(.init)
 *(.init0)
 .init0         0x00004000        0x0 /opt/msp430-gcc-4.4.5/lib/gcc/msp430/4.4.5/msp2/libgcc.a(_reset_vector__.o)
                0x00004000                _reset_vector__
 *(.init0)
 *(.init1)
 *(.init1)
 *(.init2)
 .init2         0x00004000        0x4 /opt/msp430-gcc-4.4.5/lib/gcc/msp430/4.4.5/msp2/libgcc.a(__init_stack.o)
                0x00004000                __init_stack
 *(.init2)
 *(.init3)
 .init3         0x00004004        0x6 /opt/msp430-gcc-4.4.5/lib/gcc/msp430/4.4.5/../../../../msp430/lib/crt430x1611.o
                0x00004004                __low_level_init
 *(.init3)
 *(.init4)
 .init4         0x0000400a       0x12 /opt/msp430-gcc-4.4.5/lib/gcc/msp430/4.4.5/msp2/libgcc.a(_copy_data.o)
                0x0000400a                __do_copy_data
 .init4         0x0000401c       0x10 /opt/msp430-gcc-4.4.5/lib/gcc/msp430/4.4.5/msp2/libgcc.a(_clear_bss.o)
                0x0000401c                __do_clear_bss
 *(.init4)
 *(.init5)
 *(.init5)
 *(.init6)
 *(.init6)
 *(.init7)
 *(.init7)
 *(.init8)
 *(.init8)
 *(.init9)
 .init9         0x0000402c        0x4 /opt/msp430-gcc-4.4.5/lib/gcc/msp430/4.4.5/msp2/libgcc.a(__jump_to_main.o)
                0x0000402c                __jump_to_main
 *(.init9)
                0x00004030                __ctors_start = .
 *(.ctors)
 *(.ctors)
                0x00004030                __ctors_end = .
                0x00004030                __dtors_start = .
 *(.dtors)
 *(.dtors)
                0x00004030                __dtors_end = .
                0x00004030                . = ALIGN (0x2)
 *(.text)
 .text          0x00004030        0x4 /opt/msp430-gcc-4.4.5/lib/gcc/msp430/4.4.5/../../../../msp430/lib/crt430x1611.o
                0x00004030                vector_ffe0
                0x00004030                vector_fff0
                0x00004030                vector_fffc
                0x00004030                vector_ffe4
                0x00004030                vector_fffa
                0x00004030                vector_ffee
                0x00004030                vector_fff8
                0x00004030                vector_fff2
                0x00004030                vector_fff6
 .text          0x00004034       0xe8 udp-sink.co
                0x00004116                autostart_processes
 .text          0x0000411c       0xcf obj_sky/collect-common.o
 .text          0x000041eb      0x10b obj_sky/contiki-sky-main.o
 .text          0x000042f6        0x8 contiki-sky.a(rimeaddr.o)
                0x000042f6                rimeaddr_null
 .text          0x000042fe       0x14 contiki-sky.a(csma.o)
                0x00004304                csma_driver
 .text          0x00004312       0x44 contiki-sky.a(contikimac.o)
                0x00004348                contikimac_driver
 .text          0x00004356       0x24 contiki-sky.a(rpl-dag.o)
 .text          0x0000437a        0x8 contiki-sky.a(rpl-of-fuzzy.o)
 .text          0x00004382        0xe contiki-sky.a(serial-line.o)
 .text          0x00004390        0xc contiki-sky.a(etimer.o)
 .text          0x0000439c        0xf contiki-sky.a(ctimer.o)
 .text          0x000043ab        0xb contiki-sky.a(uip-debug.o)
 .text          0x000043b6        0x2 contiki-sky.a(packetbuf.o)
 .text          0x000043b8       0x10 contiki-sky.a(uip6.o)
 .text          0x000043c8        0xd contiki-sky.a(tcpip.o)
 *fill*         0x000043d5        0x1 00
 .text          0x000043d6       0x2e contiki-sky.a(sicslowpan.o)
                0x000043e1                unc_llconf
                0x000043e5                unc_ctxconf
                0x000043e9                unc_mxconf
                0x000043ed                llprefix
                0x000043fa                sicslowpan_driver
 .text          0x00004404       0x10 contiki-sky.a(button-sensor.o)
                0x0000440c                button_sensor
 .text          0x00004414        0x8 contiki-sky.a(sensors.o)
 .text          0x0000441c       0x2c contiki-sky.a(cc2420.o)
                0x0000442a                cc2420_driver
 .text          0x00004448        0x4 contiki-sky.a(framer-802154.o)
                0x00004448                framer_802154
 .text          0x0000444c        0x2 contiki-sky.a(frame802154.o)
 .text          0x0000444e       0x58 /opt/msp430-gcc-4.4.5/lib/gcc/msp430/4.4.5/../../../../msp430/lib/msp2/libc.a(strncmp.o)
                0x0000444e                strncmp
 .text          0x000044a6       0x60 /opt/msp430-gcc-4.4.5/lib/gcc/msp430/4.4.5/../../../../msp430/lib/msp2/libc.a(memcmp.o)
                0x000044a6                memcmp
 .text          0x00004506      0x10a /opt/msp430-gcc-4.4.5/lib/gcc/msp430/4.4.5/../../../../msp430/lib/msp2/libc.a(memcpy.o)
                0x00004506                memcpy
 .text          0x00004610      0x10a /opt/msp430-gcc-4.4.5/lib/gcc/msp430/4.4.5/../../../../msp430/lib/msp2/libc.a(memmove.o)
                0x00004610                memmove
 .text          0x0000471a       0x2e /opt/msp430-gcc-4.4.5/lib/gcc/msp430/4.4.5/../../../../msp430/lib/msp2/libc.a(printf.o)
                0x0000471a                printf
 .text          0x00004748      0x74c /opt/msp430-gcc-4.4.5/lib/gcc/msp430/4.4.5/../../../../msp430/lib/msp2/libc.a(vuprintf.o)
                0x000047cc                vuprintf
 .text          0x00004e94       0x4a /opt/msp430-gcc-4.4.5/lib/gcc/msp430/4.4.5/../../../../msp430/lib/msp2/libc.a(puts.o)
                0x00004e94                puts
 .text          0x00004ede      0x128 /opt/msp430-gcc-4.4.5/lib/gcc/msp430/4.4.5/../../../../msp430/lib/msp2/libc.a(rand.o)
                0x00004f9e                rand_r
                0x00004fda                rand
                0x00004fea                srand
 .text          0x00005006        0x2 /opt/msp430-gcc-4.4.5/lib/gcc/msp430/4.4.5/../../../../msp430/lib/msp2/libc.a(_unexpected_.o)
                0x00005006                _unexpected_
 .text          0x00005008       0x3a /opt/msp430-gcc-4.4.5/lib/gcc/msp430/4.4.5/../../../../msp430/lib/msp2/libc.a(memchr.o)
                0x00005008                memchr
 .text          0x00005042       0x2a /opt/msp430-gcc-4.4.5/lib/gcc/msp430/4.4.5/../../../../msp430/lib/msp2/libc.a(strlen.o)
                0x00005042                strlen
                0x0000506c                . = ALIGN (0x2)
 *(.text.*)
 .text.collect_common_set_sink
                0x0000506c        0x2 udp-sink.co
                0x0000506c                collect_common_set_sink
 .text.collect_common_send
                0x0000506e        0x2 udp-sink.co
                0x0000506e                collect_common_send
 .text.collect_common_net_print
                0x00005070        0xa udp-sink.co
                0x00005070                collect_common_net_print
 .text.process_thread_udp_server_process
                0x0000507a      0x21a udp-sink.co
 .text.collect_common_net_init
                0x00005294        0xe udp-sink.co
                0x00005294                collect_common_net_init
 .text.process_thread_collect_common_process
                0x000052a2      0x1ea obj_sky/collect-common.o
 .text.collect_common_recv
                0x0000548c       0xc0 obj_sky/collect-common.o
                0x0000548c                collect_common_recv
 .text.main     0x0000554c      0x366 obj_sky/contiki-sky-main.o
                0x0000554c                main
 .text.rimeaddr_copy
                0x000058b2       0x1a contiki-sky.a(rimeaddr.o)
                0x000058b2                rimeaddr_copy
 .text.rimeaddr_cmp
                0x000058cc       0x22 contiki-sky.a(rimeaddr.o)
                0x000058cc                rimeaddr_cmp
 .text.rimeaddr_set_node_addr
                0x000058ee       0x12 contiki-sky.a(rimeaddr.o)
                0x000058ee                rimeaddr_set_node_addr
 .text.input_packet
                0x00005900        0x6 contiki-sky.a(csma.o)
 .text.on       0x00005906        0x6 contiki-sky.a(csma.o)
 .text.off      0x0000590c        0x6 contiki-sky.a(csma.o)
 .text.channel_check_interval
                0x00005912        0xc contiki-sky.a(csma.o)
 .text.send_packet
                0x0000591e       0xd8 contiki-sky.a(csma.o)
 .text.transmit_queued_packet
                0x000059f6       0x30 contiki-sky.a(csma.o)
 .text.free_queued_packet
                0x00005a26       0x62 contiki-sky.a(csma.o)
 .text.packet_sent
                0x00005a88       0xf4 contiki-sky.a(csma.o)
 .text.init     0x00005b7c        0xe contiki-sky.a(csma.o)
 .text.turn_off
                0x00005b8a       0x20 contiki-sky.a(contikimac.o)
 .text.duty_cycle
                0x00005baa        0x6 contiki-sky.a(contikimac.o)
 .text.turn_on  0x00005bb0       0x30 contiki-sky.a(contikimac.o)
 .text.on       0x00005be0       0x22 contiki-sky.a(contikimac.o)
 .text.off      0x00005c02       0x72 contiki-sky.a(contikimac.o)
 .text.schedule_powercycle_fixed
                0x00005c74       0x4c contiki-sky.a(contikimac.o)
 .text.powercycle
                0x00005cc0      0x1f8 contiki-sky.a(contikimac.o)
 .text.input_packet
                0x00005eb8       0xd8 contiki-sky.a(contikimac.o)
 .text.qsend_packet
                0x00005f90      0x2fe contiki-sky.a(contikimac.o)
 .text.init     0x0000628e       0x38 contiki-sky.a(contikimac.o)
 .text.phase_init
                0x000062c6       0x20 contiki-sky.a(phase.o)
                0x000062c6                phase_init
 .text.send_packet
                0x000062e6       0x2e contiki-sky.a(phase.o)
 .text.find_neighbor
                0x00006314       0x32 contiki-sky.a(phase.o)
                0x00006314                find_neighbor
 .text.phase_wait
                0x00006346       0xec contiki-sky.a(phase.o)
                0x00006346                phase_wait
 .text.phase_update
                0x00006432       0xbc contiki-sky.a(phase.o)
                0x00006432                phase_update
 .text.phase_remove
                0x000064ee       0x2a contiki-sky.a(phase.o)
                0x000064ee                phase_remove
 .text.rpl_get_dag
                0x00006518       0x1c contiki-sky.a(rpl-dag.o)
                0x00006518                rpl_get_dag
 .text.rpl_repair_dag
                0x00006534       0x1e contiki-sky.a(rpl-dag.o)
                0x00006534                rpl_repair_dag
 .text.rpl_find_parent
                0x00006552       0x34 contiki-sky.a(rpl-dag.o)
                0x00006552                rpl_find_parent
 .text.rpl_remove_parent
                0x00006586       0x8c contiki-sky.a(rpl-dag.o)
                0x00006586                rpl_remove_parent
 .text.rpl_add_parent
                0x00006612       0xa6 contiki-sky.a(rpl-dag.o)
                0x00006612                rpl_add_parent
 .text.rpl_alloc_dag
                0x000066b8       0x50 contiki-sky.a(rpl-dag.o)
                0x000066b8                rpl_alloc_dag
 .text.rpl_set_prefix
                0x00006708       0x5e contiki-sky.a(rpl-dag.o)
                0x00006708                rpl_set_prefix
 .text.rpl_set_default_route
                0x00006766       0x58 contiki-sky.a(rpl-dag.o)
                0x00006766                rpl_set_default_route
 .text.T.17     0x000067be       0x26 contiki-sky.a(rpl-dag.o)
 .text.rpl_free_dag
                0x000067e4       0x36 contiki-sky.a(rpl-dag.o)
                0x000067e4                rpl_free_dag
 .text.rpl_set_root
                0x0000681a       0xa4 contiki-sky.a(rpl-dag.o)
                0x0000681a                rpl_set_root
 .text.rpl_select_parent
                0x000068be      0x120 contiki-sky.a(rpl-dag.o)
                0x000068be                rpl_select_parent
 .text.rpl_local_repair
                0x000069de       0x18 contiki-sky.a(rpl-dag.o)
                0x000069de                rpl_local_repair
 .text.rpl_process_parent_event
                0x000069f6       0xac contiki-sky.a(rpl-dag.o)
                0x000069f6                rpl_process_parent_event
 .text.rpl_process_dio
                0x00006aa2      0x37a contiki-sky.a(rpl-dag.o)
                0x00006aa2                rpl_process_dio
 .text.rpl_recalculate_ranks
                0x00006e1c       0x2e contiki-sky.a(rpl-dag.o)
                0x00006e1c                rpl_recalculate_ranks
 .text.dio_output_set_next
                0x00006e4a       0x1e contiki-sky.a(rpl-icmp6.o)
                0x00006e4a                dio_output_set_next
 .text.clear_dio_mc
                0x00006e68       0x22 contiki-sky.a(rpl-icmp6.o)
                0x00006e68                clear_dio_mc
 .text.dao_ack_output
                0x00006e8a       0x32 contiki-sky.a(rpl-icmp6.o)
                0x00006e8a                dao_ack_output
 .text.dao_output
                0x00006ebc      0x132 contiki-sky.a(rpl-icmp6.o)
                0x00006ebc                dao_output
 .text.dis_output
                0x00006fee       0x50 contiki-sky.a(rpl-icmp6.o)
                0x00006fee                dis_output
 .text.dio_output
                0x0000703e      0x442 contiki-sky.a(rpl-icmp6.o)
                0x0000703e                dio_output
 .text.uip_rpl_input
                0x00007480      0x782 contiki-sky.a(rpl-icmp6.o)
                0x00007480                uip_rpl_input
 .text.rpl_schedule_next_dio_reception
                0x00007c02       0x80 contiki-sky.a(rpl-timers.o)
                0x00007c02                rpl_schedule_next_dio_reception
 .text.rpl_dio_received
                0x00007c82      0x136 contiki-sky.a(rpl-timers.o)
                0x00007c82                rpl_dio_received
 .text.rpl_reset_periodic_timer
                0x00007db8       0x1e contiki-sky.a(rpl-timers.o)
                0x00007db8                rpl_reset_periodic_timer
 .text.handle_next_dio
                0x00007dd6       0xa6 contiki-sky.a(rpl-timers.o)
                0x00007dd6                handle_next_dio
 .text.new_interval
                0x00007e7c       0xac contiki-sky.a(rpl-timers.o)
                0x00007e7c                new_interval
 .text.send_dis
                0x00007f28       0xa6 contiki-sky.a(rpl-timers.o)
                0x00007f28                send_dis
 .text.rpl_schedule_dao
                0x00007fce       0x48 contiki-sky.a(rpl-timers.o)
                0x00007fce                rpl_schedule_dao
 .text.handle_dao_timer
                0x00008016       0x4c contiki-sky.a(rpl-timers.o)
 .text.new_dio_interval
                0x00008062       0xc2 contiki-sky.a(rpl-timers.o)
 .text.rpl_reset_dio_timer
                0x00008124       0x24 contiki-sky.a(rpl-timers.o)
                0x00008124                rpl_reset_dio_timer
 .text.handle_dio_timer
                0x00008148       0x82 contiki-sky.a(rpl-timers.o)
 .text.handle_periodic_timer
                0x000081ca       0x30 contiki-sky.a(rpl-timers.o)
 .text.reset    0x000081fa        0x2 contiki-sky.a(rpl-of-fuzzy.o)
 .text.calculate_rank
                0x000081fc       0x52 contiki-sky.a(rpl-of-fuzzy.o)
 .text.action   0x0000824e       0x16 contiki-sky.a(rpl-of-fuzzy.o)
 .text.update_metric_container
                0x00008264      0x2ae contiki-sky.a(rpl-of-fuzzy.o)
 .text.calculate_fuzzy_metric
                0x00008512       0xa4 contiki-sky.a(rpl-of-fuzzy.o)
 .text.best_parent
                0x000085b6       0x8a contiki-sky.a(rpl-of-fuzzy.o)
 .text.parent_state_callback
                0x00008640       0x16 contiki-sky.a(rpl-of-fuzzy.o)
 .text.FIRST_T_NORM
                0x00008656       0x80 contiki-sky.a(fuzzify.o)
                0x00008656                FIRST_T_NORM
 .text.LAST_T_NORM
                0x000086d6       0x82 contiki-sky.a(fuzzify.o)
                0x000086d6                LAST_T_NORM
 .text.T_NORM   0x00008758       0xce contiki-sky.a(fuzzify.o)
                0x00008758                T_NORM
 .text.COG_1    0x00008826       0x78 contiki-sky.a(fuzzify.o)
                0x00008826                COG_1
 .text.compose  0x0000889e       0xe2 contiki-sky.a(fuzzify.o)
                0x0000889e                compose
 .text.consumption
                0x00008980       0xb0 contiki-sky.a(fuzzify.o)
                0x00008980                consumption
 .text.reliability
                0x00008a30       0xa4 contiki-sky.a(fuzzify.o)
                0x00008a30                reliability
 .text.duration
                0x00008ad4       0xa0 contiki-sky.a(fuzzify.o)
                0x00008ad4                duration
 .text.qos      0x00008b74      0x506 contiki-sky.a(qos.o)
                0x00008b74                qos
 .text.quality  0x0000907a      0x83a contiki-sky.a(quality.o)
                0x0000907a                quality
 .text.process_alloc_event
                0x000098b4        0xe contiki-sky.a(process.o)
                0x000098b4                process_alloc_event
 .text.call_process
                0x000098c2       0x4c contiki-sky.a(process.o)
 .text.exit_process
                0x0000990e       0x94 contiki-sky.a(process.o)
 .text.process_init
                0x000099a2       0x1c contiki-sky.a(process.o)
                0x000099a2                process_init
 .text.process_run
                0x000099be       0xf0 contiki-sky.a(process.o)
                0x000099be                process_run
 .text.process_nevents
                0x00009aae        0xe contiki-sky.a(process.o)
                0x00009aae                process_nevents
 .text.process_post
                0x00009abc       0x56 contiki-sky.a(process.o)
                0x00009abc                process_post
 .text.process_post_synch
                0x00009b12       0x12 contiki-sky.a(process.o)
                0x00009b12                process_post_synch
 .text.process_start
                0x00009b24       0x2e contiki-sky.a(process.o)
                0x00009b24                process_start
 .text.process_poll
                0x00009b52       0x1a contiki-sky.a(process.o)
                0x00009b52                process_poll
 .text.autostart_start
                0x00009b6c       0x16 contiki-sky.a(autostart.o)
                0x00009b6c                autostart_start
 .text.process_thread_serial_line_process
                0x00009b82       0xaa contiki-sky.a(serial-line.o)
 .text.serial_line_init
                0x00009c2c       0x1c contiki-sky.a(serial-line.o)
                0x00009c2c                serial_line_init
 .text.memb_alloc
                0x00009c48       0x3e contiki-sky.a(memb.o)
                0x00009c48                memb_alloc
 .text.memb_free
                0x00009c86       0x3a contiki-sky.a(memb.o)
                0x00009c86                memb_free
 .text.memb_inmemb
                0x00009cc0       0x30 contiki-sky.a(memb.o)
                0x00009cc0                memb_inmemb
 .text.memb_init
                0x00009cf0       0x36 contiki-sky.a(memb.o)
                0x00009cf0                memb_init
 .text.timer_reset
                0x00009d26        0xe contiki-sky.a(timer.o)
                0x00009d26                timer_reset
 .text.timer_expired
                0x00009d34       0x32 contiki-sky.a(timer.o)
                0x00009d34                timer_expired
 .text.timer_restart
                0x00009d66       0x14 contiki-sky.a(timer.o)
                0x00009d66                timer_restart
 .text.timer_set
                0x00009d7a       0x1c contiki-sky.a(timer.o)
                0x00009d7a                timer_set
 .text.list_init
                0x00009d96        0x6 contiki-sky.a(list.o)
                0x00009d96                list_init
 .text.list_head
                0x00009d9c        0x4 contiki-sky.a(list.o)
                0x00009d9c                list_head
 .text.list_add
                0x00009da0       0x56 contiki-sky.a(list.o)
                0x00009da0                list_add
 .text.list_push
                0x00009df6       0x36 contiki-sky.a(list.o)
                0x00009df6                list_push
 .text.list_chop
                0x00009e2c       0x26 contiki-sky.a(list.o)
                0x00009e2c                list_chop
 .text.list_remove
                0x00009e52       0x2e contiki-sky.a(list.o)
                0x00009e52                list_remove
 .text.list_length
                0x00009e80       0x10 contiki-sky.a(list.o)
                0x00009e80                list_length
 .text.list_item_next
                0x00009e90        0x8 contiki-sky.a(list.o)
                0x00009e90                list_item_next
 .text.etimer_expired
                0x00009e98        0xe contiki-sky.a(etimer.o)
                0x00009e98                etimer_expired
 .text.etimer_expiration_time
                0x00009ea6       0x12 contiki-sky.a(etimer.o)
                0x00009ea6                etimer_expiration_time
 .text.etimer_pending
                0x00009eb8        0xc contiki-sky.a(etimer.o)
                0x00009eb8                etimer_pending
 .text.etimer_next_expiration_time
                0x00009ec4       0x16 contiki-sky.a(etimer.o)
                0x00009ec4                etimer_next_expiration_time
 .text.update_time
                0x00009eda       0x7e contiki-sky.a(etimer.o)
 .text.etimer_stop
                0x00009f58       0x3c contiki-sky.a(etimer.o)
                0x00009f58                etimer_stop
 .text.etimer_request_poll
                0x00009f94        0xa contiki-sky.a(etimer.o)
                0x00009f94                etimer_request_poll
 .text.process_thread_etimer_process
                0x00009f9e       0xce contiki-sky.a(etimer.o)
 .text.add_timer
                0x0000a06c       0x38 contiki-sky.a(etimer.o)
 .text.etimer_restart
                0x0000a0a4       0x12 contiki-sky.a(etimer.o)
                0x0000a0a4                etimer_restart
 .text.etimer_reset
                0x0000a0b6       0x12 contiki-sky.a(etimer.o)
                0x0000a0b6                etimer_reset
 .text.etimer_set
                0x0000a0c8       0x12 contiki-sky.a(etimer.o)
                0x0000a0c8                etimer_set
 .text.process_thread_ctimer_process
                0x0000a0da       0xa4 contiki-sky.a(ctimer.o)
 .text.ctimer_expired
                0x0000a17e       0x32 contiki-sky.a(ctimer.o)
                0x0000a17e                ctimer_expired
 .text.ctimer_stop
                0x0000a1b0       0x28 contiki-sky.a(ctimer.o)
                0x0000a1b0                ctimer_stop
 .text.ctimer_set
                0x0000a1d8       0x52 contiki-sky.a(ctimer.o)
                0x0000a1d8                ctimer_set
 .text.ctimer_reset
                0x0000a22a       0x3a contiki-sky.a(ctimer.o)
                0x0000a22a                ctimer_reset
 .text.ctimer_init
                0x0000a264       0x18 contiki-sky.a(ctimer.o)
                0x0000a264                ctimer_init
 .text.energest_init
                0x0000a27c       0x2a contiki-sky.a(energest.o)
                0x0000a27c                energest_init
 .text.energest_type_set
                0x0000a2a6        0xe contiki-sky.a(energest.o)
                0x0000a2a6                energest_type_set
 .text.energest_flush
                0x0000a2b4       0x44 contiki-sky.a(energest.o)
                0x0000a2b4                energest_flush
 .text.energest_type_time
                0x0000a2f8       0x44 contiki-sky.a(energest.o)
                0x0000a2f8                energest_type_time
 .text.rtimer_run_next
                0x0000a33c       0x26 contiki-sky.a(rtimer.o)
                0x0000a33c                rtimer_run_next
 .text.rtimer_set
                0x0000a362       0x24 contiki-sky.a(rtimer.o)
                0x0000a362                rtimer_set
 .text.rtimer_init
                0x0000a386        0x6 contiki-sky.a(rtimer.o)
                0x0000a386                rtimer_init
 .text.stimer_expired
                0x0000a38c       0x3c contiki-sky.a(stimer.o)
                0x0000a38c                stimer_expired
 .text.stimer_set
                0x0000a3c8       0x1c contiki-sky.a(stimer.o)
                0x0000a3c8                stimer_set
 .text.random_rand
                0x0000a3e4        0x6 contiki-sky.a(random.o)
                0x0000a3e4                random_rand
 .text.random_init
                0x0000a3ea        0x6 contiki-sky.a(random.o)
                0x0000a3ea                random_init
 .text.ringbuf_init
                0x0000a3f0       0x14 contiki-sky.a(ringbuf.o)
                0x0000a3f0                ringbuf_init
 .text.ringbuf_get
                0x0000a404       0x32 contiki-sky.a(ringbuf.o)
                0x0000a404                ringbuf_get
 .text.uip_debug_ipaddr_print
                0x0000a436       0x72 contiki-sky.a(uip-debug.o)
                0x0000a436                uip_debug_ipaddr_print
 .text.packetbuf_hdralloc
                0x0000a4a8       0x2c contiki-sky.a(packetbuf.o)
                0x0000a4a8                packetbuf_hdralloc
 .text.packetbuf_hdr_remove
                0x0000a4d4        0x6 contiki-sky.a(packetbuf.o)
                0x0000a4d4                packetbuf_hdr_remove
 .text.packetbuf_hdrreduce
                0x0000a4da       0x1a contiki-sky.a(packetbuf.o)
                0x0000a4da                packetbuf_hdrreduce
 .text.packetbuf_set_datalen
                0x0000a4f4        0x6 contiki-sky.a(packetbuf.o)
                0x0000a4f4                packetbuf_set_datalen
 .text.packetbuf_dataptr
                0x0000a4fa        0xe contiki-sky.a(packetbuf.o)
                0x0000a4fa                packetbuf_dataptr
 .text.packetbuf_hdrptr
                0x0000a508        0xa contiki-sky.a(packetbuf.o)
                0x0000a508                packetbuf_hdrptr
 .text.packetbuf_is_reference
                0x0000a512       0x14 contiki-sky.a(packetbuf.o)
                0x0000a512                packetbuf_is_reference
 .text.packetbuf_reference_ptr
                0x0000a526        0x6 contiki-sky.a(packetbuf.o)
                0x0000a526                packetbuf_reference_ptr
 .text.packetbuf_datalen
                0x0000a52c        0x6 contiki-sky.a(packetbuf.o)
                0x0000a52c                packetbuf_datalen
 .text.packetbuf_totlen
                0x0000a532       0x10 contiki-sky.a(packetbuf.o)
                0x0000a532                packetbuf_totlen
 .text.packetbuf_attr_copyfrom
                0x0000a542       0x24 contiki-sky.a(packetbuf.o)
                0x0000a542                packetbuf_attr_copyfrom
 .text.packetbuf_attr_copyto
                0x0000a566       0x22 contiki-sky.a(packetbuf.o)
                0x0000a566                packetbuf_attr_copyto
 .text.packetbuf_copyto
                0x0000a588       0x5c contiki-sky.a(packetbuf.o)
                0x0000a588                packetbuf_copyto
 .text.packetbuf_copyto_hdr
                0x0000a5e4       0x22 contiki-sky.a(packetbuf.o)
                0x0000a5e4                packetbuf_copyto_hdr
 .text.packetbuf_compact
                0x0000a606       0x54 contiki-sky.a(packetbuf.o)
                0x0000a606                packetbuf_compact
 .text.packetbuf_attr_clear
                0x0000a65a       0x42 contiki-sky.a(packetbuf.o)
                0x0000a65a                packetbuf_attr_clear
 .text.packetbuf_clear
                0x0000a69c       0x20 contiki-sky.a(packetbuf.o)
                0x0000a69c                packetbuf_clear
 .text.packetbuf_copyfrom
                0x0000a6bc       0x2e contiki-sky.a(packetbuf.o)
                0x0000a6bc                packetbuf_copyfrom
 .text.queuebuf_to_packetbuf
                0x0000a6ea       0x6e contiki-sky.a(queuebuf.o)
                0x0000a6ea                queuebuf_to_packetbuf
 .text.queuebuf_free
                0x0000a758       0x3c contiki-sky.a(queuebuf.o)
                0x0000a758                queuebuf_free
 .text.queuebuf_update_attr_from_packetbuf
                0x0000a794       0x10 contiki-sky.a(queuebuf.o)
                0x0000a794                queuebuf_update_attr_from_packetbuf
 .text.queuebuf_new_from_packetbuf
                0x0000a7a4       0x6a contiki-sky.a(queuebuf.o)
                0x0000a7a4                queuebuf_new_from_packetbuf
 .text.queuebuf_init
                0x0000a80e       0x12 contiki-sky.a(queuebuf.o)
                0x0000a80e                queuebuf_init
 .text.uip_add32
                0x0000a820       0x6a contiki-sky.a(uip6.o)
                0x0000a820                uip_add32
 .text.upper_layer_chksum
                0x0000a88a       0x82 contiki-sky.a(uip6.o)
 .text.uip_icmp6chksum
                0x0000a90c        0xa contiki-sky.a(uip6.o)
                0x0000a90c                uip_icmp6chksum
 .text.uip_tcpchksum
                0x0000a916        0xa contiki-sky.a(uip6.o)
                0x0000a916                uip_tcpchksum
 .text.uip_udpchksum
                0x0000a920        0xa contiki-sky.a(uip6.o)
                0x0000a920                uip_udpchksum
 .text.uip_unlisten
                0x0000a92a       0x32 contiki-sky.a(uip6.o)
                0x0000a92a                uip_unlisten
 .text.uip_add_rcv_nxt
                0x0000a95c       0x2e contiki-sky.a(uip6.o)
 .text.uip_htonl
                0x0000a98a       0x1e contiki-sky.a(uip6.o)
                0x0000a98a                uip_htonl
 .text.ext_hdr_options_process
                0x0000a9a8       0xae contiki-sky.a(uip6.o)
 .text.uip_process
                0x0000aa56      0xfb4 contiki-sky.a(uip6.o)
                0x0000aa56                uip_process
 .text.uip_udp_new
                0x0000ba0a       0xd2 contiki-sky.a(uip6.o)
                0x0000ba0a                uip_udp_new
 .text.uip_init
                0x0000badc       0x6c contiki-sky.a(uip6.o)
                0x0000badc                uip_init
 .text.tcpip_output
                0x0000bb48       0x10 contiki-sky.a(tcpip.o)
                0x0000bb48                tcpip_output
 .text.tcpip_set_outputfunc
                0x0000bb58        0x6 contiki-sky.a(tcpip.o)
                0x0000bb58                tcpip_set_outputfunc
 .text.start_periodic_tcp_timer
                0x0000bb5e       0x16 contiki-sky.a(tcpip.o)
 .text.tcpip_uipcall
                0x0000bb74       0x7c contiki-sky.a(tcpip.o)
                0x0000bb74                tcpip_uipcall
 .text.tcpip_input
                0x0000bbf0       0x16 contiki-sky.a(tcpip.o)
                0x0000bbf0                tcpip_input
 .text.tcpip_ipv6_output
                0x0000bc06      0x15e contiki-sky.a(tcpip.o)
                0x0000bc06                tcpip_ipv6_output
 .text.process_thread_tcpip_process
                0x0000bd64      0x1e0 contiki-sky.a(tcpip.o)
 .text.udp_new  0x0000bf44       0x1a contiki-sky.a(tcpip.o)
                0x0000bf44                udp_new
 .text.uip_icmp6_send
                0x0000bf5e       0x90 contiki-sky.a(uip-icmp6.o)
                0x0000bf5e                uip_icmp6_send
 .text.uip_icmp6_echo_request_input
                0x0000bfee       0xbc contiki-sky.a(uip-icmp6.o)
                0x0000bfee                uip_icmp6_echo_request_input
 .text.uip_icmp6_error_output
                0x0000c0aa      0x136 contiki-sky.a(uip-icmp6.o)
                0x0000c0aa                uip_icmp6_error_output
 .text.uip_nd6_na_input
                0x0000c1e0      0x1d6 contiki-sky.a(uip-nd6.o)
                0x0000c1e0                uip_nd6_na_input
 .text.create_llao
                0x0000c3b6       0x2c contiki-sky.a(uip-nd6.o)
 .text.uip_nd6_ns_output
                0x0000c3e2      0x12c contiki-sky.a(uip-nd6.o)
                0x0000c3e2                uip_nd6_ns_output
 .text.uip_nd6_ns_input
                0x0000c50e      0x29e contiki-sky.a(uip-nd6.o)
                0x0000c50e                uip_nd6_ns_input
 .text.compress_addr_64
                0x0000c7ac       0x84 contiki-sky.a(sicslowpan.o)
 .text.uncompress_addr
                0x0000c830       0xaa contiki-sky.a(sicslowpan.o)
 .text.input    0x0000c8da      0x604 contiki-sky.a(sicslowpan.o)
 .text.sicslowpan_init
                0x0000cede       0x2c contiki-sky.a(sicslowpan.o)
                0x0000cede                sicslowpan_init
 .text.addr_context_lookup_by_prefix
                0x0000cf0a       0x4c contiki-sky.a(sicslowpan.o)
 .text.send_packet
                0x0000cf56       0x1a contiki-sky.a(sicslowpan.o)
 .text.output   0x0000cf70      0x688 contiki-sky.a(sicslowpan.o)
 .text.packet_sent
                0x0000d5f8       0x1c contiki-sky.a(sicslowpan.o)
 .text.neighbor_info_subscribe
                0x0000d614       0x20 contiki-sky.a(neighbor-info.o)
                0x0000d614                neighbor_info_subscribe
 .text.neighbor_info_packet_received
                0x0000d634       0x1a contiki-sky.a(neighbor-info.o)
                0x0000d634                neighbor_info_packet_received
 .text.neighbor_info_packet_sent
                0x0000d64e       0xcc contiki-sky.a(neighbor-info.o)
                0x0000d64e                neighbor_info_packet_sent
 .text.uip_ds6_defrt_rm
                0x0000d71a        0xa contiki-sky.a(uip-ds6.o)
                0x0000d71a                uip_ds6_defrt_rm
 .text.uip_ds6_get_link_local
                0x0000d724       0x4a contiki-sky.a(uip-ds6.o)
                0x0000d724                uip_ds6_get_link_local
 .text.uip_ds6_route_rm
                0x0000d76e        0x6 contiki-sky.a(uip-ds6.o)
                0x0000d76e                uip_ds6_route_rm
 .text.uip_ds6_select_src
                0x0000d774      0x10a contiki-sky.a(uip-ds6.o)
                0x0000d774                uip_ds6_select_src
 .text.uip_ds6_compute_reachable_time
                0x0000d87e       0x46 contiki-sky.a(uip-ds6.o)
                0x0000d87e                uip_ds6_compute_reachable_time
 .text.uip_ds6_dad
                0x0000d8c4       0x72 contiki-sky.a(uip-ds6.o)
                0x0000d8c4                uip_ds6_dad
 .text.uip_ds6_set_addr_iid
                0x0000d936       0x14 contiki-sky.a(uip-ds6.o)
                0x0000d936                uip_ds6_set_addr_iid
 .text.uip_ds6_route_rm_by_nexthop
                0x0000d94a       0x44 contiki-sky.a(uip-ds6.o)
                0x0000d94a                uip_ds6_route_rm_by_nexthop
 .text.uip_ds6_route_lookup
                0x0000d98e       0x6a contiki-sky.a(uip-ds6.o)
                0x0000d98e                uip_ds6_route_lookup
 .text.uip_ds6_is_addr_onlink
                0x0000d9f8       0x50 contiki-sky.a(uip-ds6.o)
                0x0000d9f8                uip_ds6_is_addr_onlink
 .text.uip_ds6_list_loop
                0x0000da48       0x84 contiki-sky.a(uip-ds6.o)
                0x0000da48                uip_ds6_list_loop
 .text.uip_ds6_route_add
                0x0000dacc       0x6e contiki-sky.a(uip-ds6.o)
                0x0000dacc                uip_ds6_route_add
 .text.uip_ds6_maddr_lookup
                0x0000db3a       0x2a contiki-sky.a(uip-ds6.o)
                0x0000db3a                uip_ds6_maddr_lookup
 .text.uip_ds6_addr_rm
                0x0000db64       0x54 contiki-sky.a(uip-ds6.o)
                0x0000db64                uip_ds6_addr_rm
 .text.uip_ds6_dad_failed
                0x0000dbb8       0x14 contiki-sky.a(uip-ds6.o)
                0x0000dbb8                uip_ds6_dad_failed
 .text.uip_ds6_maddr_add
                0x0000dbcc       0x48 contiki-sky.a(uip-ds6.o)
                0x0000dbcc                uip_ds6_maddr_add
 .text.uip_ds6_addr_lookup
                0x0000dc14       0x2a contiki-sky.a(uip-ds6.o)
                0x0000dc14                uip_ds6_addr_lookup
 .text.uip_ds6_prefix_add
                0x0000dc3e       0x7c contiki-sky.a(uip-ds6.o)
                0x0000dc3e                uip_ds6_prefix_add
 .text.uip_ds6_defrt_lookup
                0x0000dcba       0x28 contiki-sky.a(uip-ds6.o)
                0x0000dcba                uip_ds6_defrt_lookup
 .text.uip_ds6_nbr_lookup
                0x0000dce2       0x2a contiki-sky.a(uip-ds6.o)
                0x0000dce2                uip_ds6_nbr_lookup
 .text.uip_ds6_defrt_choose
                0x0000dd0c       0x4a contiki-sky.a(uip-ds6.o)
                0x0000dd0c                uip_ds6_defrt_choose
 .text.uip_ds6_addr_add
                0x0000dd56       0xe4 contiki-sky.a(uip-ds6.o)
                0x0000dd56                uip_ds6_addr_add
 .text.uip_ds6_defrt_add
                0x0000de3a       0x7e contiki-sky.a(uip-ds6.o)
                0x0000de3a                uip_ds6_defrt_add
 .text.uip_ds6_nbr_rm
                0x0000deb8        0xe contiki-sky.a(uip-ds6.o)
                0x0000deb8                uip_ds6_nbr_rm
 .text.uip_ds6_nbr_add
                0x0000dec6      0x120 contiki-sky.a(uip-ds6.o)
                0x0000dec6                uip_ds6_nbr_add
 .text.uip_ds6_periodic
                0x0000dfe6      0x1a6 contiki-sky.a(uip-ds6.o)
                0x0000dfe6                uip_ds6_periodic
 .text.uip_ds6_init
                0x0000e18c      0x16c contiki-sky.a(uip-ds6.o)
                0x0000e18c                uip_ds6_init
 .text.init_platform
                0x0000e2f8        0xc contiki-sky.a(contiki-sky-pla)
                0x0000e2f8                init_platform
 .text.status   0x0000e304       0x16 contiki-sky.a(button-sensor.o)
 .text.configure
                0x0000e31a       0x46 contiki-sky.a(button-sensor.o)
 .text.value    0x0000e360       0x1e contiki-sky.a(button-sensor.o)
 .text.irq_p2   0x0000e37e       0x86 contiki-sky.a(button-sensor.o)
                0x0000e37e                irq_p2
                0x0000e37e                vector_ffe2
 .text.owreadb  0x0000e404       0x56 contiki-sky.a(ds2411.o)
 .text.ds2411_init
                0x0000e45a      0x132 contiki-sky.a(ds2411.o)
                0x0000e45a                ds2411_init
 .text.wait_ready
                0x0000e58c       0x4e contiki-sky.a(xmem.o)
 .text.xmem_pread
                0x0000e5da       0xdc contiki-sky.a(xmem.o)
                0x0000e5da                xmem_pread
 .text.xmem_init
                0x0000e6b6       0x3c contiki-sky.a(xmem.o)
                0x0000e6b6                xmem_init
 .text.node_id_restore
                0x0000e6f2       0x38 contiki-sky.a(node-id.o)
                0x0000e6f2                node_id_restore
 .text.process_thread_sensors_process
                0x0000e72a       0xc4 contiki-sky.a(sensors.o)
 .text.sensors_changed
                0x0000e7ee       0x2c contiki-sky.a(sensors.o)
                0x0000e7ee                sensors_changed
 .text.getreg   0x0000e81a       0x50 contiki-sky.a(cc2420.o)
 .text.setreg   0x0000e86a       0x48 contiki-sky.a(cc2420.o)
 .text.set_txpower
                0x0000e8b2       0x2a contiki-sky.a(cc2420.o)
 .text.cc2420_receiving_packet
                0x0000e8dc        0xc contiki-sky.a(cc2420.o)
 .text.pending_packet
                0x0000e8e8        0x8 contiki-sky.a(cc2420.o)
 .text.on       0x0000e8f0       0x72 contiki-sky.a(cc2420.o)
 .text.flushrx  0x0000e962       0x6e contiki-sky.a(cc2420.o)
 .text.off      0x0000e9d0       0x9c contiki-sky.a(cc2420.o)
 .text.RELEASE_LOCK
                0x0000ea6c       0x28 contiki-sky.a(cc2420.o)
 .text.cc2420_prepare
                0x0000ea94       0x98 contiki-sky.a(cc2420.o)
 .text.cc2420_get_txpower
                0x0000eb2c       0x1e contiki-sky.a(cc2420.o)
                0x0000eb2c                cc2420_get_txpower
 .text.cc2420_set_pan_addr
                0x0000eb4a      0x152 contiki-sky.a(cc2420.o)
                0x0000eb4a                cc2420_set_pan_addr
 .text.cc2420_set_channel
                0x0000ec9c       0xc0 contiki-sky.a(cc2420.o)
                0x0000ec9c                cc2420_set_channel
 .text.cc2420_on
                0x0000ed5c       0x22 contiki-sky.a(cc2420.o)
                0x0000ed5c                cc2420_on
 .text.cc2420_transmit
                0x0000ed7e      0x220 contiki-sky.a(cc2420.o)
 .text.cc2420_send
                0x0000ef9e       0x12 contiki-sky.a(cc2420.o)
 .text.cc2420_off
                0x0000efb0       0x4a contiki-sky.a(cc2420.o)
                0x0000efb0                cc2420_off
 .text.cc2420_cca
                0x0000effa       0x96 contiki-sky.a(cc2420.o)
 .text.getrxdata
                0x0000f090       0x4c contiki-sky.a(cc2420.o)
 .text.cc2420_read
                0x0000f0dc      0x118 contiki-sky.a(cc2420.o)
 .text.cc2420_interrupt
                0x0000f1f4       0x1e contiki-sky.a(cc2420.o)
                0x0000f1f4                cc2420_interrupt
 .text.process_thread_cc2420_process
                0x0000f212       0x50 contiki-sky.a(cc2420.o)
 .text.cc2420_init
                0x0000f262       0xde contiki-sky.a(cc2420.o)
                0x0000f262                cc2420_init
 .text.cc2420_arch_init
                0x0000f340       0x1a contiki-sky.a(cc2420-arch.o)
                0x0000f340                cc2420_arch_init
 .text.cc24240_port1_interrupt
                0x0000f35a       0x62 contiki-sky.a(cc2420-arch.o)
                0x0000f35a                cc24240_port1_interrupt
                0x0000f35a                vector_ffe8
 .text.uart1_active
                0x0000f3bc       0x14 contiki-sky.a(uart1.o)
                0x0000f3bc                uart1_active
 .text.uart1_init
                0x0000f3d0       0xc4 contiki-sky.a(uart1.o)
                0x0000f3d0                uart1_init
 .text.uart1_rx_interrupt
                0x0000f494       0x9c contiki-sky.a(uart1.o)
                0x0000f494                uart1_rx_interrupt
                0x0000f494                vector_ffe6
 .text.uart1_writeb
                0x0000f530       0x1a contiki-sky.a(uart1.o)
                0x0000f530                uart1_writeb
 .text.putchar  0x0000f54a        0xe contiki-sky.a(uart1-putchar.o)
                0x0000f54a                putchar
 .text.w_memcpy
                0x0000f558       0x22 contiki-sky.a(msp430.o)
                0x0000f558                w_memcpy
 .text.w_memset
                0x0000f57a       0x12 contiki-sky.a(msp430.o)
                0x0000f57a                w_memset
 .text.msp430_init_dco
                0x0000f58c       0x72 contiki-sky.a(msp430.o)
                0x0000f58c                msp430_init_dco
 .text.splhigh_
                0x0000f5fe        0x8 contiki-sky.a(msp430.o)
                0x0000f5fe                splhigh_
 .text.msp430_sync_dco
                0x0000f606       0x5c contiki-sky.a(msp430.o)
                0x0000f606                msp430_sync_dco
 .text.msp430_cpu_init
                0x0000f662       0x28 contiki-sky.a(msp430.o)
                0x0000f662                msp430_cpu_init
 .text.clock_time
                0x0000f68a       0x1a contiki-sky.a(clock.o)
                0x0000f68a                clock_time
 .text.clock_init
                0x0000f6a4       0x26 contiki-sky.a(clock.o)
                0x0000f6a4                clock_init
 .text.clock_delay
                0x0000f6ca        0x6 contiki-sky.a(clock.o)
                0x0000f6ca                clock_delay
 .text.clock_seconds
                0x0000f6d0       0x1a contiki-sky.a(clock.o)
                0x0000f6d0                clock_seconds
 .text.timera1  0x0000f6ea       0xe8 contiki-sky.a(clock.o)
                0x0000f6ea                timera1
                0x0000f6ea                vector_ffea
 .text.show_leds
                0x0000f7d2      0x104 contiki-sky.a(leds.o)
 .text.leds_invert
                0x0000f8d6        0xa contiki-sky.a(leds.o)
                0x0000f8d6                leds_invert
 .text.leds_off
                0x0000f8e0       0x14 contiki-sky.a(leds.o)
                0x0000f8e0                leds_off
 .text.leds_on  0x0000f8f4       0x14 contiki-sky.a(leds.o)
                0x0000f8f4                leds_on
 .text.leds_blink
                0x0000f908       0x26 contiki-sky.a(leds.o)
                0x0000f908                leds_blink
 .text.leds_init
                0x0000f92e        0xe contiki-sky.a(leds.o)
                0x0000f92e                leds_init
 .text.leds_arch_init
                0x0000f93c        0xe contiki-sky.a(leds-arch.o)
                0x0000f93c                leds_arch_init
 .text.leds_arch_set
                0x0000f94a       0x40 contiki-sky.a(leds-arch.o)
                0x0000f94a                leds_arch_set
 .text.watchdog_interrupt
                0x0000f98a        0x6 contiki-sky.a(watchdog.o)
                0x0000f98a                watchdog_interrupt
                0x0000f98a                vector_fff4
 .text.watchdog_init
                0x0000f990       0x14 contiki-sky.a(watchdog.o)
                0x0000f990                watchdog_init
 .text.watchdog_start
                0x0000f9a4       0x14 contiki-sky.a(watchdog.o)
                0x0000f9a4                watchdog_start
 .text.watchdog_periodic
                0x0000f9b8       0x10 contiki-sky.a(watchdog.o)
                0x0000f9b8                watchdog_periodic
 .text.watchdog_stop
                0x0000f9c8       0x16 contiki-sky.a(watchdog.o)
                0x0000f9c8                watchdog_stop
 .text.rtimer_arch_init
                0x0000f9de        0xc contiki-sky.a(rtimer-arch.o)
                0x0000f9de                rtimer_arch_init
 .text.rtimer_arch_now
                0x0000f9ea        0xe contiki-sky.a(rtimer-arch.o)
                0x0000f9ea                rtimer_arch_now
 .text.rtimer_arch_schedule
                0x0000f9f8        0x6 contiki-sky.a(rtimer-arch.o)
                0x0000f9f8                rtimer_arch_schedule
 .text.timera0  0x0000f9fe       0x7c contiki-sky.a(rtimer-arch.o)
                0x0000f9fe                vector_ffec
                0x0000f9fe                timera0
 .text.mac_call_sent_callback
                0x0000fa7a       0x14 contiki-sky.a(mac.o)
                0x0000fa7a                mac_call_sent_callback
 .text.parse    0x0000fa8e       0xa8 contiki-sky.a(framer-802154.o)
 .text.create   0x0000fb36      0x112 contiki-sky.a(framer-802154.o)
 .text.rpl_init
                0x0000fc48       0x40 contiki-sky.a(rpl.o)
                0x0000fc48                rpl_init
 .text.rpl_link_neighbor_callback
                0x0000fc88       0x90 contiki-sky.a(rpl.o)
 .text.rpl_ipv6_neighbor_callback
                0x0000fd18       0x52 contiki-sky.a(rpl.o)
                0x0000fd18                rpl_ipv6_neighbor_callback
 .text.rpl_add_route
                0x0000fd6a       0x74 contiki-sky.a(rpl.o)
                0x0000fd6a                rpl_add_route
 .text.rpl_remove_routes
                0x0000fdde       0x26 contiki-sky.a(rpl.o)
                0x0000fdde                rpl_remove_routes
 .text.rpl_purge_routes
                0x0000fe04       0x44 contiki-sky.a(rpl.o)
                0x0000fe04                rpl_purge_routes
 .text.neighbor_addr_get
                0x0000fe48       0x42 contiki-sky.a(neighbor-attr.o)
 .text.neighbor_attr_get_data
                0x0000fe8a       0x2e contiki-sky.a(neighbor-attr.o)
                0x0000fe8a                neighbor_attr_get_data
 .text.neighbor_attr_has_neighbor
                0x0000feb8        0xc contiki-sky.a(neighbor-attr.o)
                0x0000feb8                neighbor_attr_has_neighbor
 .text.set_attr
                0x0000fec4       0x4e contiki-sky.a(neighbor-attr.o)
 .text.neighbor_attr_add_neighbor
                0x0000ff12       0x80 contiki-sky.a(neighbor-attr.o)
                0x0000ff12                neighbor_attr_add_neighbor
 .text.neighbor_attr_set_data
                0x0000ff92       0x68 contiki-sky.a(neighbor-attr.o)
                0x0000ff92                neighbor_attr_set_data
 .text.neighbor_attr_register
                0x0000fffa       0x34 contiki-sky.a(neighbor-attr.o)
                0x0000fffa                neighbor_attr_register
 .text.spi_init
                0x0001002e       0x30 contiki-sky.a(spi.o)
                0x0001002e                spi_init
 .text.frame802154_parse
                0x0001005e      0x1b2 contiki-sky.a(frame802154.o)
                0x0001005e                frame802154_parse
 .text.field_len
                0x00010210       0x8c contiki-sky.a(frame802154.o)
 .text.frame802154_create
                0x0001029c      0x170 contiki-sky.a(frame802154.o)
                0x0001029c                frame802154_create
 .text.frame802154_hdrlen
                0x0001040c       0x26 contiki-sky.a(frame802154.o)
                0x0001040c                frame802154_hdrlen
 .text.libgcc   0x00010432       0x28 /opt/msp430-gcc-4.4.5/lib/gcc/msp430/4.4.5/msp2/libgcc.a(_mulsi3hw.o)
                0x00010432                __umulsi3hw
 .text.libgcc   0x0001045a       0x1c /opt/msp430-gcc-4.4.5/lib/gcc/msp430/4.4.5/msp2/libgcc.a(_udivmodhi4.o)
                0x0001045a                __udivmodhi4
 .text.libgcc   0x00010476       0x2a /opt/msp430-gcc-4.4.5/lib/gcc/msp430/4.4.5/msp2/libgcc.a(_udivmodsi4.o)
                0x00010476                __udivmodsi4
 .text.libgcc   0x000104a0       0x4a /opt/msp430-gcc-4.4.5/lib/gcc/msp430/4.4.5/msp2/libgcc.a(_divmodsi4.o)
                0x000104a0                __divmodsi4
                0x000104ea                . = ALIGN (0x2)
 *(.fini9)
 *(.fini9)
 *(.fini8)
 *(.fini8)
 *(.fini7)
 *(.fini7)
 *(.fini6)
 *(.fini6)
 *(.fini5)
 *(.fini5)
 *(.fini4)
 *(.fini4)
 *(.fini3)
 *(.fini3)
 *(.fini2)
 *(.fini2)
 *(.fini1)
 *(.fini1)
 *(.fini0)
 *(.fini0)
 *(.fini)
 *(.fini)
                0x000104ea                _etext = .

.data           0x00001100       0xca load address 0x000104ea
                0x00001100                PROVIDE (__data_start, .)
                0x00001100                . = ALIGN (0x2)
 *(.data)
 .data          0x00001100        0xa udp-sink.co
                0x00001100                udp_server_process
 .data          0x0000110a        0xc obj_sky/collect-common.o
                0x0000110a                collect_common_process
 .data          0x00001116        0x8 contiki-sky.a(csma.o)
 .data          0x0000111e        0xe contiki-sky.a(contikimac.o)
                0x0000111e                phase_list
 .data          0x0000112c        0x8 contiki-sky.a(phase.o)
 .data          0x00001134       0x10 contiki-sky.a(rpl-dag.o)
 .data          0x00001144        0x8 contiki-sky.a(rpl-icmp6.o)
 .data          0x0000114c       0x18 contiki-sky.a(rpl-of-fuzzy.o)
                0x0000114c                rpl_of_fuzzy
 .data          0x00001164        0xa contiki-sky.a(serial-line.o)
                0x00001164                serial_line_process
 .data          0x0000116e        0xa contiki-sky.a(etimer.o)
                0x0000116e                etimer_process
 .data          0x00001178        0xa contiki-sky.a(ctimer.o)
                0x00001178                ctimer_process
 .data          0x00001182       0x10 contiki-sky.a(queuebuf.o)
 .data          0x00001192        0xa contiki-sky.a(tcpip.o)
                0x00001192                tcpip_process
 .data          0x0000119c        0x8 contiki-sky.a(neighbor-info.o)
 .data          0x000011a4        0x4 contiki-sky.a(contiki-sky-pla)
                0x000011a4                sensors
 .data          0x000011a8        0xa contiki-sky.a(sensors.o)
                0x000011a8                sensors_process
 .data          0x000011b2        0xa contiki-sky.a(cc2420.o)
                0x000011b2                cc2420_process
 .data          0x000011bc        0x2 contiki-sky.a(msp430.o)
 .data          0x000011be        0x8 contiki-sky.a(neighbor-attr.o)
 .data          0x000011c6        0x4 /opt/msp430-gcc-4.4.5/lib/gcc/msp430/4.4.5/../../../../msp430/lib/msp2/libc.a(rand.o)
 *(SORT(.data.*))
                0x000011ca                . = ALIGN (0x2)
 *(.gnu.linkonce.d*)
                0x000011ca                . = ALIGN (0x2)
                0x000011ca                _edata = .
                0x000104ea                PROVIDE (__data_load_start, LOADADDR (.data))
                0x000000ca                PROVIDE (__data_size, SIZEOF (.data))

.bootloader     0x00000c00        0x0
                0x00000c00                PROVIDE (__boot_start, .)
 *(.bootloader)
                0x00000c00                . = ALIGN (0x2)
 *(.bootloader.*)

.infomem        0x00001000        0x0
 *(.infomem)
                0x00001000                . = ALIGN (0x2)
 *(.infomem.*)

.infomemnobits  0x00001000        0x0
 *(.infomemnobits)
                0x00001000                . = ALIGN (0x2)
 *(.infomemnobits.*)

.bss            0x000011ca     0x280c
                0x000011ca                PROVIDE (__bss_start, .)
 *(.bss)
 .bss           0x000011ca        0x2 udp-sink.co
 .bss           0x000011cc       0x1c obj_sky/collect-common.o
 .bss           0x000011e8        0xc obj_sky/contiki-sky-main.o
 .bss           0x000011f4       0x68 contiki-sky.a(csma.o)
 .bss           0x0000125c      0x382 contiki-sky.a(contikimac.o)
 .bss           0x000015de       0xd8 contiki-sky.a(phase.o)
 .bss           0x000016b6      0x512 contiki-sky.a(rpl-dag.o)
 .bss           0x00001bc8       0x5c contiki-sky.a(rpl-icmp6.o)
 .bss           0x00001c24       0x36 contiki-sky.a(rpl-timers.o)
 .bss           0x00001c5a       0x5e contiki-sky.a(rpl-of-fuzzy.o)
 .bss           0x00001cb8       0x42 contiki-sky.a(process.o)
                0x00001cb8                process_list
                0x00001cba                process_current
 .bss           0x00001cfa      0x10a contiki-sky.a(serial-line.o)
 .bss           0x00001e04        0x6 contiki-sky.a(etimer.o)
 .bss           0x00001e0a        0x4 contiki-sky.a(ctimer.o)
 .bss           0x00001e0e        0x2 contiki-sky.a(rtimer.o)
 .bss           0x00001e10       0xba contiki-sky.a(packetbuf.o)
 .bss           0x00001eca      0x706 contiki-sky.a(queuebuf.o)
 .bss           0x000025d0       0x12 contiki-sky.a(uip6.o)
                0x000025d0                uip_ext_bitmap
                0x000025d2                uip_ext_len
                0x000025d4                uip_ext_opt_offset
 .bss           0x000025e2       0x36 contiki-sky.a(tcpip.o)
 .bss           0x00002618       0x10 contiki-sky.a(uip-icmp6.o)
 .bss           0x00002628        0xa contiki-sky.a(uip-nd6.o)
 .bss           0x00002632      0x11e contiki-sky.a(sicslowpan.o)
 .bss           0x00002750        0xe contiki-sky.a(neighbor-info.o)
 .bss           0x0000275e       0x20 contiki-sky.a(uip-ds6.o)
 .bss           0x0000277e        0x8 contiki-sky.a(button-sensor.o)
 .bss           0x00002786        0x2 contiki-sky.a(node-id.o)
                0x00002786                node_id
 .bss           0x00002788        0x6 contiki-sky.a(sensors.o)
 .bss           0x0000278e        0xc contiki-sky.a(cc2420.o)
 .bss           0x0000279a        0x4 contiki-sky.a(uart1.o)
 .bss           0x0000279e        0xa contiki-sky.a(clock.o)
 .bss           0x000027a8        0x2 contiki-sky.a(leds.o)
 .bss           0x000027aa        0x2 contiki-sky.a(watchdog.o)
 .bss           0x000027ac        0x2 contiki-sky.a(framer-802154.o)
 .bss           0x000027ae       0xce contiki-sky.a(neighbor-attr.o)
 .bss           0x0000287c        0x4 /opt/msp430-gcc-4.4.5/lib/gcc/msp430/4.4.5/../../../../msp430/lib/msp2/libc.a(vuprintf.o)
 *(SORT(.bss.*))
 *(COMMON)
 COMMON         0x00002880        0x8 contiki-sky.a(rimeaddr.o)
                0x00002880                rimeaddr_node_addr
 COMMON         0x00002888        0x1 contiki-sky.a(process.o)
                0x00002888                process_maxevents
 COMMON         0x00002889        0x1 contiki-sky.a(serial-line.o)
                0x00002889                serial_line_event_message
 COMMON         0x0000288a       0x56 contiki-sky.a(energest.o)
                0x0000288a                energest_total_time
                0x000028ba                energest_total_count
                0x000028bc                energest_current_mode
                0x000028c8                energest_current_time
 COMMON         0x000028e0       0x50 contiki-sky.a(packetbuf.o)
                0x000028e0                packetbuf_addrs
                0x00002900                packetbuf_attrs
 COMMON         0x00002930      0x304 contiki-sky.a(uip6.o)
                0x00002930                uip_len
                0x00002932                uip_sappdata
                0x00002934                uip_acc32
                0x00002938                uip_lladdr
                0x00002940                uip_aligned_buf
                0x00002a30                uip_flags
                0x00002a32                uip_next_hdr
                0x00002a34                uip_udp_conn
                0x00002a36                uip_appdata
                0x00002a38                uip_conn
                0x00002a3a                uip_conns
                0x00002aea                uip_listenports
                0x00002afa                uip_slen
                0x00002afc                uip_udp_conns
 COMMON         0x00002c34        0x1 contiki-sky.a(tcpip.o)
                0x00002c34                tcpip_event
 *fill*         0x00002c35        0x1 00
 COMMON         0x00002c36        0xa contiki-sky.a(sicslowpan.o)
                0x00002c36                sicslowpan_mac
                0x00002c38                frag_sender
 COMMON         0x00002c40      0xd2c contiki-sky.a(uip-ds6.o)
                0x00002c40                uip_ds6_timer_ra
                0x00002c48                uip_ds6_if
                0x00002d52                uip_ds6_prefix_list
                0x00002dac                uip_ds6_timer_periodic
                0x00002db8                uip_ds6_defrt_list
                0x00002df0                uip_ds6_nbr_cache
                0x000033cc                uip_ds6_routing_table
 COMMON         0x0000396c        0x2 contiki-sky.a(contiki-sky-pla)
                0x0000396c                sensors_flags
 COMMON         0x0000396e        0x8 contiki-sky.a(ds2411.o)
                0x0000396e                ds2411_id
 COMMON         0x00003976        0x1 contiki-sky.a(sensors.o)
                0x00003976                sensors_event
 *fill*         0x00003977        0x1 00
 COMMON         0x00003978       0x14 contiki-sky.a(cc2420.o)
                0x00003978                cc2420_last_rssi
                0x0000397a                cc2420_packets_read
                0x0000397c                cc2420_packets_seen
                0x0000397e                cc2420_sfd_start_time
                0x00003980                cc2420_time_of_departure
                0x00003982                cc2420_time_of_arrival
                0x00003984                cc2420_last_correlation
                0x00003986                cc2420_authority_level_of_sender
                0x00003988                cc2420_sfd_counter
                0x0000398a                cc2420_sfd_end_time
 COMMON         0x0000398c        0x2 contiki-sky.a(msp430.o)
                0x0000398c                msp430_dco_required
 COMMON         0x0000398e       0x48 contiki-sky.a(rimestats.o)
                0x0000398e                rimestats
                0x000039d6                PROVIDE (__bss_end, .)
                0x000039d6                _end = .
                0x0000280c                PROVIDE (__bss_size, SIZEOF (.bss))

.noinit         0x000039d6        0x0
                0x000039d6                PROVIDE (__noinit_start, .)
 *(.noinit)
 *(.noinit.*)
 *(COMMON)
                0x000039d6                PROVIDE (__noinit_end, .)
                0x000039d6                _end = .

.vectors        0x0000ffe0       0x20
                0x0000ffe0                PROVIDE (__vectors_start, .)
 *(.vectors*)
 .vectors       0x0000ffe0       0x20 /opt/msp430-gcc-4.4.5/lib/gcc/msp430/4.4.5/../../../../msp430/lib/crt430x1611.o
                0x0000ffe0                InterruptVectors
 *(.vectors*)
                0x00010000                _vectors_end = .

.profiler
 *(.profiler)

.stab
 *(.stab)

.stabstr
 *(.stabstr)

.stab.excl
 *(.stab.excl)

.stab.exclstr
 *(.stab.exclstr)

.stab.index
 *(.stab.index)

.stab.indexstr
 *(.stab.indexstr)

.comment
 *(.comment)

.debug
 *(.debug)

.line
 *(.line)

.debug_srcinfo
 *(.debug_srcinfo .zdebug_srcinfo)

.debug_sfnames
 *(.debug_sfnames .zdebug_sfnames)

.debug_aranges  0x00000000      0xae4
 *(.debug_aranges .zdebug_aranges)
 .debug_aranges
                0x00000000       0x24 udp-sink.co
 .debug_aranges
                0x00000024       0x1c obj_sky/collect-common.o
 .debug_aranges
                0x00000040       0x18 obj_sky/contiki-sky-main.o
 .debug_aranges
                0x00000058       0x1c contiki-sky.a(rimeaddr.o)
 .debug_aranges
                0x00000074       0x34 contiki-sky.a(csma.o)
 .debug_aranges
                0x000000a8       0x48 contiki-sky.a(contikimac.o)
 .debug_aranges
                0x000000f0       0x28 contiki-sky.a(phase.o)
 .debug_aranges
                0x00000118       0x54 contiki-sky.a(rpl-dag.o)
 .debug_aranges
                0x0000016c       0x2c contiki-sky.a(rpl-icmp6.o)
 .debug_aranges
                0x00000198       0x40 contiki-sky.a(rpl-timers.o)
 .debug_aranges
                0x000001d8       0x2c contiki-sky.a(rpl-of-fuzzy.o)
 .debug_aranges
                0x00000204       0x38 contiki-sky.a(fuzzify.o)
 .debug_aranges
                0x0000023c       0x14 contiki-sky.a(qos.o)
 .debug_aranges
                0x00000250       0x14 contiki-sky.a(quality.o)
 .debug_aranges
                0x00000264       0x40 contiki-sky.a(process.o)
 .debug_aranges
                0x000002a4       0x18 contiki-sky.a(autostart.o)
 .debug_aranges
                0x000002bc       0x1c contiki-sky.a(serial-line.o)
 .debug_aranges
                0x000002d8       0x20 contiki-sky.a(memb.o)
 .debug_aranges
                0x000002f8       0x24 contiki-sky.a(timer.o)
 .debug_aranges
                0x0000031c       0x40 contiki-sky.a(list.o)
 .debug_aranges
                0x0000035c       0x48 contiki-sky.a(etimer.o)
 .debug_aranges
                0x000003a4       0x2c contiki-sky.a(ctimer.o)
 .debug_aranges
                0x000003d0       0x24 contiki-sky.a(energest.o)
 .debug_aranges
                0x000003f4       0x1c contiki-sky.a(rtimer.o)
 .debug_aranges
                0x00000410       0x28 contiki-sky.a(stimer.o)
 .debug_aranges
                0x00000438       0x18 contiki-sky.a(random.o)
 .debug_aranges
                0x00000450       0x24 contiki-sky.a(ringbuf.o)
 .debug_aranges
                0x00000474       0x18 contiki-sky.a(uip-debug.o)
 .debug_aranges
                0x0000048c       0x64 contiki-sky.a(packetbuf.o)
 .debug_aranges
                0x000004f0       0x38 contiki-sky.a(queuebuf.o)
 .debug_aranges
                0x00000528       0x54 contiki-sky.a(uip6.o)
 .debug_aranges
                0x0000057c       0x50 contiki-sky.a(tcpip.o)
 .debug_aranges
                0x000005cc       0x1c contiki-sky.a(uip-icmp6.o)
 .debug_aranges
                0x000005e8       0x20 contiki-sky.a(uip-nd6.o)
 .debug_aranges
                0x00000608       0x30 contiki-sky.a(sicslowpan.o)
 .debug_aranges
                0x00000638       0x20 contiki-sky.a(neighbor-info.o)
 .debug_aranges
                0x00000658       0x9c contiki-sky.a(uip-ds6.o)
 .debug_aranges
                0x000006f4       0x14 contiki-sky.a(contiki-sky-pla)
 .debug_aranges
                0x00000708       0x20 contiki-sky.a(button-sensor.o)
 .debug_aranges
                0x00000728       0x18 contiki-sky.a(ds2411.o)
 .debug_aranges
                0x00000740       0x24 contiki-sky.a(xmem.o)
 .debug_aranges
                0x00000764       0x18 contiki-sky.a(node-id.o)
 .debug_aranges
                0x0000077c       0x24 contiki-sky.a(sensors.o)
 .debug_aranges
                0x000007a0       0x80 contiki-sky.a(cc2420.o)
 .debug_aranges
                0x00000820       0x18 contiki-sky.a(cc2420-arch.o)
 .debug_aranges
                0x00000838       0x24 contiki-sky.a(uart1.o)
 .debug_aranges
                0x0000085c       0x14 contiki-sky.a(uart1-putchar.o)
 .debug_aranges
                0x00000870       0x38 contiki-sky.a(msp430.o)
 .debug_aranges
                0x000008a8       0x3c contiki-sky.a(clock.o)
 .debug_aranges
                0x000008e4       0x30 contiki-sky.a(leds.o)
 .debug_aranges
                0x00000914       0x1c contiki-sky.a(leds-arch.o)
 .debug_aranges
                0x00000930       0x28 contiki-sky.a(watchdog.o)
 .debug_aranges
                0x00000958       0x20 contiki-sky.a(rtimer-arch.o)
 .debug_aranges
                0x00000978       0x14 contiki-sky.a(mac.o)
 .debug_aranges
                0x0000098c       0x18 contiki-sky.a(framer-802154.o)
 .debug_aranges
                0x000009a4       0x28 contiki-sky.a(rpl.o)
 .debug_aranges
                0x000009cc       0x44 contiki-sky.a(neighbor-attr.o)
 .debug_aranges
                0x00000a10       0x14 contiki-sky.a(spi.o)
 .debug_aranges
                0x00000a24       0x20 contiki-sky.a(frame802154.o)
 .debug_aranges
                0x00000a44       0x14 /opt/msp430-gcc-4.4.5/lib/gcc/msp430/4.4.5/msp2/libgcc.a(_mulsi3hw.o)
 .debug_aranges
                0x00000a58       0x14 /opt/msp430-gcc-4.4.5/lib/gcc/msp430/4.4.5/msp2/libgcc.a(_udivmodhi4.o)
 .debug_aranges
                0x00000a6c       0x14 /opt/msp430-gcc-4.4.5/lib/gcc/msp430/4.4.5/msp2/libgcc.a(_udivmodsi4.o)
 .debug_aranges
                0x00000a80       0x14 /opt/msp430-gcc-4.4.5/lib/gcc/msp430/4.4.5/msp2/libgcc.a(_divmodsi4.o)
 .debug_aranges
                0x00000a94       0x14 /opt/msp430-gcc-4.4.5/lib/gcc/msp430/4.4.5/msp2/libgcc.a(__init_stack.o)
 .debug_aranges
                0x00000aa8       0x14 /opt/msp430-gcc-4.4.5/lib/gcc/msp430/4.4.5/msp2/libgcc.a(_copy_data.o)
 .debug_aranges
                0x00000abc       0x14 /opt/msp430-gcc-4.4.5/lib/gcc/msp430/4.4.5/msp2/libgcc.a(_clear_bss.o)
 .debug_aranges
                0x00000ad0       0x14 /opt/msp430-gcc-4.4.5/lib/gcc/msp430/4.4.5/msp2/libgcc.a(__jump_to_main.o)

.debug_pubnames
                0x00000000     0x245f
 *(.debug_pubnames .zdebug_pubnames)
 .debug_pubnames
                0x00000000       0xae udp-sink.co
 .debug_pubnames
                0x000000ae       0x68 obj_sky/collect-common.o
 .debug_pubnames
                0x00000116       0x27 obj_sky/contiki-sky-main.o
 .debug_pubnames
                0x0000013d       0x79 contiki-sky.a(rimeaddr.o)
 .debug_pubnames
                0x000001b6       0x22 contiki-sky.a(csma.o)
 .debug_pubnames
                0x000001d8       0x79 contiki-sky.a(contikimac.o)
 .debug_pubnames
                0x00000251       0x64 contiki-sky.a(phase.o)
 .debug_pubnames
                0x000002b5      0x159 contiki-sky.a(rpl-dag.o)
 .debug_pubnames
                0x0000040e       0x8d contiki-sky.a(rpl-icmp6.o)
 .debug_pubnames
                0x0000049b       0xc7 contiki-sky.a(rpl-timers.o)
 .debug_pubnames
                0x00000562       0x33 contiki-sky.a(rpl-of-fuzzy.o)
 .debug_pubnames
                0x00000595       0x91 contiki-sky.a(fuzzify.o)
 .debug_pubnames
                0x00000626       0x1a contiki-sky.a(qos.o)
 .debug_pubnames
                0x00000640       0x1e contiki-sky.a(quality.o)
 .debug_pubnames
                0x0000065e      0x10d contiki-sky.a(process.o)
 .debug_pubnames
                0x0000076b       0x39 contiki-sky.a(autostart.o)
 .debug_pubnames
                0x000007a4       0x78 contiki-sky.a(serial-line.o)
 .debug_pubnames
                0x0000081c       0x4d contiki-sky.a(memb.o)
 .debug_pubnames
                0x00000869       0x68 contiki-sky.a(timer.o)
 .debug_pubnames
                0x000008d1       0xc3 contiki-sky.a(list.o)
 .debug_pubnames
                0x00000994      0x109 contiki-sky.a(etimer.o)
 .debug_pubnames
                0x00000a9d       0x8b contiki-sky.a(ctimer.o)
 .debug_pubnames
                0x00000b28       0xec contiki-sky.a(energest.o)
 .debug_pubnames
                0x00000c14       0x45 contiki-sky.a(rtimer.o)
 .debug_pubnames
                0x00000c59       0x80 contiki-sky.a(stimer.o)
 .debug_pubnames
                0x00000cd9       0x32 contiki-sky.a(random.o)
 .debug_pubnames
                0x00000d0b       0x69 contiki-sky.a(ringbuf.o)
 .debug_pubnames
                0x00000d74       0x48 contiki-sky.a(uip-debug.o)
 .debug_pubnames
                0x00000dbc      0x22c contiki-sky.a(packetbuf.o)
 .debug_pubnames
                0x00000fe8       0xff contiki-sky.a(queuebuf.o)
 .debug_pubnames
                0x000010e7      0x203 contiki-sky.a(uip6.o)
 .debug_pubnames
                0x000012ea      0x12c contiki-sky.a(tcpip.o)
 .debug_pubnames
                0x00001416       0x61 contiki-sky.a(uip-icmp6.o)
 .debug_pubnames
                0x00001477       0x52 contiki-sky.a(uip-nd6.o)
 .debug_pubnames
                0x000014c9       0x9a contiki-sky.a(sicslowpan.o)
 .debug_pubnames
                0x00001563       0x8b contiki-sky.a(neighbor-info.o)
 .debug_pubnames
                0x000015ee      0x3d7 contiki-sky.a(uip-ds6.o)
 .debug_pubnames
                0x000019c5       0x42 contiki-sky.a(contiki-sky-pla)
 .debug_pubnames
                0x00001a07       0x2f contiki-sky.a(button-sensor.o)
 .debug_pubnames
                0x00001a36       0x30 contiki-sky.a(ds2411.o)
 .debug_pubnames
                0x00001a66       0x4e contiki-sky.a(xmem.o)
 .debug_pubnames
                0x00001ab4       0x43 contiki-sky.a(node-id.o)
 .debug_pubnames
                0x00001af7       0x80 contiki-sky.a(sensors.o)
 .debug_pubnames
                0x00001b77      0x236 contiki-sky.a(cc2420.o)
 .debug_pubnames
                0x00001dad       0x43 contiki-sky.a(cc2420-arch.o)
 .debug_pubnames
                0x00001df0       0x6e contiki-sky.a(uart1.o)
 .debug_pubnames
                0x00001e5e       0x1e contiki-sky.a(uart1-putchar.o)
 .debug_pubnames
                0x00001e7c       0xd1 contiki-sky.a(msp430.o)
 .debug_pubnames
                0x00001f4d       0xc5 contiki-sky.a(clock.o)
 .debug_pubnames
                0x00002012       0x75 contiki-sky.a(leds.o)
 .debug_pubnames
                0x00002087       0x49 contiki-sky.a(leds-arch.o)
 .debug_pubnames
                0x000020d0       0x8a contiki-sky.a(watchdog.o)
 .debug_pubnames
                0x0000215a       0x60 contiki-sky.a(rtimer-arch.o)
 .debug_pubnames
                0x000021ba       0x20 contiki-sky.a(rimestats.o)
 .debug_pubnames
                0x000021da       0x2d contiki-sky.a(mac.o)
 .debug_pubnames
                0x00002207       0x24 contiki-sky.a(framer-802154.o)
 .debug_pubnames
                0x0000222b       0x7b contiki-sky.a(rpl.o)
 .debug_pubnames
                0x000022a6      0x137 contiki-sky.a(neighbor-attr.o)
 .debug_pubnames
                0x000023dd       0x2c contiki-sky.a(spi.o)
 .debug_pubnames
                0x00002409       0x56 contiki-sky.a(frame802154.o)

.debug_info     0x00000000    0x17801
 *(.debug_info .gnu.linkonce.wi.* .zdebug_info)
 .debug_info    0x00000000      0xfb2 udp-sink.co
 .debug_info    0x00000fb2      0x559 obj_sky/collect-common.o
 .debug_info    0x0000150b      0x84f obj_sky/contiki-sky-main.o
 .debug_info    0x00001d5a      0x1b7 contiki-sky.a(rimeaddr.o)
 .debug_info    0x00001f11      0x9c4 contiki-sky.a(csma.o)
 .debug_info    0x000028d5      0xf2c contiki-sky.a(contikimac.o)
 .debug_info    0x00003801      0x7d0 contiki-sky.a(phase.o)
 .debug_info    0x00003fd1     0x13f6 contiki-sky.a(rpl-dag.o)
 .debug_info    0x000053c7     0x191c contiki-sky.a(rpl-icmp6.o)
 .debug_info    0x00006ce3      0xaef contiki-sky.a(rpl-timers.o)
 .debug_info    0x000077d2     0x128b contiki-sky.a(rpl-of-fuzzy.o)
 .debug_info    0x00008a5d      0x44a contiki-sky.a(fuzzify.o)
 .debug_info    0x00008ea7      0x175 contiki-sky.a(qos.o)
 .debug_info    0x0000901c      0x18b contiki-sky.a(quality.o)
 .debug_info    0x000091a7      0x526 contiki-sky.a(process.o)
 .debug_info    0x000096cd      0x1a9 contiki-sky.a(autostart.o)
 .debug_info    0x00009876      0x332 contiki-sky.a(serial-line.o)
 .debug_info    0x00009ba8      0x198 contiki-sky.a(memb.o)
 .debug_info    0x00009d40      0x170 contiki-sky.a(timer.o)
 .debug_info    0x00009eb0      0x3d8 contiki-sky.a(list.o)
 .debug_info    0x0000a288      0x476 contiki-sky.a(etimer.o)
 .debug_info    0x0000a6fe      0x47f contiki-sky.a(ctimer.o)
 .debug_info    0x0000ab7d      0x24b contiki-sky.a(energest.o)
 .debug_info    0x0000adc8      0x1ff contiki-sky.a(rtimer.o)
 .debug_info    0x0000afc7      0x181 contiki-sky.a(stimer.o)
 .debug_info    0x0000b148       0xa0 contiki-sky.a(random.o)
 .debug_info    0x0000b1e8      0x1b0 contiki-sky.a(ringbuf.o)
 .debug_info    0x0000b398      0x1c8 contiki-sky.a(uip-debug.o)
 .debug_info    0x0000b560      0x5d8 contiki-sky.a(packetbuf.o)
 .debug_info    0x0000bb38      0x596 contiki-sky.a(queuebuf.o)
 .debug_info    0x0000c0ce     0x102e contiki-sky.a(uip6.o)
 .debug_info    0x0000d0fc     0x10ed contiki-sky.a(tcpip.o)
 .debug_info    0x0000e1e9      0x5b0 contiki-sky.a(uip-icmp6.o)
 .debug_info    0x0000e799      0x821 contiki-sky.a(uip-nd6.o)
 .debug_info    0x0000efba      0xdce contiki-sky.a(sicslowpan.o)
 .debug_info    0x0000fd88      0x4e3 contiki-sky.a(neighbor-info.o)
 .debug_info    0x0001026b     0x1136 contiki-sky.a(uip-ds6.o)
 .debug_info    0x000113a1      0x299 contiki-sky.a(contiki-sky-pla)
 .debug_info    0x0001163a      0x3dd contiki-sky.a(button-sensor.o)
 .debug_info    0x00011a17      0x2c9 contiki-sky.a(ds2411.o)
 .debug_info    0x00011ce0      0x4bf contiki-sky.a(xmem.o)
 .debug_info    0x0001219f       0xe5 contiki-sky.a(node-id.o)
 .debug_info    0x00012284      0x40a contiki-sky.a(sensors.o)
 .debug_info    0x0001268e     0x1464 contiki-sky.a(cc2420.o)
 .debug_info    0x00013af2      0x249 contiki-sky.a(cc2420-arch.o)
 .debug_info    0x00013d3b      0x334 contiki-sky.a(uart1.o)
 .debug_info    0x0001406f       0x8f contiki-sky.a(uart1-putchar.o)
 .debug_info    0x000140fe      0x403 contiki-sky.a(msp430.o)
 .debug_info    0x00014501      0x3f4 contiki-sky.a(clock.o)
 .debug_info    0x000148f5      0x27b contiki-sky.a(leds.o)
 .debug_info    0x00014b70       0xde contiki-sky.a(leds-arch.o)
 .debug_info    0x00014c4e      0x19f contiki-sky.a(watchdog.o)
 .debug_info    0x00014ded      0x261 contiki-sky.a(rtimer-arch.o)
 .debug_info    0x0001504e      0x140 contiki-sky.a(rimestats.o)
 .debug_info    0x0001518e      0x110 contiki-sky.a(mac.o)
 .debug_info    0x0001529e      0x646 contiki-sky.a(framer-802154.o)
 .debug_info    0x000158e4      0xb78 contiki-sky.a(rpl.o)
 .debug_info    0x0001645c      0x79a contiki-sky.a(neighbor-attr.o)
 .debug_info    0x00016bf6      0x136 contiki-sky.a(spi.o)
 .debug_info    0x00016d2c      0x47d contiki-sky.a(frame802154.o)
 .debug_info    0x000171a9       0xcb /opt/msp430-gcc-4.4.5/lib/gcc/msp430/4.4.5/msp2/libgcc.a(_mulsi3hw.o)
 .debug_info    0x00017274       0xcb /opt/msp430-gcc-4.4.5/lib/gcc/msp430/4.4.5/msp2/libgcc.a(_udivmodhi4.o)
 .debug_info    0x0001733f       0xcb /opt/msp430-gcc-4.4.5/lib/gcc/msp430/4.4.5/msp2/libgcc.a(_udivmodsi4.o)
 .debug_info    0x0001740a       0xcb /opt/msp430-gcc-4.4.5/lib/gcc/msp430/4.4.5/msp2/libgcc.a(_divmodsi4.o)
 .debug_info    0x000174d5       0xcb /opt/msp430-gcc-4.4.5/lib/gcc/msp430/4.4.5/msp2/libgcc.a(__init_stack.o)
 .debug_info    0x000175a0       0xcb /opt/msp430-gcc-4.4.5/lib/gcc/msp430/4.4.5/msp2/libgcc.a(_copy_data.o)
 .debug_info    0x0001766b       0xcb /opt/msp430-gcc-4.4.5/lib/gcc/msp430/4.4.5/msp2/libgcc.a(_clear_bss.o)
 .debug_info    0x00017736       0xcb /opt/msp430-gcc-4.4.5/lib/gcc/msp430/4.4.5/msp2/libgcc.a(__jump_to_main.o)

.debug_abbrev   0x00000000     0x71e6
 *(.debug_abbrev .zdebug_abbrev)
 .debug_abbrev  0x00000000      0x288 udp-sink.co
 .debug_abbrev  0x00000288      0x284 obj_sky/collect-common.o
 .debug_abbrev  0x0000050c      0x2a6 obj_sky/contiki-sky-main.o
 .debug_abbrev  0x000007b2      0x164 contiki-sky.a(rimeaddr.o)
 .debug_abbrev  0x00000916      0x350 contiki-sky.a(csma.o)
 .debug_abbrev  0x00000c66      0x3e4 contiki-sky.a(contikimac.o)
 .debug_abbrev  0x0000104a      0x237 contiki-sky.a(phase.o)
 .debug_abbrev  0x00001281      0x3c1 contiki-sky.a(rpl-dag.o)
 .debug_abbrev  0x00001642      0x37d contiki-sky.a(rpl-icmp6.o)
 .debug_abbrev  0x000019bf      0x291 contiki-sky.a(rpl-timers.o)
 .debug_abbrev  0x00001c50      0x3ac contiki-sky.a(rpl-of-fuzzy.o)
 .debug_abbrev  0x00001ffc       0xfd contiki-sky.a(fuzzify.o)
 .debug_abbrev  0x000020f9       0x85 contiki-sky.a(qos.o)
 .debug_abbrev  0x0000217e       0x94 contiki-sky.a(quality.o)
 .debug_abbrev  0x00002212      0x2f9 contiki-sky.a(process.o)
 .debug_abbrev  0x0000250b       0xf5 contiki-sky.a(autostart.o)
 .debug_abbrev  0x00002600      0x1c6 contiki-sky.a(serial-line.o)
 .debug_abbrev  0x000027c6       0xd3 contiki-sky.a(memb.o)
 .debug_abbrev  0x00002899       0xf6 contiki-sky.a(timer.o)
 .debug_abbrev  0x0000298f      0x1f7 contiki-sky.a(list.o)
 .debug_abbrev  0x00002b86      0x234 contiki-sky.a(etimer.o)
 .debug_abbrev  0x00002dba      0x1f8 contiki-sky.a(ctimer.o)
 .debug_abbrev  0x00002fb2      0x15a contiki-sky.a(energest.o)
 .debug_abbrev  0x0000310c      0x137 contiki-sky.a(rtimer.o)
 .debug_abbrev  0x00003243       0xdc contiki-sky.a(stimer.o)
 .debug_abbrev  0x0000331f       0x67 contiki-sky.a(random.o)
 .debug_abbrev  0x00003386       0xfc contiki-sky.a(ringbuf.o)
 .debug_abbrev  0x00003482       0xd3 contiki-sky.a(uip-debug.o)
 .debug_abbrev  0x00003555      0x279 contiki-sky.a(packetbuf.o)
 .debug_abbrev  0x000037ce      0x1ed contiki-sky.a(queuebuf.o)
 .debug_abbrev  0x000039bb      0x37f contiki-sky.a(uip6.o)
 .debug_abbrev  0x00003d3a      0x3e2 contiki-sky.a(tcpip.o)
 .debug_abbrev  0x0000411c      0x16d contiki-sky.a(uip-icmp6.o)
 .debug_abbrev  0x00004289      0x1e9 contiki-sky.a(uip-nd6.o)
 .debug_abbrev  0x00004472      0x337 contiki-sky.a(sicslowpan.o)
 .debug_abbrev  0x000047a9      0x289 contiki-sky.a(neighbor-info.o)
 .debug_abbrev  0x00004a32      0x390 contiki-sky.a(uip-ds6.o)
 .debug_abbrev  0x00004dc2      0x13e contiki-sky.a(contiki-sky-pla)
 .debug_abbrev  0x00004f00      0x1cf contiki-sky.a(button-sensor.o)
 .debug_abbrev  0x000050cf      0x1a0 contiki-sky.a(ds2411.o)
 .debug_abbrev  0x0000526f      0x238 contiki-sky.a(xmem.o)
 .debug_abbrev  0x000054a7       0x8d contiki-sky.a(node-id.o)
 .debug_abbrev  0x00005534      0x227 contiki-sky.a(sensors.o)
 .debug_abbrev  0x0000575b      0x496 contiki-sky.a(cc2420.o)
 .debug_abbrev  0x00005bf1      0x148 contiki-sky.a(cc2420-arch.o)
 .debug_abbrev  0x00005d39      0x196 contiki-sky.a(uart1.o)
 .debug_abbrev  0x00005ecf       0x52 contiki-sky.a(uart1-putchar.o)
 .debug_abbrev  0x00005f21      0x1f8 contiki-sky.a(msp430.o)
 .debug_abbrev  0x00006119      0x224 contiki-sky.a(clock.o)
 .debug_abbrev  0x0000633d      0x140 contiki-sky.a(leds.o)
 .debug_abbrev  0x0000647d       0x99 contiki-sky.a(leds-arch.o)
 .debug_abbrev  0x00006516       0xdb contiki-sky.a(watchdog.o)
 .debug_abbrev  0x000065f1      0x186 contiki-sky.a(rtimer-arch.o)
 .debug_abbrev  0x00006777       0x5d contiki-sky.a(rimestats.o)
 .debug_abbrev  0x000067d4       0xa2 contiki-sky.a(mac.o)
 .debug_abbrev  0x00006876      0x229 contiki-sky.a(framer-802154.o)
 .debug_abbrev  0x00006a9f      0x1f8 contiki-sky.a(rpl.o)
 .debug_abbrev  0x00006c97      0x273 contiki-sky.a(neighbor-attr.o)
 .debug_abbrev  0x00006f0a       0x99 contiki-sky.a(spi.o)
 .debug_abbrev  0x00006fa3      0x1a3 contiki-sky.a(frame802154.o)
 .debug_abbrev  0x00007146       0x14 /opt/msp430-gcc-4.4.5/lib/gcc/msp430/4.4.5/msp2/libgcc.a(_mulsi3hw.o)
 .debug_abbrev  0x0000715a       0x14 /opt/msp430-gcc-4.4.5/lib/gcc/msp430/4.4.5/msp2/libgcc.a(_udivmodhi4.o)
 .debug_abbrev  0x0000716e       0x14 /opt/msp430-gcc-4.4.5/lib/gcc/msp430/4.4.5/msp2/libgcc.a(_udivmodsi4.o)
 .debug_abbrev  0x00007182       0x14 /opt/msp430-gcc-4.4.5/lib/gcc/msp430/4.4.5/msp2/libgcc.a(_divmodsi4.o)
 .debug_abbrev  0x00007196       0x14 /opt/msp430-gcc-4.4.5/lib/gcc/msp430/4.4.5/msp2/libgcc.a(__init_stack.o)
 .debug_abbrev  0x000071aa       0x14 /opt/msp430-gcc-4.4.5/lib/gcc/msp430/4.4.5/msp2/libgcc.a(_copy_data.o)
 .debug_abbrev  0x000071be       0x14 /opt/msp430-gcc-4.4.5/lib/gcc/msp430/4.4.5/msp2/libgcc.a(_clear_bss.o)
 .debug_abbrev  0x000071d2       0x14 /opt/msp430-gcc-4.4.5/lib/gcc/msp430/4.4.5/msp2/libgcc.a(__jump_to_main.o)

.debug_line     0x00000000     0x7546
 *(.debug_line .zdebug_line)
 .debug_line    0x00000000      0x30e udp-sink.co
 .debug_line    0x0000030e      0x21e obj_sky/collect-common.o
 .debug_line    0x0000052c      0x2ce obj_sky/contiki-sky-main.o
 .debug_line    0x000007fa      0x11a contiki-sky.a(rimeaddr.o)
 .debug_line    0x00000914      0x2c6 contiki-sky.a(csma.o)
 .debug_line    0x00000bda      0x41c contiki-sky.a(contikimac.o)
 .debug_line    0x00000ff6      0x273 contiki-sky.a(phase.o)
 .debug_line    0x00001269      0x47c contiki-sky.a(rpl-dag.o)
 .debug_line    0x000016e5      0x457 contiki-sky.a(rpl-icmp6.o)
 .debug_line    0x00001b3c      0x2f7 contiki-sky.a(rpl-timers.o)
 .debug_line    0x00001e33      0x35d contiki-sky.a(rpl-of-fuzzy.o)
 .debug_line    0x00002190      0x11f contiki-sky.a(fuzzify.o)
 .debug_line    0x000022af       0xb1 contiki-sky.a(qos.o)
 .debug_line    0x00002360       0xeb contiki-sky.a(quality.o)
 .debug_line    0x0000244b      0x196 contiki-sky.a(process.o)
 .debug_line    0x000025e1       0x99 contiki-sky.a(autostart.o)
 .debug_line    0x0000267a      0x146 contiki-sky.a(serial-line.o)
 .debug_line    0x000027c0       0xad contiki-sky.a(memb.o)
 .debug_line    0x0000286d       0xd7 contiki-sky.a(timer.o)
 .debug_line    0x00002944      0x167 contiki-sky.a(list.o)
 .debug_line    0x00002aab      0x1d4 contiki-sky.a(etimer.o)
 .debug_line    0x00002c7f      0x18e contiki-sky.a(ctimer.o)
 .debug_line    0x00002e0d       0xc7 contiki-sky.a(energest.o)
 .debug_line    0x00002ed4       0xa1 contiki-sky.a(rtimer.o)
 .debug_line    0x00002f75       0xbe contiki-sky.a(stimer.o)
 .debug_line    0x00003033       0x59 contiki-sky.a(random.o)
 .debug_line    0x0000308c      0x10b contiki-sky.a(ringbuf.o)
 .debug_line    0x00003197      0x102 contiki-sky.a(uip-debug.o)
 .debug_line    0x00003299      0x27d contiki-sky.a(packetbuf.o)
 .debug_line    0x00003516      0x1e3 contiki-sky.a(queuebuf.o)
 .debug_line    0x000036f9      0x596 contiki-sky.a(uip6.o)
 .debug_line    0x00003c8f      0x376 contiki-sky.a(tcpip.o)
 .debug_line    0x00004005      0x1cc contiki-sky.a(uip-icmp6.o)
 .debug_line    0x000041d1      0x24f contiki-sky.a(uip-nd6.o)
 .debug_line    0x00004420      0x419 contiki-sky.a(sicslowpan.o)
 .debug_line    0x00004839      0x1a2 contiki-sky.a(neighbor-info.o)
 .debug_line    0x000049db      0x509 contiki-sky.a(uip-ds6.o)
 .debug_line    0x00004ee4       0xec contiki-sky.a(contiki-sky-pla)
 .debug_line    0x00004fd0      0x17e contiki-sky.a(button-sensor.o)
 .debug_line    0x0000514e      0x11a contiki-sky.a(ds2411.o)
 .debug_line    0x00005268      0x18b contiki-sky.a(xmem.o)
 .debug_line    0x000053f3       0x6b contiki-sky.a(node-id.o)
 .debug_line    0x0000545e      0x11d contiki-sky.a(sensors.o)
 .debug_line    0x0000557b      0x580 contiki-sky.a(cc2420.o)
 .debug_line    0x00005afb      0x147 contiki-sky.a(cc2420-arch.o)
 .debug_line    0x00005c42      0x19e contiki-sky.a(uart1.o)
 .debug_line    0x00005de0       0xa6 contiki-sky.a(uart1-putchar.o)
 .debug_line    0x00005e86      0x1e1 contiki-sky.a(msp430.o)
 .debug_line    0x00006067      0x1e5 contiki-sky.a(clock.o)
 .debug_line    0x0000624c      0x101 contiki-sky.a(leds.o)
 .debug_line    0x0000634d       0xcf contiki-sky.a(leds-arch.o)
 .debug_line    0x0000641c      0x127 contiki-sky.a(watchdog.o)
 .debug_line    0x00006543      0x122 contiki-sky.a(rtimer-arch.o)
 .debug_line    0x00006665       0x6b contiki-sky.a(rimestats.o)
 .debug_line    0x000066d0       0x6f contiki-sky.a(mac.o)
 .debug_line    0x0000673f      0x196 contiki-sky.a(framer-802154.o)
 .debug_line    0x000068d5      0x284 contiki-sky.a(rpl.o)
 .debug_line    0x00006b59      0x2b6 contiki-sky.a(neighbor-attr.o)
 .debug_line    0x00006e0f       0xa9 contiki-sky.a(spi.o)
 .debug_line    0x00006eb8      0x1ab contiki-sky.a(frame802154.o)
 .debug_line    0x00007063       0x9b /opt/msp430-gcc-4.4.5/lib/gcc/msp430/4.4.5/msp2/libgcc.a(_mulsi3hw.o)
 .debug_line    0x000070fe       0x9e /opt/msp430-gcc-4.4.5/lib/gcc/msp430/4.4.5/msp2/libgcc.a(_udivmodhi4.o)
 .debug_line    0x0000719c       0xa5 /opt/msp430-gcc-4.4.5/lib/gcc/msp430/4.4.5/msp2/libgcc.a(_udivmodsi4.o)
 .debug_line    0x00007241       0xb3 /opt/msp430-gcc-4.4.5/lib/gcc/msp430/4.4.5/msp2/libgcc.a(_divmodsi4.o)
 .debug_line    0x000072f4       0x92 /opt/msp430-gcc-4.4.5/lib/gcc/msp430/4.4.5/msp2/libgcc.a(__init_stack.o)
 .debug_line    0x00007386       0x97 /opt/msp430-gcc-4.4.5/lib/gcc/msp430/4.4.5/msp2/libgcc.a(_copy_data.o)
 .debug_line    0x0000741d       0x97 /opt/msp430-gcc-4.4.5/lib/gcc/msp430/4.4.5/msp2/libgcc.a(_clear_bss.o)
 .debug_line    0x000074b4       0x92 /opt/msp430-gcc-4.4.5/lib/gcc/msp430/4.4.5/msp2/libgcc.a(__jump_to_main.o)

.debug_frame    0x00000000     0x2e88
 *(.debug_frame .zdebug_frame)
 .debug_frame   0x00000000       0xa4 udp-sink.co
 .debug_frame   0x000000a4      0x10c obj_sky/collect-common.o
 .debug_frame   0x000001b0       0xca obj_sky/contiki-sky-main.o
 .debug_frame   0x0000027a       0x44 contiki-sky.a(rimeaddr.o)
 .debug_frame   0x000002be      0x100 contiki-sky.a(csma.o)
 .debug_frame   0x000003be      0x164 contiki-sky.a(contikimac.o)
 .debug_frame   0x00000522       0xd0 contiki-sky.a(phase.o)
 .debug_frame   0x000005f2      0x23a contiki-sky.a(rpl-dag.o)
 .debug_frame   0x0000082c      0x108 contiki-sky.a(rpl-icmp6.o)
 .debug_frame   0x00000934      0x216 contiki-sky.a(rpl-timers.o)
 .debug_frame   0x00000b4a       0xfa contiki-sky.a(rpl-of-fuzzy.o)
 .debug_frame   0x00000c44      0x2a0 contiki-sky.a(fuzzify.o)
 .debug_frame   0x00000ee4       0x80 contiki-sky.a(qos.o)
 .debug_frame   0x00000f64       0x98 contiki-sky.a(quality.o)
 .debug_frame   0x00000ffc       0xe0 contiki-sky.a(process.o)
 .debug_frame   0x000010dc       0x38 contiki-sky.a(autostart.o)
 .debug_frame   0x00001114       0x44 contiki-sky.a(serial-line.o)
 .debug_frame   0x00001158       0x62 contiki-sky.a(memb.o)
 .debug_frame   0x000011ba       0x74 contiki-sky.a(timer.o)
 .debug_frame   0x0000122e       0xa4 contiki-sky.a(list.o)
 .debug_frame   0x000012d2      0x10a contiki-sky.a(etimer.o)
 .debug_frame   0x000013dc       0xaa contiki-sky.a(ctimer.o)
 .debug_frame   0x00001486       0x6e contiki-sky.a(energest.o)
 .debug_frame   0x000014f4       0x38 contiki-sky.a(rtimer.o)
 .debug_frame   0x0000152c       0x86 contiki-sky.a(stimer.o)
 .debug_frame   0x000015b2       0x2c contiki-sky.a(random.o)
 .debug_frame   0x000015de       0x68 contiki-sky.a(ringbuf.o)
 .debug_frame   0x00001646       0x7a contiki-sky.a(uip-debug.o)
 .debug_frame   0x000016c0      0x152 contiki-sky.a(packetbuf.o)
 .debug_frame   0x00001812       0xbc contiki-sky.a(queuebuf.o)
 .debug_frame   0x000018ce      0x194 contiki-sky.a(uip6.o)
 .debug_frame   0x00001a62      0x14e contiki-sky.a(tcpip.o)
 .debug_frame   0x00001bb0       0x74 contiki-sky.a(uip-icmp6.o)
 .debug_frame   0x00001c24       0x92 contiki-sky.a(uip-nd6.o)
 .debug_frame   0x00001cb6      0x102 contiki-sky.a(sicslowpan.o)
 .debug_frame   0x00001db8       0x6a contiki-sky.a(neighbor-info.o)
 .debug_frame   0x00001e22      0x48e contiki-sky.a(uip-ds6.o)
 .debug_frame   0x000022b0       0x20 contiki-sky.a(contiki-sky-pla)
 .debug_frame   0x000022d0       0x68 contiki-sky.a(button-sensor.o)
 .debug_frame   0x00002338       0x50 contiki-sky.a(ds2411.o)
 .debug_frame   0x00002388       0xd0 contiki-sky.a(xmem.o)
 .debug_frame   0x00002458       0x38 contiki-sky.a(node-id.o)
 .debug_frame   0x00002490       0x86 contiki-sky.a(sensors.o)
 .debug_frame   0x00002516      0x250 contiki-sky.a(cc2420.o)
 .debug_frame   0x00002766       0x50 contiki-sky.a(cc2420-arch.o)
 .debug_frame   0x000027b6       0x7a contiki-sky.a(uart1.o)
 .debug_frame   0x00002830       0x26 contiki-sky.a(uart1-putchar.o)
 .debug_frame   0x00002856       0x98 contiki-sky.a(msp430.o)
 .debug_frame   0x000028ee       0xd4 contiki-sky.a(clock.o)
 .debug_frame   0x000029c2       0x92 contiki-sky.a(leds.o)
 .debug_frame   0x00002a54       0x3e contiki-sky.a(leds-arch.o)
 .debug_frame   0x00002a92       0x5c contiki-sky.a(watchdog.o)
 .debug_frame   0x00002aee       0x68 contiki-sky.a(rtimer-arch.o)
 .debug_frame   0x00002b56       0x26 contiki-sky.a(mac.o)
 .debug_frame   0x00002b7c       0x4e contiki-sky.a(framer-802154.o)
 .debug_frame   0x00002bca       0xbe contiki-sky.a(rpl.o)
 .debug_frame   0x00002c88      0x144 contiki-sky.a(neighbor-attr.o)
 .debug_frame   0x00002dcc       0x20 contiki-sky.a(spi.o)
 .debug_frame   0x00002dec       0x9c contiki-sky.a(frame802154.o)

.debug_str      0x00000000     0x4eea
 *(.debug_str .zdebug_str)
 .debug_str     0x00000000      0x870 udp-sink.co
                                0x9d3 (size before relaxing)
 .debug_str     0x00000870       0xcb obj_sky/collect-common.o
                                0x410 (size before relaxing)
 .debug_str     0x0000093b      0x132 obj_sky/contiki-sky-main.o
                                0x570 (size before relaxing)
 .debug_str     0x00000a6d       0x6e contiki-sky.a(rimeaddr.o)
                                0x165 (size before relaxing)
 .debug_str     0x00000adb      0x49b contiki-sky.a(csma.o)
                                0x75d (size before relaxing)
 .debug_str     0x00000f76      0x453 contiki-sky.a(contikimac.o)
                                0xbbf (size before relaxing)
 .debug_str     0x000013c9       0xff contiki-sky.a(phase.o)
                                0x41c (size before relaxing)
 .debug_str     0x000014c8      0x35d contiki-sky.a(rpl-dag.o)
                                0x889 (size before relaxing)
 .debug_str     0x00001825      0x20a contiki-sky.a(rpl-icmp6.o)
                                0xde3 (size before relaxing)
 .debug_str     0x00001a2f      0x149 contiki-sky.a(rpl-timers.o)
                                0x708 (size before relaxing)
 .debug_str     0x00001b78      0x1bd contiki-sky.a(rpl-of-fuzzy.o)
                                0xa54 (size before relaxing)
 .debug_str     0x00001d35       0x72 contiki-sky.a(fuzzify.o)
                                 0xd4 (size before relaxing)
 .debug_str     0x00001da7       0x43 contiki-sky.a(qos.o)
                                 0xb2 (size before relaxing)
 .debug_str     0x00001dea       0x6a contiki-sky.a(quality.o)
                                 0xe1 (size before relaxing)
 .debug_str     0x00001e54      0x162 contiki-sky.a(process.o)
                                0x2a3 (size before relaxing)
 .debug_str     0x00001fb6       0x3d contiki-sky.a(autostart.o)
                                0x15b (size before relaxing)
 .debug_str     0x00001ff3       0xa2 contiki-sky.a(serial-line.o)
                                0x341 (size before relaxing)
 .debug_str     0x00002095       0x49 contiki-sky.a(memb.o)
                                0x120 (size before relaxing)
 .debug_str     0x000020de       0x1a contiki-sky.a(timer.o)
                                0x14a (size before relaxing)
 .debug_str     0x000020f8       0xab contiki-sky.a(list.o)
                                0x10e (size before relaxing)
 .debug_str     0x000021a3      0x136 contiki-sky.a(etimer.o)
                                0x2b0 (size before relaxing)
 .debug_str     0x000022d9       0xb0 contiki-sky.a(ctimer.o)
                                0x36b (size before relaxing)
 .debug_str     0x00002389       0x9e contiki-sky.a(energest.o)
                                0x2f3 (size before relaxing)
 .debug_str     0x00002427       0x4e contiki-sky.a(rtimer.o)
                                0x2c4 (size before relaxing)
 .debug_str     0x00002475       0x71 contiki-sky.a(stimer.o)
                                0x14e (size before relaxing)
 .debug_str     0x000024e6       0x38 contiki-sky.a(random.o)
                                 0xff (size before relaxing)
 .debug_str     0x0000251e       0x5f contiki-sky.a(ringbuf.o)
                                0x15d (size before relaxing)
 .debug_str     0x0000257d       0x4c contiki-sky.a(uip-debug.o)
                                0x170 (size before relaxing)
 .debug_str     0x000025c9      0x1e2 contiki-sky.a(packetbuf.o)
                                0x748 (size before relaxing)
 .debug_str     0x000027ab      0x126 contiki-sky.a(queuebuf.o)
                                0x6af (size before relaxing)