Archive member included because of file (symbol)

contiki-sky.a(rimeaddr.o)     udp-sender.co (rimeaddr_copy)
contiki-sky.a(csma.o)         obj_sky/contiki-sky-main.o (csma_driver)
contiki-sky.a(contikimac.o)   obj_sky/collect-common.o (contikimac_driver)
contiki-sky.a(phase.o)        contiki-sky.a(contikimac.o) (phase_init)
contiki-sky.a(rpl-dag.o)      udp-sender.co (rpl_get_dag)
contiki-sky.a(rpl-icmp6.o)    contiki-sky.a(rpl-dag.o) (dao_output)
contiki-sky.a(rpl-timers.o)   contiki-sky.a(rpl-dag.o) (rpl_schedule_dao)
contiki-sky.a(rpl-of-etx.o)   contiki-sky.a(rpl-dag.o) (rpl_of_etx)
contiki-sky.a(process.o)      udp-sender.co (process_current)
contiki-sky.a(autostart.o)    obj_sky/contiki-sky-main.o (autostart_start)
contiki-sky.a(serial-line.o)  obj_sky/collect-common.o (serial_line_event_message)
contiki-sky.a(memb.o)         contiki-sky.a(csma.o) (memb_alloc)
contiki-sky.a(timer.o)        obj_sky/contiki-sky-main.o (timer_reset)
contiki-sky.a(list.o)         contiki-sky.a(phase.o) (list_init)
contiki-sky.a(etimer.o)       contiki-sky.a(rpl-timers.o) (etimer_expired)
contiki-sky.a(ctimer.o)       contiki-sky.a(csma.o) (ctimer_expired)
contiki-sky.a(energest.o)     obj_sky/contiki-sky-main.o (energest_init)
contiki-sky.a(rtimer.o)       contiki-sky.a(contikimac.o) (rtimer_set)
contiki-sky.a(stimer.o)       contiki-sky.a(rpl-icmp6.o) (stimer_set)
contiki-sky.a(random.o)       obj_sky/collect-common.o (random_rand)
contiki-sky.a(ringbuf.o)      contiki-sky.a(serial-line.o) (ringbuf_init)
contiki-sky.a(packetbuf.o)    contiki-sky.a(contikimac.o) (packetbuf_hdr_remove)
contiki-sky.a(queuebuf.o)     contiki-sky.a(csma.o) (queuebuf_to_packetbuf)
contiki-sky.a(uip6.o)         contiki-sky.a(rpl-icmp6.o) (uip_ext_len)
contiki-sky.a(tcpip.o)        contiki-sky.a(uip6.o) (tcpip_uipcall)
contiki-sky.a(uip-udp-packet.)
                              udp-sender.co (uip_udp_packet_sendto)
contiki-sky.a(uip-icmp6.o)    contiki-sky.a(rpl-icmp6.o) (uip_icmp6_send)
contiki-sky.a(uip-nd6.o)      contiki-sky.a(uip6.o) (uip_nd6_na_input)
contiki-sky.a(sicslowpan.o)   obj_sky/contiki-sky-main.o (sicslowpan_driver)
contiki-sky.a(neighbor-info.o)
                              udp-sender.co (neighbor_info_get_metric)
contiki-sky.a(uip-ds6.o)      contiki-sky.a(rpl-dag.o) (uip_ds6_defrt_rm)
contiki-sky.a(collect-view.o)
                              udp-sender.co (collect_view_construct_message)
contiki-sky.a(collect-view-sk)
                              contiki-sky.a(collect-view.o) (collect_view_arch_read_sensors)
contiki-sky.a(contiki-sky-pla)
                              obj_sky/contiki-sky-main.o (init_platform)
contiki-sky.a(sht11-sensor.o)
                              contiki-sky.a(collect-view-sk) (sht11_sensor)
contiki-sky.a(light-sensor.o)
                              contiki-sky.a(collect-view-sk) (light_sensor)
contiki-sky.a(battery-sensor.)
                              contiki-sky.a(collect-view-sk) (battery_sensor)
contiki-sky.a(button-sensor.o)
                              contiki-sky.a(contiki-sky-pla) (button_sensor)
contiki-sky.a(ds2411.o)       obj_sky/contiki-sky-main.o (ds2411_init)
contiki-sky.a(xmem.o)         obj_sky/contiki-sky-main.o (xmem_init)
contiki-sky.a(node-id.o)      obj_sky/contiki-sky-main.o (node_id_restore)
contiki-sky.a(sensors.o)      contiki-sky.a(button-sensor.o) (sensors_changed)
contiki-sky.a(cc2420.o)       obj_sky/contiki-sky-main.o (cc2420_set_pan_addr)
contiki-sky.a(cc2420-arch.o)  contiki-sky.a(cc2420.o) (cc2420_arch_init)
contiki-sky.a(sky-sensors.o)  contiki-sky.a(light-sensor.o) (sky_sensors_status)
contiki-sky.a(uart1.o)        obj_sky/contiki-sky-main.o (uart1_active)
contiki-sky.a(uart1-putchar.o)
                              obj_sky/collect-common.o (putchar)
contiki-sky.a(msp430.o)       obj_sky/collect-common.o (w_memcpy)
contiki-sky.a(clock.o)        contiki-sky.a(contikimac.o) (clock_time)
contiki-sky.a(leds.o)         obj_sky/contiki-sky-main.o (leds_off)
contiki-sky.a(leds-arch.o)    contiki-sky.a(leds.o) (leds_arch_init)
contiki-sky.a(watchdog.o)     contiki-sky.a(msp430.o) (watchdog_init)
contiki-sky.a(rtimer-arch.o)  contiki-sky.a(rtimer.o) (rtimer_arch_init)
contiki-sky.a(rimestats.o)    contiki-sky.a(cc2420.o) (rimestats)
contiki-sky.a(mac.o)          contiki-sky.a(csma.o) (mac_call_sent_callback)
contiki-sky.a(framer-802154.o)
                              contiki-sky.a(contikimac.o) (framer_802154)
contiki-sky.a(rpl.o)          contiki-sky.a(tcpip.o) (rpl_init)
contiki-sky.a(neighbor-attr.o)
                              contiki-sky.a(neighbor-info.o) (neighbor_attr_get_data)
contiki-sky.a(sht11.o)        contiki-sky.a(sht11-sensor.o) (sht11_init)
contiki-sky.a(spi.o)          contiki-sky.a(xmem.o) (spi_init)
contiki-sky.a(frame802154.o)  contiki-sky.a(framer-802154.o) (frame802154_parse)
/opt/msp430-gcc-4.4.5/lib/gcc/msp430/4.4.5/msp2/libgcc.a(_mulsi3hw.o)
                              contiki-sky.a(csma.o) (__umulsi3hw)
[...]
Memory Configuration

Name             Origin             Length             Attributes
text             0x00004000         0x0000bfe0         xr
data             0x00001100         0x00002800         xrw
vectors          0x0000ffe0         0x00000020         rw
bootloader       0x00000c00         0x00000400         xr
infomem          0x00001000         0x00000100         xr
infomemnobits    0x00001000         0x00000100         xr
*default*        0x00000000         0xffffffff

Linker script and memory map

LOAD /opt/msp430-gcc-4.4.5/lib/gcc/msp430/4.4.5/../../../../msp430/lib/crt430x1611.o
LOAD udp-sender.co
LOAD obj_sky/collect-common.o
LOAD obj_sky/contiki-sky-main.o
LOAD contiki-sky.a
LOAD /opt/msp430-gcc-4.4.5/lib/gcc/msp430/4.4.5/msp2/libgcc.a
LOAD /opt/msp430-gcc-4.4.5/lib/gcc/msp430/4.4.5/../../../../msp430/lib/msp2/libc.a
LOAD /opt/msp430-gcc-4.4.5/lib/gcc/msp430/4.4.5/msp2/libgcc.a

.hash
 *(.hash)

.dynsym
 *(.dynsym)

.dynstr
 *(.dynstr)

.gnu.version
 *(.gnu.version)

.gnu.version_d
 *(.gnu.version_d)

.gnu.version_r
 *(.gnu.version_r)

.rel.init
 *(.rel.init)

.rela.init
 *(.rela.init)

.rel.text
 *(.rel.text)
 *(.rel.text.*)
 *(.rel.gnu.linkonce.t*)

.rela.text
 *(.rela.text)
 *(.rela.text.*)
 *(.rela.gnu.linkonce.t*)

.rel.fini
 *(.rel.fini)

.rela.fini
 *(.rela.fini)

.rel.rodata
 *(.rel.rodata)
 *(.rel.rodata.*)
 *(.rel.gnu.linkonce.r*)

.rela.rodata
 *(.rela.rodata)
 *(.rela.rodata.*)
 *(.rela.gnu.linkonce.r*)

.rel.data
 *(.rel.data)
 *(.rel.data.*)
 *(.rel.gnu.linkonce.d*)

.rela.data
 *(.rela.data)
 *(.rela.data.*)
 *(.rela.gnu.linkonce.d*)

.rel.ctors
 *(.rel.ctors)

.rela.ctors
 *(.rela.ctors)

.rel.dtors
 *(.rel.dtors)

.rela.dtors
 *(.rela.dtors)

.rel.got
 *(.rel.got)

.rela.got
 *(.rela.got)

.rel.bss
 *(.rel.bss)

.rela.bss
 *(.rela.bss)

.rel.plt
 *(.rel.plt)

.rela.plt
 *(.rela.plt)

.text           0x00004000     0xbeb2
                0x00004000                . = ALIGN (0x2)
 *(.init)
 *(.init)
 *(.init0)
 .init0         0x00004000        0x0 /opt/msp430-gcc-4.4.5/lib/gcc/msp430/4.4.5/msp2/libgcc.a(_reset_vector__.o)
                0x00004000                _reset_vector__
 *(.init0)
 *(.init1)
 *(.init1)
 *(.init2)
 .init2         0x00004000        0x4 /opt/msp430-gcc-4.4.5/lib/gcc/msp430/4.4.5/msp2/libgcc.a(__init_stack.o)
                0x00004000                __init_stack
 *(.init2)
 *(.init3)
 .init3         0x00004004        0x6 /opt/msp430-gcc-4.4.5/lib/gcc/msp430/4.4.5/../../../../msp430/lib/crt430x1611.o
                0x00004004                __low_level_init
 *(.init3)
 *(.init4)
 .init4         0x0000400a       0x12 /opt/msp430-gcc-4.4.5/lib/gcc/msp430/4.4.5/msp2/libgcc.a(_copy_data.o)
                0x0000400a                __do_copy_data
 .init4         0x0000401c       0x10 /opt/msp430-gcc-4.4.5/lib/gcc/msp430/4.4.5/msp2/libgcc.a(_clear_bss.o)
                0x0000401c                __do_clear_bss
 *(.init4)
 *(.init5)
 *(.init5)
 *(.init6)
 *(.init6)
 *(.init7)
 *(.init7)
 *(.init8)
 *(.init8)
 *(.init9)
 .init9         0x0000402c        0x4 /opt/msp430-gcc-4.4.5/lib/gcc/msp430/4.4.5/msp2/libgcc.a(__jump_to_main.o)
                0x0000402c                __jump_to_main
 *(.init9)
                0x00004030                __ctors_start = .
 *(.ctors)
 *(.ctors)
                0x00004030                __ctors_end = .
                0x00004030                __dtors_start = .
 *(.dtors)
 *(.dtors)
                0x00004030                __dtors_end = .
                0x00004030                . = ALIGN (0x2)
 *(.text)
 .text          0x00004030        0x4 /opt/msp430-gcc-4.4.5/lib/gcc/msp430/4.4.5/../../../../msp430/lib/crt430x1611.o
                0x00004030                vector_ffe0
                0x00004030                vector_fff0
                0x00004030                vector_fffc
                0x00004030                vector_ffe4
                0x00004030                vector_fffa
                0x00004030                vector_ffee
                0x00004030                vector_fff8
                0x00004030                vector_fff2
                0x00004030                vector_fff6
 .text          0x00004034      0x210 udp-sender.co
                0x00004034                collect_common_set_sink
                0x00004116                collect_common_net_init
                0x0000411c                collect_common_net_print
                0x00004124                collect_common_send
                0x0000423e                autostart_processes
 .text          0x00004244      0x380 obj_sky/collect-common.o
                0x00004244                collect_common_set_send_active
                0x000044ec                collect_common_recv
 .text          0x000045c4      0x478 obj_sky/contiki-sky-main.o
                0x000046d0                main
                0x00004a36                uip_log
 .text          0x00004a3c       0x56 contiki-sky.a(rimeaddr.o)
                0x00004a3c                rimeaddr_copy
                0x00004a56                rimeaddr_cmp
                0x00004a78                rimeaddr_set_node_addr
                0x00004a8a                rimeaddr_null
 .text          0x00004a92      0x29e contiki-sky.a(csma.o)
                0x00004d22                csma_driver
 .text          0x00004d30      0xbee contiki-sky.a(contikimac.o)
                0x00004d30                time_ons
                0x00004d3a                receiveds
                0x00004d44                sendeds
                0x00004d54                contikimac_debug_print
                0x0000590a                contikimac_driver
 .text          0x0000591e      0x252 contiki-sky.a(phase.o)
                0x0000591e                phase_init
                0x0000596c                find_neighbor
                0x0000599e                phase_wait
                0x00005a8a                phase_update
                0x00005b46                phase_remove
 .text          0x00005b70      0x8d4 contiki-sky.a(rpl-dag.o)
                0x00005b70                rpl_get_dag
                0x00005bb6                rpl_find_of
                0x00005bc6                rpl_repair_dag
                0x00005be4                rpl_find_parent
                0x00005c18                rpl_remove_parent
                0x00005c68                rpl_add_parent
                0x00005ccc                rpl_set_prefix
                0x00005d2a                rpl_alloc_dag
                0x00005d7c                rpl_set_default_route
                0x00005dfa                rpl_free_dag
                0x00005e30                rpl_set_root
                0x00005efa                rpl_select_parent
                0x00005fea                rpl_local_repair
                0x00006002                rpl_process_parent_event
                0x000060bc                rpl_process_dio
                0x000063f0                rpl_recalculate_ranks
 .text          0x00006444      0xa38 contiki-sky.a(rpl-icmp6.o)
                0x00006444                dao_ack_output
                0x00006476                dao_output
                0x000065a8                dio_output
                0x00006888                uip_rpl_input
                0x00006e2c                dis_output
 .text          0x00006e7c      0x23e contiki-sky.a(rpl-timers.o)
                0x00006e7c                rpl_schedule_dao
                0x00006f82                rpl_reset_dio_timer
                0x00006f9e                rpl_reset_periodic_timer
 .text          0x000070ba      0x130 contiki-sky.a(rpl-of-etx.o)
 .text          0x000071ea      0x2d0 contiki-sky.a(process.o)
                0x000071ea                process_alloc_event
                0x000072d8                process_exit
                0x000072e2                process_init
                0x000072fe                process_run
                0x000073ee                process_nevents
                0x000073fc                process_post
                0x00007452                process_post_synch
                0x00007464                process_start
                0x00007492                process_poll
                0x000074ac                process_is_running
 .text          0x000074ba       0x2a contiki-sky.a(autostart.o)
                0x000074ba                autostart_exit
                0x000074ce                autostart_start
 .text          0x000074e4      0x11a contiki-sky.a(serial-line.o)
                0x0000758e                serial_line_init
                0x000075aa                serial_line_input_byte
 .text          0x000075fe       0xde contiki-sky.a(memb.o)
                0x000075fe                memb_alloc
                0x0000763c                memb_free
                0x00007676                memb_inmemb
                0x000076a6                memb_init
 .text          0x000076dc       0x96 contiki-sky.a(timer.o)
                0x000076dc                timer_reset
                0x000076ea                timer_remaining
                0x00007710                timer_expired
                0x00007742                timer_restart
                0x00007756                timer_set
 .text          0x00007772      0x16c contiki-sky.a(list.o)
                0x00007772                list_init
                0x00007778                list_head
                0x0000777c                list_copy
                0x00007782                list_tail
                0x00007798                list_add
                0x000077ee                list_push
                0x00007824                list_chop
                0x0000784a                list_pop
                0x00007858                list_remove
                0x00007886                list_length
                0x00007896                list_insert
                0x000078d6                list_item_next
 .text          0x000078de      0x26c contiki-sky.a(etimer.o)
                0x000078de                etimer_expired
                0x000078ec                etimer_expiration_time
                0x000078fe                etimer_start_time
                0x00007904                etimer_pending
                0x00007910                etimer_next_expiration_time
                0x000079a4                etimer_stop
                0x000079e0                etimer_adjust
                0x000079f8                etimer_request_poll
                0x00007b08                etimer_restart
                0x00007b1a                etimer_reset
                0x00007b2c                etimer_set
 .text          0x00007b4a      0x1ec contiki-sky.a(ctimer.o)
                0x00007bee                ctimer_expired
                0x00007c20                ctimer_stop
                0x00007c48                ctimer_restart
                0x00007c82                ctimer_set
                0x00007cd4                ctimer_reset
                0x00007d0e                ctimer_init
 .text          0x00007d36       0xc6 contiki-sky.a(energest.o)
                0x00007d36                energest_init
                0x00007d60                energest_leveldevice_leveltime
                0x00007d66                energest_type_set
                0x00007d74                energest_flush
                0x00007db8                energest_type_time
 .text          0x00007dfc       0x50 contiki-sky.a(rtimer.o)
                0x00007dfc                rtimer_run_next
                0x00007e22                rtimer_set
                0x00007e46                rtimer_init
 .text          0x00007e4c       0xb0 contiki-sky.a(stimer.o)
                0x00007e4c                stimer_reset
                0x00007e5a                stimer_elapsed
                0x00007e6a                stimer_remaining
                0x00007e90                stimer_expired
                0x00007ecc                stimer_restart
                0x00007ee0                stimer_set
 .text          0x00007efc        0xc contiki-sky.a(random.o)
                0x00007efc                random_rand
                0x00007f02                random_init
 .text          0x00007f08       0x9c contiki-sky.a(ringbuf.o)
                0x00007f08                ringbuf_init
                0x00007f1c                ringbuf_put
                0x00007f58                ringbuf_get
                0x00007f8a                ringbuf_size
                0x00007f92                ringbuf_elements
 .text          0x00007fa4      0x270 contiki-sky.a(packetbuf.o)
                0x00007fa4                packetbuf_clear_hdr
                0x00007fac                packetbuf_hdralloc
                0x00007fd8                packetbuf_hdr_remove
                0x00007fde                packetbuf_hdrreduce
                0x00007ff8                packetbuf_set_datalen
                0x00007ffe                packetbuf_dataptr
                0x0000800c                packetbuf_hdrptr
                0x00008016                packetbuf_is_reference
                0x0000802a                packetbuf_reference_ptr
                0x00008030                packetbuf_datalen
                0x00008036                packetbuf_hdrlen
                0x00008040                packetbuf_totlen
                0x00008050                packetbuf_attr_copyfrom
                0x00008074                packetbuf_attr_copyto
                0x00008096                packetbuf_copyto
                0x000080f2                packetbuf_copyto_hdr
                0x00008114                packetbuf_compact
                0x00008168                packetbuf_attr_clear
                0x000081aa                packetbuf_clear
                0x000081ca                packetbuf_reference
                0x000081e4                packetbuf_copyfrom
 .text          0x00008214      0x192 contiki-sky.a(queuebuf.o)
                0x00008214                queuebuf_datalen
                0x00008218                queuebuf_addr
                0x0000822c                queuebuf_attr
                0x0000823a                queuebuf_debug_print
                0x0000823c                queuebuf_dataptr
                0x00008270                queuebuf_to_packetbuf
                0x000082de                queuebuf_free
                0x0000831a                queuebuf_update_attr_from_packetbuf
                0x0000832a                queuebuf_new_from_packetbuf
                0x00008394                queuebuf_init
 .text          0x000083a6     0x14f4 contiki-sky.a(uip6.o)
                0x000083a6                uip_add32
                0x00008410                uip_chksum
                0x000084cc                uip_icmp6chksum
                0x000084d6                uip_tcpchksum
                0x000084e0                uip_udpchksum
                0x000084ea                uip_connect
                0x0000860e                uip_unlisten
                0x00008640                uip_listen
                0x000086a2                uip_htons
                0x000086a6                uip_htonl
                0x000086c4                uip_send
                0x00008798                uip_process
                0x0000975c                uip_udp_new
                0x0000982e                uip_init
 .text          0x0000989a      0x53a contiki-sky.a(tcpip.o)
                0x0000989a                tcpip_output
                0x000098aa                tcpip_set_outputfunc
                0x000098b0                tcp_attach
                0x000098bc                udp_attach
                0x000098c8                tcp_unlisten
                0x00009918                tcpip_uipcall
                0x00009994                tcpip_input
                0x000099aa                tcpip_poll_tcp
                0x000099b8                tcpip_poll_udp
                0x000099c6                tcpip_ipv6_output
                0x00009d04                udp_new
                0x00009d1e                udp_broadcast_new
                0x00009d64                tcp_listen
                0x00009da0                tcp_connect
 .text          0x00009dd4       0x94 contiki-sky.a(uip-udp-packet.)
                0x00009dd4                uip_udp_packet_send
                0x00009e02                uip_udp_packet_sendto
 .text          0x00009e68      0x282 contiki-sky.a(uip-icmp6.o)
                0x00009e68                uip_icmp6_send
                0x00009ef8                uip_icmp6_echo_request_input
                0x00009fb4                uip_icmp6_error_output
 .text          0x0000a0ea      0x5cc contiki-sky.a(uip-nd6.o)
                0x0000a0ea                uip_nd6_na_input
                0x0000a2ec                uip_nd6_ns_output
                0x0000a418                uip_nd6_ns_input
 .text          0x0000a6b6      0xe7c contiki-sky.a(sicslowpan.o)
                0x0000adea                sicslowpan_init
                0x0000b50e                unc_llconf
                0x0000b512                unc_ctxconf
                0x0000b516                unc_mxconf
                0x0000b51a                llprefix
                0x0000b528                sicslowpan_driver
 .text          0x0000b532      0x11e contiki-sky.a(neighbor-info.o)
                0x0000b532                neighbor_info_get_metric
                0x0000b54a                neighbor_info_subscribe
                0x0000b56a                neighbor_info_packet_received
                0x0000b584                neighbor_info_packet_sent
 .text          0x0000b650      0xd22 contiki-sky.a(uip-ds6.o)
                0x0000b650                uip_ds6_defrt_rm
                0x0000b65a                uip_ds6_prefix_rm
                0x0000b664                uip_ds6_get_link_local
                0x0000b6ae                uip_ds6_get_global
                0x0000b6f8                uip_ds6_maddr_rm
                0x0000b702                uip_ds6_aaddr_rm
                0x0000b70c                uip_ds6_route_rm
                0x0000b712                uip_ds6_select_src
                0x0000b81c                get_match_length
                0x0000b862                uip_ds6_compute_reachable_time
                0x0000b8a8                uip_ds6_dad
                0x0000b91a                uip_ds6_set_addr_iid
                0x0000b92e                uip_ds6_route_rm_by_nexthop
                0x0000b972                uip_ds6_route_lookup
                0x0000b9dc                uip_ds6_is_addr_onlink
                0x0000ba2c                uip_ds6_list_loop
                0x0000bab0                uip_ds6_route_add
                0x0000bb1e                uip_ds6_aaddr_lookup
                0x0000bb46                uip_ds6_aaddr_add
                0x0000bb8c                uip_ds6_maddr_lookup
                0x0000bbb6                uip_ds6_addr_rm
                0x0000bc0a                uip_ds6_dad_failed
                0x0000bc1e                uip_ds6_maddr_add
                0x0000bc66                uip_ds6_addr_lookup
                0x0000bc90                uip_ds6_prefix_lookup
                0x0000bcb8                uip_ds6_prefix_add
                0x0000bd34                uip_ds6_defrt_lookup
                0x0000bd5c                uip_ds6_nbr_lookup
                0x0000bd86                uip_ds6_defrt_choose
                0x0000bdd0                uip_ds6_addr_add
                0x0000beb4                uip_ds6_defrt_add
                0x0000bf32                uip_ds6_nbr_rm
                0x0000bf40                uip_ds6_nbr_add
                0x0000c060                uip_ds6_periodic
                0x0000c206                uip_ds6_init
 .text          0x0000c372      0x170 contiki-sky.a(collect-view.o)
                0x0000c372                collect_view_construct_message
 .text          0x0000c4e2       0xa4 contiki-sky.a(collect-view-sk)
                0x0000c4e2                collect_view_arch_read_sensors
 .text          0x0000c586        0xc contiki-sky.a(contiki-sky-pla)
                0x0000c586                init_platform
 .text          0x0000c592       0x96 contiki-sky.a(sht11-sensor.o)
                0x0000c620                sht11_sensor
 .text          0x0000c628       0x42 contiki-sky.a(light-sensor.o)
                0x0000c662                light_sensor
 .text          0x0000c66a       0x34 contiki-sky.a(battery-sensor.)
                0x0000c696                battery_sensor
 .text          0x0000c69e      0x110 contiki-sky.a(button-sensor.o)
                0x0000c718                irq_p2
                0x0000c718                vector_ffe2
                0x0000c7a6                button_sensor
 .text          0x0000c7ae      0x188 contiki-sky.a(ds2411.o)
                0x0000c804                ds2411_init
 .text          0x0000c936      0x360 contiki-sky.a(xmem.o)
                0x0000c984                xmem_erase
                0x0000ca42                xmem_pwrite
                0x0000cb7e                xmem_pread
                0x0000cc5a                xmem_init
 .text          0x0000cc96       0x6e contiki-sky.a(node-id.o)
                0x0000cc96                node_id_burn
                0x0000cccc                node_id_restore
 .text          0x0000cd04      0x170 contiki-sky.a(sensors.o)
                0x0000cd04                sensors_first
                0x0000cd0a                sensors_next
                0x0000cdf4                sensors_find
                0x0000ce40                sensors_changed
 .text          0x0000ce74      0xc2c contiki-sky.a(cc2420.o)
                0x0000cf36                cc2420_get_channel
                0x0000d18c                cc2420_set_cca_threshold
                0x0000d1a2                cc2420_cca_valid
                0x0000d1e0                cc2420_get_txpower
                0x0000d1fe                cc2420_set_txpower
                0x0000d20c                cc2420_set_pan_addr
                0x0000d35e                cc2420_set_channel
                0x0000d41e                cc2420_on
                0x0000d672                cc2420_off
                0x0000d752                cc2420_rssi
                0x0000d932                cc2420_interrupt
                0x0000d9a0                cc2420_init
                0x0000da8c                cc2420_driver
 .text          0x0000daa0       0x7c contiki-sky.a(cc2420-arch.o)
                0x0000daa0                cc2420_arch_init
                0x0000daba                cc24240_port1_interrupt
                0x0000daba                vector_ffe8
 .text          0x0000db1c      0x136 contiki-sky.a(sky-sensors.o)
                0x0000db1c                sky_sensors_status
                0x0000db60                sky_sensors_configure
 .text          0x0000dc52      0x194 contiki-sky.a(uart1.o)
                0x0000dc52                uart1_active
                0x0000dc66                uart1_set_input
                0x0000dc6c                uart1_init
                0x0000dd30                uart1_rx_interrupt
                0x0000dd30                vector_ffe6
                0x0000ddcc                uart1_writeb
 .text          0x0000dde6        0xe contiki-sky.a(uart1-putchar.o)
                0x0000dde6                putchar
 .text          0x0000ddf4      0x168 contiki-sky.a(msp430.o)
                0x0000ddf4                w_memcpy
                0x0000de16                w_memset
                0x0000de28                msp430_init_dco
                0x0000de9a                msp430_add_lpm_req
                0x0000dea4                msp430_remove_lpm_req
                0x0000deae                sbrk
                0x0000decc                splhigh_
                0x0000ded4                splx_
                0x0000ded8                msp430_sync_dco
                0x0000df34                msp430_cpu_init
 .text          0x0000df5c      0x1cc contiki-sky.a(clock.o)
                0x0000df5c                clock_time
                0x0000df76                clock_set
                0x0000df8c                clock_fine_max
                0x0000df92                clock_fine
                0x0000df9c                clock_init
                0x0000dfc2                clock_delay
                0x0000dfc8                clock_wait
                0x0000e01e                clock_set_seconds
                0x0000e020                clock_seconds
                0x0000e03a                clock_counter
                0x0000e040                timera1
                0x0000e040                vector_ffea
 .text          0x0000e128      0x176 contiki-sky.a(leds.o)
                0x0000e22c                leds_invert
                0x0000e236                leds_toggle
                0x0000e23c                leds_off
                0x0000e250                leds_on
                0x0000e264                leds_get
                0x0000e26a                leds_blink
                0x0000e290                leds_init
 .text          0x0000e29e       0x8a contiki-sky.a(leds-arch.o)
                0x0000e29e                leds_arch_init
                0x0000e2ac                leds_arch_get
                0x0000e2e8                leds_arch_set
 .text          0x0000e328       0x5a contiki-sky.a(watchdog.o)
                0x0000e328                watchdog_interrupt
                0x0000e328                vector_fff4
                0x0000e32e                watchdog_init
                0x0000e342                watchdog_start
                0x0000e356                watchdog_periodic
                0x0000e366                watchdog_stop
                0x0000e37c                watchdog_reboot
 .text          0x0000e382       0x9c contiki-sky.a(rtimer-arch.o)
                0x0000e382                rtimer_arch_init
                0x0000e38e                rtimer_arch_now
                0x0000e39c                rtimer_arch_schedule
                0x0000e3a2                vector_ffec
                0x0000e3a2                timera0
 .text          0x0000e41e        0x0 contiki-sky.a(rimestats.o)
 .text          0x0000e41e       0x14 contiki-sky.a(mac.o)
                0x0000e41e                mac_call_sent_callback
 .text          0x0000e432      0x1be contiki-sky.a(framer-802154.o)
                0x0000e5ec                framer_802154
 .text          0x0000e5f0      0x200 contiki-sky.a(rpl.o)
                0x0000e5f0                rpl_init
                0x0000e6c0                rpl_ipv6_neighbor_callback
                0x0000e712                rpl_add_route
                0x0000e786                rpl_remove_routes
                0x0000e7ac                rpl_purge_routes
 .text          0x0000e7f0      0x2ce contiki-sky.a(neighbor-attr.o)
                0x0000e7f0                neighbor_attr_get_timeout
                0x0000e7f6                neighbor_attr_set_timeout
                0x0000e830                neighbor_attr_list_neighbors
                0x0000e8e2                neighbor_attr_tick
                0x0000e8f0                neighbor_attr_get_data
                0x0000e91e                neighbor_attr_remove_neighbor
                0x0000e948                neighbor_attr_has_neighbor
                0x0000e9a2                neighbor_attr_add_neighbor
                0x0000ea22                neighbor_attr_set_data
                0x0000ea8a                neighbor_attr_register
 .text          0x0000eabe      0x318 contiki-sky.a(sht11.o)
                0x0000eb78                sht11_init
                0x0000eb8c                sht11_off
                0x0000ecde                sht11_temp
                0x0000ece8                sht11_humidity
                0x0000ecf2                sht11_sreg
 .text          0x0000edd6       0x30 contiki-sky.a(spi.o)
                0x0000edd6                spi_init
 .text          0x0000ee06      0x3d6 contiki-sky.a(frame802154.o)
                0x0000ee06                frame802154_parse
                0x0000f044                frame802154_create
                0x0000f1b4                frame802154_hdrlen
 .text          0x0000f1dc        0x0 /opt/msp430-gcc-4.4.5/lib/gcc/msp430/4.4.5/msp2/libgcc.a(_mulsi3hw.o)
 .text          0x0000f1dc        0x0 /opt/msp430-gcc-4.4.5/lib/gcc/msp430/4.4.5/msp2/libgcc.a(_udivmodhi4.o)
 .text          0x0000f1dc        0x0 /opt/msp430-gcc-4.4.5/lib/gcc/msp430/4.4.5/msp2/libgcc.a(_udivmodsi4.o)
 .text          0x0000f1dc        0x0 /opt/msp430-gcc-4.4.5/lib/gcc/msp430/4.4.5/msp2/libgcc.a(_divmodsi4.o)
 .text          0x0000f1dc        0x0 /opt/msp430-gcc-4.4.5/lib/gcc/msp430/4.4.5/msp2/libgcc.a(_reset_vector__.o)
 .text          0x0000f1dc        0x0 /opt/msp430-gcc-4.4.5/lib/gcc/msp430/4.4.5/msp2/libgcc.a(__init_stack.o)
 .text          0x0000f1dc        0x0 /opt/msp430-gcc-4.4.5/lib/gcc/msp430/4.4.5/msp2/libgcc.a(_copy_data.o)
 .text          0x0000f1dc        0x0 /opt/msp430-gcc-4.4.5/lib/gcc/msp430/4.4.5/msp2/libgcc.a(_clear_bss.o)
 .text          0x0000f1dc        0x0 /opt/msp430-gcc-4.4.5/lib/gcc/msp430/4.4.5/msp2/libgcc.a(__jump_to_main.o)
 .text          0x0000f1dc       0x58 /opt/msp430-gcc-4.4.5/lib/gcc/msp430/4.4.5/../../../../msp430/lib/msp2/libc.a(strncmp.o)
                0x0000f1dc                strncmp
 .text          0x0000f234       0x60 /opt/msp430-gcc-4.4.5/lib/gcc/msp430/4.4.5/../../../../msp430/lib/msp2/libc.a(memcmp.o)
                0x0000f234                memcmp
 .text          0x0000f294      0x10a /opt/msp430-gcc-4.4.5/lib/gcc/msp430/4.4.5/../../../../msp430/lib/msp2/libc.a(memcpy.o)
                0x0000f294                memcpy
 .text          0x0000f39e      0x10a /opt/msp430-gcc-4.4.5/lib/gcc/msp430/4.4.5/../../../../msp430/lib/msp2/libc.a(memmove.o)
                0x0000f39e                memmove
 .text          0x0000f4a8       0x2e /opt/msp430-gcc-4.4.5/lib/gcc/msp430/4.4.5/../../../../msp430/lib/msp2/libc.a(printf.o)
                0x0000f4a8                printf
 .text          0x0000f4d6      0x74c /opt/msp430-gcc-4.4.5/lib/gcc/msp430/4.4.5/../../../../msp430/lib/msp2/libc.a(vuprintf.o)
                0x0000f55a                vuprintf
 .text          0x0000fc22       0x4a /opt/msp430-gcc-4.4.5/lib/gcc/msp430/4.4.5/../../../../msp430/lib/msp2/libc.a(puts.o)
                0x0000fc22                puts
 .text          0x0000fc6c      0x128 /opt/msp430-gcc-4.4.5/lib/gcc/msp430/4.4.5/../../../../msp430/lib/msp2/libc.a(rand.o)
                0x0000fd2c                rand_r
                0x0000fd68                rand
                0x0000fd78                srand
 .text          0x0000fd94        0x2 /opt/msp430-gcc-4.4.5/lib/gcc/msp430/4.4.5/../../../../msp430/lib/msp2/libc.a(_unexpected_.o)
                0x0000fd94                _unexpected_
 .text          0x0000fd96       0x3a /opt/msp430-gcc-4.4.5/lib/gcc/msp430/4.4.5/../../../../msp430/lib/msp2/libc.a(memchr.o)
                0x0000fd96                memchr
 .text          0x0000fdd0       0x2a /opt/msp430-gcc-4.4.5/lib/gcc/msp430/4.4.5/../../../../msp430/lib/msp2/libc.a(strlen.o)
                0x0000fdd0                strlen
                0x0000fdfa                . = ALIGN (0x2)
 *(.text.*)
 .text.libgcc   0x0000fdfa       0x28 /opt/msp430-gcc-4.4.5/lib/gcc/msp430/4.4.5/msp2/libgcc.a(_mulsi3hw.o)
                0x0000fdfa                __umulsi3hw
 .text.libgcc   0x0000fe22       0x1c /opt/msp430-gcc-4.4.5/lib/gcc/msp430/4.4.5/msp2/libgcc.a(_udivmodhi4.o)
                0x0000fe22                __udivmodhi4
 .text.libgcc   0x0000fe3e       0x2a /opt/msp430-gcc-4.4.5/lib/gcc/msp430/4.4.5/msp2/libgcc.a(_udivmodsi4.o)
                0x0000fe3e                __udivmodsi4
 .text.libgcc   0x0000fe68       0x4a /opt/msp430-gcc-4.4.5/lib/gcc/msp430/4.4.5/msp2/libgcc.a(_divmodsi4.o)
                0x0000fe68                __divmodsi4
 .text.libgcc   0x0000feb2        0x0 /opt/msp430-gcc-4.4.5/lib/gcc/msp430/4.4.5/msp2/libgcc.a(_reset_vector__.o)
 .text.libgcc   0x0000feb2        0x0 /opt/msp430-gcc-4.4.5/lib/gcc/msp430/4.4.5/msp2/libgcc.a(__init_stack.o)
 .text.libgcc   0x0000feb2        0x0 /opt/msp430-gcc-4.4.5/lib/gcc/msp430/4.4.5/msp2/libgcc.a(_copy_data.o)
 .text.libgcc   0x0000feb2        0x0 /opt/msp430-gcc-4.4.5/lib/gcc/msp430/4.4.5/msp2/libgcc.a(_clear_bss.o)
 .text.libgcc   0x0000feb2        0x0 /opt/msp430-gcc-4.4.5/lib/gcc/msp430/4.4.5/msp2/libgcc.a(__jump_to_main.o)
                0x0000feb2                . = ALIGN (0x2)
 *(.fini9)
 *(.fini9)
 *(.fini8)
 *(.fini8)
 *(.fini7)
 *(.fini7)
 *(.fini6)
 *(.fini6)
 *(.fini5)
 *(.fini5)
 *(.fini4)
 *(.fini4)
 *(.fini3)
 *(.fini3)
 *(.fini2)
 *(.fini2)
 *(.fini1)
 *(.fini1)
 *(.fini0)
 *(.fini0)
 *(.fini)
 *(.fini)
                0x0000feb2                _etext = .

.data           0x00001100       0xb0 load address 0x0000feb2
                0x00001100                PROVIDE (__data_start, .)
                0x00001100                . = ALIGN (0x2)
 *(.data)
 .data          0x00001100        0x0 /opt/msp430-gcc-4.4.5/lib/gcc/msp430/4.4.5/../../../../msp430/lib/crt430x1611.o
 .data          0x00001100        0xa udp-sender.co
                0x00001100                udp_client_process
 .data          0x0000110a        0xc obj_sky/collect-common.o
                0x0000110a                collect_common_process
 .data          0x00001116        0x0 obj_sky/contiki-sky-main.o
 .data          0x00001116        0x0 contiki-sky.a(rimeaddr.o)
 .data          0x00001116        0x8 contiki-sky.a(csma.o)
 .data          0x0000111e        0xe contiki-sky.a(contikimac.o)
                0x0000111e                phase_list
 .data          0x0000112c        0x8 contiki-sky.a(phase.o)
 .data          0x00001134        0x8 contiki-sky.a(rpl-dag.o)
 .data          0x0000113c        0x0 contiki-sky.a(rpl-icmp6.o)
 .data          0x0000113c        0x0 contiki-sky.a(rpl-timers.o)
 .data          0x0000113c        0xc contiki-sky.a(rpl-of-etx.o)
                0x0000113c                rpl_of_etx
 .data          0x00001148        0x0 contiki-sky.a(process.o)
 .data          0x00001148        0x0 contiki-sky.a(autostart.o)
 .data          0x00001148        0xa contiki-sky.a(serial-line.o)
                0x00001148                serial_line_process
 .data          0x00001152        0x0 contiki-sky.a(memb.o)
 .data          0x00001152        0x0 contiki-sky.a(timer.o)
 .data          0x00001152        0x0 contiki-sky.a(list.o)
 .data          0x00001152        0xa contiki-sky.a(etimer.o)
                0x00001152                etimer_process
 .data          0x0000115c        0xa contiki-sky.a(ctimer.o)
                0x0000115c                ctimer_process
 .data          0x00001166        0x0 contiki-sky.a(energest.o)
 .data          0x00001166        0x0 contiki-sky.a(rtimer.o)
 .data          0x00001166        0x0 contiki-sky.a(stimer.o)
 .data          0x00001166        0x0 contiki-sky.a(random.o)
 .data          0x00001166        0x0 contiki-sky.a(ringbuf.o)
 .data          0x00001166        0x0 contiki-sky.a(packetbuf.o)
 .data          0x00001166       0x10 contiki-sky.a(queuebuf.o)
 .data          0x00001176        0x0 contiki-sky.a(uip6.o)
 .data          0x00001176        0xa contiki-sky.a(tcpip.o)
                0x00001176                tcpip_process
 .data          0x00001180        0x0 contiki-sky.a(uip-udp-packet.)
 .data          0x00001180        0x0 contiki-sky.a(uip-icmp6.o)
 .data          0x00001180        0x0 contiki-sky.a(uip-nd6.o)
 .data          0x00001180        0x0 contiki-sky.a(sicslowpan.o)
 .data          0x00001180        0x8 contiki-sky.a(neighbor-info.o)
 .data          0x00001188        0x0 contiki-sky.a(uip-ds6.o)
 .data          0x00001188        0x0 contiki-sky.a(collect-view.o)
 .data          0x00001188        0x0 contiki-sky.a(collect-view-sk)
 .data          0x00001188        0x4 contiki-sky.a(contiki-sky-pla)
                0x00001188                sensors
 .data          0x0000118c        0x1 contiki-sky.a(sht11-sensor.o)
 .data          0x0000118d        0x0 contiki-sky.a(light-sensor.o)
 .data          0x0000118d        0x0 contiki-sky.a(battery-sensor.)
 .data          0x0000118d        0x0 contiki-sky.a(button-sensor.o)
 .data          0x0000118d        0x0 contiki-sky.a(ds2411.o)
 .data          0x0000118d        0x0 contiki-sky.a(xmem.o)
 .data          0x0000118d        0x0 contiki-sky.a(node-id.o)
 *fill*         0x0000118d        0x1 00
 .data          0x0000118e        0xa contiki-sky.a(sensors.o)
                0x0000118e                sensors_process
 .data          0x00001198        0xa contiki-sky.a(cc2420.o)
                0x00001198                cc2420_process
 .data          0x000011a2        0x0 contiki-sky.a(cc2420-arch.o)
 .data          0x000011a2        0x0 contiki-sky.a(sky-sensors.o)
 .data          0x000011a2        0x0 contiki-sky.a(uart1.o)
 .data          0x000011a2        0x0 contiki-sky.a(uart1-putchar.o)
 .data          0x000011a2        0x2 contiki-sky.a(msp430.o)
 .data          0x000011a4        0x0 contiki-sky.a(clock.o)
 .data          0x000011a4        0x0 contiki-sky.a(leds.o)
 .data          0x000011a4        0x0 contiki-sky.a(leds-arch.o)
 .data          0x000011a4        0x0 contiki-sky.a(watchdog.o)
 .data          0x000011a4        0x0 contiki-sky.a(rtimer-arch.o)
 .data          0x000011a4        0x0 contiki-sky.a(rimestats.o)
 .data          0x000011a4        0x0 contiki-sky.a(mac.o)
 .data          0x000011a4        0x0 contiki-sky.a(framer-802154.o)
 .data          0x000011a4        0x0 contiki-sky.a(rpl.o)
 .data          0x000011a4        0x8 contiki-sky.a(neighbor-attr.o)
 .data          0x000011ac        0x0 contiki-sky.a(sht11.o)
 .data          0x000011ac        0x0 contiki-sky.a(spi.o)
 .data          0x000011ac        0x0 contiki-sky.a(frame802154.o)
 .data          0x000011ac        0x0 /opt/msp430-gcc-4.4.5/lib/gcc/msp430/4.4.5/msp2/libgcc.a(_mulsi3hw.o)
 .data          0x000011ac        0x0 /opt/msp430-gcc-4.4.5/lib/gcc/msp430/4.4.5/msp2/libgcc.a(_udivmodhi4.o)
 .data          0x000011ac        0x0 /opt/msp430-gcc-4.4.5/lib/gcc/msp430/4.4.5/msp2/libgcc.a(_udivmodsi4.o)
 .data          0x000011ac        0x0 /opt/msp430-gcc-4.4.5/lib/gcc/msp430/4.4.5/msp2/libgcc.a(_divmodsi4.o)
 .data          0x000011ac        0x0 /opt/msp430-gcc-4.4.5/lib/gcc/msp430/4.4.5/msp2/libgcc.a(_reset_vector__.o)
 .data          0x000011ac        0x0 /opt/msp430-gcc-4.4.5/lib/gcc/msp430/4.4.5/msp2/libgcc.a(__init_stack.o)
 .data          0x000011ac        0x0 /opt/msp430-gcc-4.4.5/lib/gcc/msp430/4.4.5/msp2/libgcc.a(_copy_data.o)
 .data          0x000011ac        0x0 /opt/msp430-gcc-4.4.5/lib/gcc/msp430/4.4.5/msp2/libgcc.a(_clear_bss.o)
 .data          0x000011ac        0x0 /opt/msp430-gcc-4.4.5/lib/gcc/msp430/4.4.5/msp2/libgcc.a(__jump_to_main.o)
 .data          0x000011ac        0x0 /opt/msp430-gcc-4.4.5/lib/gcc/msp430/4.4.5/../../../../msp430/lib/msp2/libc.a(strncmp.o)
 .data          0x000011ac        0x0 /opt/msp430-gcc-4.4.5/lib/gcc/msp430/4.4.5/../../../../msp430/lib/msp2/libc.a(memcmp.o)
 .data          0x000011ac        0x0 /opt/msp430-gcc-4.4.5/lib/gcc/msp430/4.4.5/../../../../msp430/lib/msp2/libc.a(memcpy.o)
 .data          0x000011ac        0x0 /opt/msp430-gcc-4.4.5/lib/gcc/msp430/4.4.5/../../../../msp430/lib/msp2/libc.a(memmove.o)
 .data          0x000011ac        0x0 /opt/msp430-gcc-4.4.5/lib/gcc/msp430/4.4.5/../../../../msp430/lib/msp2/libc.a(printf.o)
 .data          0x000011ac        0x0 /opt/msp430-gcc-4.4.5/lib/gcc/msp430/4.4.5/../../../../msp430/lib/msp2/libc.a(vuprintf.o)
 .data          0x000011ac        0x0 /opt/msp430-gcc-4.4.5/lib/gcc/msp430/4.4.5/../../../../msp430/lib/msp2/libc.a(puts.o)
 .data          0x000011ac        0x4 /opt/msp430-gcc-4.4.5/lib/gcc/msp430/4.4.5/../../../../msp430/lib/msp2/libc.a(rand.o)
 .data          0x000011b0        0x0 /opt/msp430-gcc-4.4.5/lib/gcc/msp430/4.4.5/../../../../msp430/lib/msp2/libc.a(_unexpected_.o)
 .data          0x000011b0        0x0 /opt/msp430-gcc-4.4.5/lib/gcc/msp430/4.4.5/../../../../msp430/lib/msp2/libc.a(memchr.o)
 .data          0x000011b0        0x0 /opt/msp430-gcc-4.4.5/lib/gcc/msp430/4.4.5/../../../../msp430/lib/msp2/libc.a(strlen.o)
 *(SORT(.data.*))
                0x000011b0                . = ALIGN (0x2)
 *(.gnu.linkonce.d*)
                0x000011b0                . = ALIGN (0x2)
                0x000011b0                _edata = .
                0x0000feb2                PROVIDE (__data_load_start, LOADADDR (.data))
                0x000000b0                PROVIDE (__data_size, SIZEOF (.data))

.bootloader     0x00000c00        0x0
                0x00000c00                PROVIDE (__boot_start, .)
 *(.bootloader)
                0x00000c00                . = ALIGN (0x2)
 *(.bootloader.*)

.infomem        0x00001000        0x0
 *(.infomem)
                0x00001000                . = ALIGN (0x2)
 *(.infomem.*)

.infomemnobits  0x00001000        0x0
 *(.infomemnobits)
                0x00001000                . = ALIGN (0x2)
 *(.infomemnobits.*)

.bss            0x000011b0     0x2460
                0x000011b0                PROVIDE (__bss_start, .)
 *(.bss)
 .bss           0x000011b0        0x0 /opt/msp430-gcc-4.4.5/lib/gcc/msp430/4.4.5/../../../../msp430/lib/crt430x1611.o
 .bss           0x000011b0       0x14 udp-sender.co
 .bss           0x000011c4       0x1c obj_sky/collect-common.o
 .bss           0x000011e0        0xc obj_sky/contiki-sky-main.o
 .bss           0x000011ec        0x0 contiki-sky.a(rimeaddr.o)
 .bss           0x000011ec       0x68 contiki-sky.a(csma.o)
 .bss           0x00001254      0x382 contiki-sky.a(contikimac.o)
 .bss           0x000015d6       0xd8 contiki-sky.a(phase.o)
 .bss           0x000016ae      0x214 contiki-sky.a(rpl-dag.o)
 .bss           0x000018c2        0x1 contiki-sky.a(rpl-icmp6.o)
 *fill*         0x000018c3        0x1 00
 .bss           0x000018c4       0x18 contiki-sky.a(rpl-timers.o)
 .bss           0x000018dc        0x0 contiki-sky.a(rpl-of-etx.o)
 .bss           0x000018dc       0x42 contiki-sky.a(process.o)
                0x000018dc                process_list
                0x000018de                process_current
 .bss           0x0000191e        0x0 contiki-sky.a(autostart.o)
 .bss           0x0000191e      0x10a contiki-sky.a(serial-line.o)
 .bss           0x00001a28        0x0 contiki-sky.a(memb.o)
 .bss           0x00001a28        0x0 contiki-sky.a(timer.o)
 .bss           0x00001a28        0x0 contiki-sky.a(list.o)
 .bss           0x00001a28        0x6 contiki-sky.a(etimer.o)
 .bss           0x00001a2e        0x4 contiki-sky.a(ctimer.o)
 .bss           0x00001a32        0x0 contiki-sky.a(energest.o)
 .bss           0x00001a32        0x2 contiki-sky.a(rtimer.o)
 .bss           0x00001a34        0x0 contiki-sky.a(stimer.o)
 .bss           0x00001a34        0x0 contiki-sky.a(random.o)
 .bss           0x00001a34        0x0 contiki-sky.a(ringbuf.o)
 .bss           0x00001a34       0xba contiki-sky.a(packetbuf.o)
 .bss           0x00001aee      0x706 contiki-sky.a(queuebuf.o)
 .bss           0x000021f4       0x12 contiki-sky.a(uip6.o)
                0x000021f4                uip_ext_bitmap
                0x000021f6                uip_ext_len
                0x000021f8                uip_ext_opt_offset
 .bss           0x00002206       0x36 contiki-sky.a(tcpip.o)
 .bss           0x0000223c        0x0 contiki-sky.a(uip-udp-packet.)
 .bss           0x0000223c       0x10 contiki-sky.a(uip-icmp6.o)
 .bss           0x0000224c        0xa contiki-sky.a(uip-nd6.o)
 .bss           0x00002256      0x11e contiki-sky.a(sicslowpan.o)
 .bss           0x00002374        0xe contiki-sky.a(neighbor-info.o)
 .bss           0x00002382       0x20 contiki-sky.a(uip-ds6.o)
 .bss           0x000023a2       0x10 contiki-sky.a(collect-view.o)
 .bss           0x000023b2        0x0 contiki-sky.a(collect-view-sk)
 .bss           0x000023b2        0x0 contiki-sky.a(contiki-sky-pla)
 .bss           0x000023b2        0x0 contiki-sky.a(sht11-sensor.o)
 .bss           0x000023b2        0x0 contiki-sky.a(light-sensor.o)
 .bss           0x000023b2        0x0 contiki-sky.a(battery-sensor.)
 .bss           0x000023b2        0x8 contiki-sky.a(button-sensor.o)
 .bss           0x000023ba        0x0 contiki-sky.a(ds2411.o)
 .bss           0x000023ba        0x0 contiki-sky.a(xmem.o)
 .bss           0x000023ba        0x2 contiki-sky.a(node-id.o)
                0x000023ba                node_id
 .bss           0x000023bc        0x6 contiki-sky.a(sensors.o)
 .bss           0x000023c2        0xc contiki-sky.a(cc2420.o)
 .bss           0x000023ce        0x0 contiki-sky.a(cc2420-arch.o)
 .bss           0x000023ce        0x4 contiki-sky.a(sky-sensors.o)
 .bss           0x000023d2        0x4 contiki-sky.a(uart1.o)
 .bss           0x000023d6        0x0 contiki-sky.a(uart1-putchar.o)
 .bss           0x000023d6        0x0 contiki-sky.a(msp430.o)
 .bss           0x000023d6        0xa contiki-sky.a(clock.o)
 .bss           0x000023e0        0x2 contiki-sky.a(leds.o)
 .bss           0x000023e2        0x0 contiki-sky.a(leds-arch.o)
 .bss           0x000023e2        0x2 contiki-sky.a(watchdog.o)
 .bss           0x000023e4        0x0 contiki-sky.a(rtimer-arch.o)
 .bss           0x000023e4        0x0 contiki-sky.a(rimestats.o)
 .bss           0x000023e4        0x0 contiki-sky.a(mac.o)
 .bss           0x000023e4        0x2 contiki-sky.a(framer-802154.o)
 .bss           0x000023e6        0x0 contiki-sky.a(rpl.o)
 .bss           0x000023e6       0xce contiki-sky.a(neighbor-attr.o)
 .bss           0x000024b4        0x0 contiki-sky.a(sht11.o)
 .bss           0x000024b4        0x2 contiki-sky.a(spi.o)
                0x000024b4                spi_busy
 .bss           0x000024b6        0x0 contiki-sky.a(frame802154.o)
 .bss           0x000024b6        0x0 /opt/msp430-gcc-4.4.5/lib/gcc/msp430/4.4.5/msp2/libgcc.a(_mulsi3hw.o)
 .bss           0x000024b6        0x0 /opt/msp430-gcc-4.4.5/lib/gcc/msp430/4.4.5/msp2/libgcc.a(_udivmodhi4.o)
 .bss           0x000024b6        0x0 /opt/msp430-gcc-4.4.5/lib/gcc/msp430/4.4.5/msp2/libgcc.a(_udivmodsi4.o)
 .bss           0x000024b6        0x0 /opt/msp430-gcc-4.4.5/lib/gcc/msp430/4.4.5/msp2/libgcc.a(_divmodsi4.o)
 .bss           0x000024b6        0x0 /opt/msp430-gcc-4.4.5/lib/gcc/msp430/4.4.5/msp2/libgcc.a(_reset_vector__.o)
 .bss           0x000024b6        0x0 /opt/msp430-gcc-4.4.5/lib/gcc/msp430/4.4.5/msp2/libgcc.a(__init_stack.o)
 .bss           0x000024b6        0x0 /opt/msp430-gcc-4.4.5/lib/gcc/msp430/4.4.5/msp2/libgcc.a(_copy_data.o)
 .bss           0x000024b6        0x0 /opt/msp430-gcc-4.4.5/lib/gcc/msp430/4.4.5/msp2/libgcc.a(_clear_bss.o)
 .bss           0x000024b6        0x0 /opt/msp430-gcc-4.4.5/lib/gcc/msp430/4.4.5/msp2/libgcc.a(__jump_to_main.o)
 .bss           0x000024b6        0x0 /opt/msp430-gcc-4.4.5/lib/gcc/msp430/4.4.5/../../../../msp430/lib/msp2/libc.a(strncmp.o)
 .bss           0x000024b6        0x0 /opt/msp430-gcc-4.4.5/lib/gcc/msp430/4.4.5/../../../../msp430/lib/msp2/libc.a(memcmp.o)
 .bss           0x000024b6        0x0 /opt/msp430-gcc-4.4.5/lib/gcc/msp430/4.4.5/../../../../msp430/lib/msp2/libc.a(memcpy.o)
 .bss           0x000024b6        0x0 /opt/msp430-gcc-4.4.5/lib/gcc/msp430/4.4.5/../../../../msp430/lib/msp2/libc.a(memmove.o)
 .bss           0x000024b6        0x0 /opt/msp430-gcc-4.4.5/lib/gcc/msp430/4.4.5/../../../../msp430/lib/msp2/libc.a(printf.o)
 .bss           0x000024b6        0x4 /opt/msp430-gcc-4.4.5/lib/gcc/msp430/4.4.5/../../../../msp430/lib/msp2/libc.a(vuprintf.o)
 .bss           0x000024ba        0x0 /opt/msp430-gcc-4.4.5/lib/gcc/msp430/4.4.5/../../../../msp430/lib/msp2/libc.a(puts.o)
 .bss           0x000024ba        0x0 /opt/msp430-gcc-4.4.5/lib/gcc/msp430/4.4.5/../../../../msp430/lib/msp2/libc.a(rand.o)
 .bss           0x000024ba        0x0 /opt/msp430-gcc-4.4.5/lib/gcc/msp430/4.4.5/../../../../msp430/lib/msp2/libc.a(_unexpected_.o)
 .bss           0x000024ba        0x0 /opt/msp430-gcc-4.4.5/lib/gcc/msp430/4.4.5/../../../../msp430/lib/msp2/libc.a(memchr.o)
 .bss           0x000024ba        0x0 /opt/msp430-gcc-4.4.5/lib/gcc/msp430/4.4.5/../../../../msp430/lib/msp2/libc.a(strlen.o)
 *(SORT(.bss.*))
 *(COMMON)
 COMMON         0x000024ba        0x8 contiki-sky.a(rimeaddr.o)
                0x000024ba                rimeaddr_node_addr
 COMMON         0x000024c2        0x1 contiki-sky.a(process.o)
                0x000024c2                process_maxevents
 COMMON         0x000024c3        0x1 contiki-sky.a(serial-line.o)
                0x000024c3                serial_line_event_message
 COMMON         0x000024c4       0x56 contiki-sky.a(energest.o)
                0x000024c4                energest_total_time
                0x000024f4                energest_total_count
                0x000024f6                energest_current_mode
                0x00002502                energest_current_time
 COMMON         0x0000251a       0x50 contiki-sky.a(packetbuf.o)
                0x0000251a                packetbuf_addrs
                0x0000253a                packetbuf_attrs
 COMMON         0x0000256a      0x304 contiki-sky.a(uip6.o)
                0x0000256a                uip_len
                0x0000256c                uip_sappdata
                0x0000256e                uip_acc32
                0x00002572                uip_lladdr
                0x0000257a                uip_aligned_buf
                0x0000266a                uip_flags
                0x0000266c                uip_next_hdr
                0x0000266e                uip_udp_conn
                0x00002670                uip_appdata
                0x00002672                uip_conn
                0x00002674                uip_conns
                0x00002724                uip_listenports
                0x00002734                uip_slen
                0x00002736                uip_udp_conns
 COMMON         0x0000286e        0x1 contiki-sky.a(tcpip.o)
                0x0000286e                tcpip_event
 *fill*         0x0000286f        0x1 00
 COMMON         0x00002870        0xa contiki-sky.a(sicslowpan.o)
                0x00002870                sicslowpan_mac
                0x00002872                frag_sender
 COMMON         0x0000287a      0xd2c contiki-sky.a(uip-ds6.o)
                0x0000287a                uip_ds6_timer_ra
                0x00002882                uip_ds6_if
                0x0000298c                uip_ds6_prefix_list
                0x000029e6                uip_ds6_timer_periodic
                0x000029f2                uip_ds6_defrt_list
                0x00002a2a                uip_ds6_nbr_cache
                0x00003006                uip_ds6_routing_table
 COMMON         0x000035a6        0x2 contiki-sky.a(contiki-sky-pla)
                0x000035a6                sensors_flags
 COMMON         0x000035a8        0x8 contiki-sky.a(ds2411.o)
                0x000035a8                ds2411_id
 COMMON         0x000035b0        0x1 contiki-sky.a(sensors.o)
                0x000035b0                sensors_event
 *fill*         0x000035b1        0x1 00
 COMMON         0x000035b2       0x14 contiki-sky.a(cc2420.o)
                0x000035b2                cc2420_last_rssi
                0x000035b4                cc2420_packets_read
                0x000035b6                cc2420_packets_seen
                0x000035b8                cc2420_sfd_start_time
                0x000035ba                cc2420_time_of_departure
                0x000035bc                cc2420_time_of_arrival
                0x000035be                cc2420_last_correlation
                0x000035c0                cc2420_authority_level_of_sender
                0x000035c2                cc2420_sfd_counter
                0x000035c4                cc2420_sfd_end_time
 COMMON         0x000035c6        0x2 contiki-sky.a(msp430.o)
                0x000035c6                msp430_dco_required
 COMMON         0x000035c8       0x48 contiki-sky.a(rimestats.o)
                0x000035c8                rimestats
                0x00003610                PROVIDE (__bss_end, .)
                0x00003610                _end = .
                0x00002460                PROVIDE (__bss_size, SIZEOF (.bss))

.noinit         0x00003610        0x0
                0x00003610                PROVIDE (__noinit_start, .)
 *(.noinit)
 *(.noinit.*)
 *(COMMON)
                0x00003610                PROVIDE (__noinit_end, .)
                0x00003610                _end = .

.vectors        0x0000ffe0       0x20
                0x0000ffe0                PROVIDE (__vectors_start, .)
 *(.vectors*)
 .vectors       0x0000ffe0       0x20 /opt/msp430-gcc-4.4.5/lib/gcc/msp430/4.4.5/../../../../msp430/lib/crt430x1611.o
                0x0000ffe0                InterruptVectors
 *(.vectors*)
                0x00010000                _vectors_end = .

.profiler
 *(.profiler)

.stab
 *(.stab)

.stabstr
 *(.stabstr)

.stab.excl
 *(.stab.excl)

.stab.exclstr
 *(.stab.exclstr)

.stab.index
 *(.stab.index)

.stab.indexstr
 *(.stab.indexstr)

.comment
 *(.comment)

.debug
 *(.debug)

.line
 *(.line)

.debug_srcinfo
 *(.debug_srcinfo .zdebug_srcinfo)

.debug_sfnames
 *(.debug_sfnames .zdebug_sfnames)

.debug_aranges  0x00000000      0x58c
 *(.debug_aranges .zdebug_aranges)
 .debug_aranges
                0x00000000       0x14 udp-sender.co
 .debug_aranges
                0x00000014       0x14 obj_sky/collect-common.o
 .debug_aranges
                0x00000028       0x14 obj_sky/contiki-sky-main.o
 .debug_aranges
                0x0000003c       0x14 contiki-sky.a(rimeaddr.o)
 .debug_aranges
                0x00000050       0x14 contiki-sky.a(csma.o)
 .debug_aranges
                0x00000064       0x14 contiki-sky.a(contikimac.o)
 .debug_aranges
                0x00000078       0x14 contiki-sky.a(phase.o)
 .debug_aranges
                0x0000008c       0x14 contiki-sky.a(rpl-dag.o)
 .debug_aranges
                0x000000a0       0x14 contiki-sky.a(rpl-icmp6.o)
 .debug_aranges
                0x000000b4       0x14 contiki-sky.a(rpl-timers.o)
 .debug_aranges
                0x000000c8       0x14 contiki-sky.a(rpl-of-etx.o)
 .debug_aranges
                0x000000dc       0x14 contiki-sky.a(process.o)
 .debug_aranges
                0x000000f0       0x14 contiki-sky.a(autostart.o)
 .debug_aranges
                0x00000104       0x14 contiki-sky.a(serial-line.o)
 .debug_aranges
                0x00000118       0x14 contiki-sky.a(memb.o)
 .debug_aranges
                0x0000012c       0x14 contiki-sky.a(timer.o)
 .debug_aranges
                0x00000140       0x14 contiki-sky.a(list.o)
 .debug_aranges
                0x00000154       0x14 contiki-sky.a(etimer.o)
 .debug_aranges
                0x00000168       0x14 contiki-sky.a(ctimer.o)
 .debug_aranges
                0x0000017c       0x14 contiki-sky.a(energest.o)
 .debug_aranges
                0x00000190       0x14 contiki-sky.a(rtimer.o)
 .debug_aranges
                0x000001a4       0x14 contiki-sky.a(stimer.o)
 .debug_aranges
                0x000001b8       0x14 contiki-sky.a(random.o)
 .debug_aranges
                0x000001cc       0x14 contiki-sky.a(ringbuf.o)
 .debug_aranges
                0x000001e0       0x14 contiki-sky.a(packetbuf.o)
 .debug_aranges
                0x000001f4       0x14 contiki-sky.a(queuebuf.o)
 .debug_aranges
                0x00000208       0x14 contiki-sky.a(uip6.o)
 .debug_aranges
                0x0000021c       0x14 contiki-sky.a(tcpip.o)
 .debug_aranges
                0x00000230       0x14 contiki-sky.a(uip-udp-packet.)
 .debug_aranges
                0x00000244       0x14 contiki-sky.a(uip-icmp6.o)
 .debug_aranges
                0x00000258       0x14 contiki-sky.a(uip-nd6.o)
 .debug_aranges
                0x0000026c       0x14 contiki-sky.a(sicslowpan.o)
 .debug_aranges
                0x00000280       0x14 contiki-sky.a(neighbor-info.o)
 .debug_aranges
                0x00000294       0x14 contiki-sky.a(uip-ds6.o)
 .debug_aranges
                0x000002a8       0x14 contiki-sky.a(collect-view.o)
 .debug_aranges
                0x000002bc       0x14 contiki-sky.a(collect-view-sk)
 .debug_aranges
                0x000002d0       0x14 contiki-sky.a(contiki-sky-pla)
 .debug_aranges
                0x000002e4       0x14 contiki-sky.a(sht11-sensor.o)
 .debug_aranges
                0x000002f8       0x14 contiki-sky.a(light-sensor.o)
 .debug_aranges
                0x0000030c       0x14 contiki-sky.a(battery-sensor.)
 .debug_aranges
                0x00000320       0x14 contiki-sky.a(button-sensor.o)
 .debug_aranges
                0x00000334       0x14 contiki-sky.a(ds2411.o)
 .debug_aranges
                0x00000348       0x14 contiki-sky.a(xmem.o)
 .debug_aranges
                0x0000035c       0x14 contiki-sky.a(node-id.o)
 .debug_aranges
                0x00000370       0x14 contiki-sky.a(sensors.o)
 .debug_aranges
                0x00000384       0x14 contiki-sky.a(cc2420.o)
 .debug_aranges
                0x00000398       0x14 contiki-sky.a(cc2420-arch.o)
 .debug_aranges
                0x000003ac       0x14 contiki-sky.a(sky-sensors.o)
 .debug_aranges
                0x000003c0       0x14 contiki-sky.a(uart1.o)
 .debug_aranges
                0x000003d4       0x14 contiki-sky.a(uart1-putchar.o)
 .debug_aranges
                0x000003e8       0x14 contiki-sky.a(msp430.o)
 .debug_aranges
                0x000003fc       0x14 contiki-sky.a(clock.o)
 .debug_aranges
                0x00000410       0x14 contiki-sky.a(leds.o)
 .debug_aranges
                0x00000424       0x14 contiki-sky.a(leds-arch.o)
 .debug_aranges
                0x00000438       0x14 contiki-sky.a(watchdog.o)
 .debug_aranges
                0x0000044c       0x14 contiki-sky.a(rtimer-arch.o)
 .debug_aranges
                0x00000460       0x14 contiki-sky.a(mac.o)
 .debug_aranges
                0x00000474       0x14 contiki-sky.a(framer-802154.o)
 .debug_aranges
                0x00000488       0x14 contiki-sky.a(rpl.o)
 .debug_aranges
                0x0000049c       0x14 contiki-sky.a(neighbor-attr.o)
 .debug_aranges
                0x000004b0       0x14 contiki-sky.a(sht11.o)
 .debug_aranges
                0x000004c4       0x14 contiki-sky.a(spi.o)
 .debug_aranges
                0x000004d8       0x14 contiki-sky.a(frame802154.o)
 .debug_aranges
                0x000004ec       0x14 /opt/msp430-gcc-4.4.5/lib/gcc/msp430/4.4.5/msp2/libgcc.a(_mulsi3hw.o)
 .debug_aranges
                0x00000500       0x14 /opt/msp430-gcc-4.4.5/lib/gcc/msp430/4.4.5/msp2/libgcc.a(_udivmodhi4.o)
 .debug_aranges
                0x00000514       0x14 /opt/msp430-gcc-4.4.5/lib/gcc/msp430/4.4.5/msp2/libgcc.a(_udivmodsi4.o)
 .debug_aranges
                0x00000528       0x14 /opt/msp430-gcc-4.4.5/lib/gcc/msp430/4.4.5/msp2/libgcc.a(_divmodsi4.o)
 .debug_aranges
                0x0000053c       0x14 /opt/msp430-gcc-4.4.5/lib/gcc/msp430/4.4.5/msp2/libgcc.a(__init_stack.o)
 .debug_aranges
                0x00000550       0x14 /opt/msp430-gcc-4.4.5/lib/gcc/msp430/4.4.5/msp2/libgcc.a(_copy_data.o)
 .debug_aranges
                0x00000564       0x14 /opt/msp430-gcc-4.4.5/lib/gcc/msp430/4.4.5/msp2/libgcc.a(_clear_bss.o)
 .debug_aranges
                0x00000578       0x14 /opt/msp430-gcc-4.4.5/lib/gcc/msp430/4.4.5/msp2/libgcc.a(__jump_to_main.o)

.debug_pubnames
                0x00000000     0x2464
 *(.debug_pubnames .zdebug_pubnames)
 .debug_pubnames
                0x00000000       0xae udp-sender.co
 .debug_pubnames
                0x000000ae       0x68 obj_sky/collect-common.o
 .debug_pubnames
                0x00000116       0x27 obj_sky/contiki-sky-main.o
 .debug_pubnames
                0x0000013d       0x79 contiki-sky.a(rimeaddr.o)
 .debug_pubnames
                0x000001b6       0x22 contiki-sky.a(csma.o)
 .debug_pubnames
                0x000001d8       0x79 contiki-sky.a(contikimac.o)
 .debug_pubnames
                0x00000251       0x64 contiki-sky.a(phase.o)
 .debug_pubnames
                0x000002b5      0x159 contiki-sky.a(rpl-dag.o)
 .debug_pubnames
                0x0000040e       0x64 contiki-sky.a(rpl-icmp6.o)
 .debug_pubnames
                0x00000472       0x5c contiki-sky.a(rpl-timers.o)
 .debug_pubnames
                0x000004ce       0x21 contiki-sky.a(rpl-of-etx.o)
 .debug_pubnames
                0x000004ef      0x10d contiki-sky.a(process.o)
 .debug_pubnames
                0x000005fc       0x39 contiki-sky.a(autostart.o)
 .debug_pubnames
                0x00000635       0x78 contiki-sky.a(serial-line.o)
 .debug_pubnames
                0x000006ad       0x4d contiki-sky.a(memb.o)
 .debug_pubnames
                0x000006fa       0x68 contiki-sky.a(timer.o)
 .debug_pubnames
                0x00000762       0xc3 contiki-sky.a(list.o)
 .debug_pubnames
                0x00000825      0x109 contiki-sky.a(etimer.o)
 .debug_pubnames
                0x0000092e       0x8b contiki-sky.a(ctimer.o)
 .debug_pubnames
                0x000009b9       0xec contiki-sky.a(energest.o)
 .debug_pubnames
                0x00000aa5       0x45 contiki-sky.a(rtimer.o)
 .debug_pubnames
                0x00000aea       0x80 contiki-sky.a(stimer.o)
 .debug_pubnames
                0x00000b6a       0x32 contiki-sky.a(random.o)
 .debug_pubnames
                0x00000b9c       0x69 contiki-sky.a(ringbuf.o)
 .debug_pubnames
                0x00000c05      0x22c contiki-sky.a(packetbuf.o)
 .debug_pubnames
                0x00000e31       0xff contiki-sky.a(queuebuf.o)
 .debug_pubnames
                0x00000f30      0x203 contiki-sky.a(uip6.o)
 .debug_pubnames
                0x00001133      0x12c contiki-sky.a(tcpip.o)
 .debug_pubnames
                0x0000125f       0x44 contiki-sky.a(uip-udp-packet.)
 .debug_pubnames
                0x000012a3       0x61 contiki-sky.a(uip-icmp6.o)
 .debug_pubnames
                0x00001304       0x52 contiki-sky.a(uip-nd6.o)
 .debug_pubnames
                0x00001356       0x9a contiki-sky.a(sicslowpan.o)
 .debug_pubnames
                0x000013f0       0x8b contiki-sky.a(neighbor-info.o)
 .debug_pubnames
                0x0000147b      0x3d7 contiki-sky.a(uip-ds6.o)
 .debug_pubnames
                0x00001852       0x35 contiki-sky.a(collect-view.o)
 .debug_pubnames
                0x00001887       0x35 contiki-sky.a(collect-view-sk)
 .debug_pubnames
                0x000018bc       0x42 contiki-sky.a(contiki-sky-pla)
 .debug_pubnames
                0x000018fe       0x23 contiki-sky.a(sht11-sensor.o)
 .debug_pubnames
                0x00001921       0x23 contiki-sky.a(light-sensor.o)
 .debug_pubnames
                0x00001944       0x25 contiki-sky.a(battery-sensor.)
 .debug_pubnames
                0x00001969       0x2f contiki-sky.a(button-sensor.o)
 .debug_pubnames
                0x00001998       0x30 contiki-sky.a(ds2411.o)
 .debug_pubnames
                0x000019c8       0x4e contiki-sky.a(xmem.o)
 .debug_pubnames
                0x00001a16       0x43 contiki-sky.a(node-id.o)
 .debug_pubnames
                0x00001a59       0x80 contiki-sky.a(sensors.o)
 .debug_pubnames
                0x00001ad9      0x236 contiki-sky.a(cc2420.o)
 .debug_pubnames
                0x00001d0f       0x43 contiki-sky.a(cc2420-arch.o)
 .debug_pubnames
                0x00001d52       0x43 contiki-sky.a(sky-sensors.o)
 .debug_pubnames
                0x00001d95       0x6e contiki-sky.a(uart1.o)
 .debug_pubnames
                0x00001e03       0x1e contiki-sky.a(uart1-putchar.o)
 .debug_pubnames
                0x00001e21       0xd1 contiki-sky.a(msp430.o)
 .debug_pubnames
                0x00001ef2       0xc5 contiki-sky.a(clock.o)
 .debug_pubnames
                0x00001fb7       0x75 contiki-sky.a(leds.o)
 .debug_pubnames
                0x0000202c       0x49 contiki-sky.a(leds-arch.o)
 .debug_pubnames
                0x00002075       0x8a contiki-sky.a(watchdog.o)
 .debug_pubnames
                0x000020ff       0x60 contiki-sky.a(rtimer-arch.o)
 .debug_pubnames
                0x0000215f       0x20 contiki-sky.a(rimestats.o)
 .debug_pubnames
                0x0000217f       0x2d contiki-sky.a(mac.o)
 .debug_pubnames
                0x000021ac       0x24 contiki-sky.a(framer-802154.o)
 .debug_pubnames
                0x000021d0       0x7b contiki-sky.a(rpl.o)
 .debug_pubnames
                0x0000224b      0x137 contiki-sky.a(neighbor-attr.o)
 .debug_pubnames
                0x00002382       0x60 contiki-sky.a(sht11.o)
 .debug_pubnames
                0x000023e2       0x2c contiki-sky.a(spi.o)
 .debug_pubnames
                0x0000240e       0x56 contiki-sky.a(frame802154.o)

.debug_info     0x00000000    0x17882
 *(.debug_info .gnu.linkonce.wi.* .zdebug_info)
 .debug_info    0x00000000     0x1033 udp-sender.co
 .debug_info    0x00001033      0x596 obj_sky/collect-common.o
 .debug_info    0x000015c9      0x88c obj_sky/contiki-sky-main.o
 .debug_info    0x00001e55      0x1b3 contiki-sky.a(rimeaddr.o)
 .debug_info    0x00002008      0xa01 contiki-sky.a(csma.o)
 .debug_info    0x00002a09      0xebb contiki-sky.a(contikimac.o)
 .debug_info    0x000038c4      0x80d contiki-sky.a(phase.o)
 .debug_info    0x000040d1     0x1213 contiki-sky.a(rpl-dag.o)
 .debug_info    0x000052e4     0x16c8 contiki-sky.a(rpl-icmp6.o)
 .debug_info    0x000069ac      0x949 contiki-sky.a(rpl-timers.o)
 .debug_info    0x000072f5      0xa4b contiki-sky.a(rpl-of-etx.o)
 .debug_info    0x00007d40      0x522 contiki-sky.a(process.o)
 .debug_info    0x00008262      0x1a5 contiki-sky.a(autostart.o)
 .debug_info    0x00008407      0x32e contiki-sky.a(serial-line.o)
 .debug_info    0x00008735      0x194 contiki-sky.a(memb.o)
 .debug_info    0x000088c9      0x16c contiki-sky.a(timer.o)
 .debug_info    0x00008a35      0x3d4 contiki-sky.a(list.o)
 .debug_info    0x00008e09      0x472 contiki-sky.a(etimer.o)
 .debug_info    0x0000927b      0x47b contiki-sky.a(ctimer.o)
 .debug_info    0x000096f6      0x247 contiki-sky.a(energest.o)
 .debug_info    0x0000993d      0x1fb contiki-sky.a(rtimer.o)
 .debug_info    0x00009b38      0x17d contiki-sky.a(stimer.o)
 .debug_info    0x00009cb5       0x9c contiki-sky.a(random.o)
 .debug_info    0x00009d51      0x1ac contiki-sky.a(ringbuf.o)
 .debug_info    0x00009efd      0x5d4 contiki-sky.a(packetbuf.o)
 .debug_info    0x0000a4d1      0x592 contiki-sky.a(queuebuf.o)
 .debug_info    0x0000aa63     0x102a contiki-sky.a(uip6.o)
 .debug_info    0x0000ba8d     0x10e9 contiki-sky.a(tcpip.o)
 .debug_info    0x0000cb76      0x3a7 contiki-sky.a(uip-udp-packet.)
 .debug_info    0x0000cf1d      0x5ac contiki-sky.a(uip-icmp6.o)
 .debug_info    0x0000d4c9      0x81d contiki-sky.a(uip-nd6.o)
 .debug_info    0x0000dce6      0xdc9 contiki-sky.a(sicslowpan.o)
 .debug_info    0x0000eaaf      0x4df contiki-sky.a(neighbor-info.o)
 .debug_info    0x0000ef8e     0x1132 contiki-sky.a(uip-ds6.o)
 .debug_info    0x000100c0      0x33c contiki-sky.a(collect-view.o)
 .debug_info    0x000103fc      0x311 contiki-sky.a(collect-view-sk)
 .debug_info    0x0001070d      0x295 contiki-sky.a(contiki-sky-pla)
 .debug_info    0x000109a2      0x234 contiki-sky.a(sht11-sensor.o)
 .debug_info    0x00010bd6      0x203 contiki-sky.a(light-sensor.o)
 .debug_info    0x00010dd9      0x1f1 contiki-sky.a(battery-sensor.)
 .debug_info    0x00010fca      0x3d9 contiki-sky.a(button-sensor.o)
 .debug_info    0x000113a3      0x2c5 contiki-sky.a(ds2411.o)
 .debug_info    0x00011668      0x4bb contiki-sky.a(xmem.o)
 .debug_info    0x00011b23       0xe1 contiki-sky.a(node-id.o)
 .debug_info    0x00011c04      0x406 contiki-sky.a(sensors.o)
 .debug_info    0x0001200a     0x144f contiki-sky.a(cc2420.o)
 .debug_info    0x00013459      0x245 contiki-sky.a(cc2420-arch.o)
 .debug_info    0x0001369e      0x25d contiki-sky.a(sky-sensors.o)
 .debug_info    0x000138fb      0x330 contiki-sky.a(uart1.o)
 .debug_info    0x00013c2b       0x8b contiki-sky.a(uart1-putchar.o)
 .debug_info    0x00013cb6      0x3ff contiki-sky.a(msp430.o)
 .debug_info    0x000140b5      0x3f0 contiki-sky.a(clock.o)
 .debug_info    0x000144a5      0x277 contiki-sky.a(leds.o)
 .debug_info    0x0001471c       0xda contiki-sky.a(leds-arch.o)
 .debug_info    0x000147f6      0x19b contiki-sky.a(watchdog.o)
 .debug_info    0x00014991      0x25d contiki-sky.a(rtimer-arch.o)
 .debug_info    0x00014bee      0x140 contiki-sky.a(rimestats.o)
 .debug_info    0x00014d2e      0x10c contiki-sky.a(mac.o)
 .debug_info    0x00014e3a      0x642 contiki-sky.a(framer-802154.o)
 .debug_info    0x0001547c      0xb8e contiki-sky.a(rpl.o)
 .debug_info    0x0001600a      0x796 contiki-sky.a(neighbor-attr.o)
 .debug_info    0x000167a0      0x46f contiki-sky.a(sht11.o)
 .debug_info    0x00016c0f      0x132 contiki-sky.a(spi.o)
 .debug_info    0x00016d41      0x479 contiki-sky.a(frame802154.o)
 .debug_info    0x000171ba       0xd9 /opt/msp430-gcc-4.4.5/lib/gcc/msp430/4.4.5/msp2/libgcc.a(_mulsi3hw.o)
 .debug_info    0x00017293       0xd9 /opt/msp430-gcc-4.4.5/lib/gcc/msp430/4.4.5/msp2/libgcc.a(_udivmodhi4.o)
 .debug_info    0x0001736c       0xd9 /opt/msp430-gcc-4.4.5/lib/gcc/msp430/4.4.5/msp2/libgcc.a(_udivmodsi4.o)
 .debug_info    0x00017445       0xd9 /opt/msp430-gcc-4.4.5/lib/gcc/msp430/4.4.5/msp2/libgcc.a(_divmodsi4.o)
 .debug_info    0x0001751e       0xd9 /opt/msp430-gcc-4.4.5/lib/gcc/msp430/4.4.5/msp2/libgcc.a(__init_stack.o)
 .debug_info    0x000175f7       0xd9 /opt/msp430-gcc-4.4.5/lib/gcc/msp430/4.4.5/msp2/libgcc.a(_copy_data.o)
 .debug_info    0x000176d0       0xd9 /opt/msp430-gcc-4.4.5/lib/gcc/msp430/4.4.5/msp2/libgcc.a(_clear_bss.o)
 .debug_info    0x000177a9       0xd9 /opt/msp430-gcc-4.4.5/lib/gcc/msp430/4.4.5/msp2/libgcc.a(__jump_to_main.o)

.debug_abbrev   0x00000000     0x7771
 *(.debug_abbrev .zdebug_abbrev)
 .debug_abbrev  0x00000000      0x2cc udp-sender.co
 .debug_abbrev  0x000002cc      0x282 obj_sky/collect-common.o
 .debug_abbrev  0x0000054e      0x2a4 obj_sky/contiki-sky-main.o
 .debug_abbrev  0x000007f2      0x162 contiki-sky.a(rimeaddr.o)
 .debug_abbrev  0x00000954      0x34e contiki-sky.a(csma.o)
 .debug_abbrev  0x00000ca2      0x3cf contiki-sky.a(contikimac.o)
 .debug_abbrev  0x00001071      0x235 contiki-sky.a(phase.o)
 .debug_abbrev  0x000012a6      0x399 contiki-sky.a(rpl-dag.o)
 .debug_abbrev  0x0000163f      0x345 contiki-sky.a(rpl-icmp6.o)
 .debug_abbrev  0x00001984      0x200 contiki-sky.a(rpl-timers.o)
 .debug_abbrev  0x00001b84      0x23a contiki-sky.a(rpl-of-etx.o)
 .debug_abbrev  0x00001dbe      0x2f7 contiki-sky.a(process.o)
 .debug_abbrev  0x000020b5       0xf3 contiki-sky.a(autostart.o)
 .debug_abbrev  0x000021a8      0x1c4 contiki-sky.a(serial-line.o)
 .debug_abbrev  0x0000236c       0xd1 contiki-sky.a(memb.o)
 .debug_abbrev  0x0000243d       0xf4 contiki-sky.a(timer.o)
 .debug_abbrev  0x00002531      0x1f5 contiki-sky.a(list.o)
 .debug_abbrev  0x00002726      0x232 contiki-sky.a(etimer.o)
 .debug_abbrev  0x00002958      0x1f6 contiki-sky.a(ctimer.o)
 .debug_abbrev  0x00002b4e      0x158 contiki-sky.a(energest.o)
 .debug_abbrev  0x00002ca6      0x135 contiki-sky.a(rtimer.o)
 .debug_abbrev  0x00002ddb       0xda contiki-sky.a(stimer.o)
 .debug_abbrev  0x00002eb5       0x65 contiki-sky.a(random.o)
 .debug_abbrev  0x00002f1a       0xfa contiki-sky.a(ringbuf.o)
 .debug_abbrev  0x00003014      0x277 contiki-sky.a(packetbuf.o)
 .debug_abbrev  0x0000328b      0x1eb contiki-sky.a(queuebuf.o)
 .debug_abbrev  0x00003476      0x37d contiki-sky.a(uip6.o)
 .debug_abbrev  0x000037f3      0x3e0 contiki-sky.a(tcpip.o)
 .debug_abbrev  0x00003bd3      0x1c7 contiki-sky.a(uip-udp-packet.)
 .debug_abbrev  0x00003d9a      0x16b contiki-sky.a(uip-icmp6.o)
 .debug_abbrev  0x00003f05      0x1e7 contiki-sky.a(uip-nd6.o)
 .debug_abbrev  0x000040ec      0x335 contiki-sky.a(sicslowpan.o)
 .debug_abbrev  0x00004421      0x287 contiki-sky.a(neighbor-info.o)
 .debug_abbrev  0x000046a8      0x38e contiki-sky.a(uip-ds6.o)
 .debug_abbrev  0x00004a36      0x17b contiki-sky.a(collect-view.o)
 .debug_abbrev  0x00004bb1      0x15a contiki-sky.a(collect-view-sk)
 .debug_abbrev  0x00004d0b      0x13c contiki-sky.a(contiki-sky-pla)
 .debug_abbrev  0x00004e47      0x161 contiki-sky.a(sht11-sensor.o)
 .debug_abbrev  0x00004fa8       0xe5 contiki-sky.a(light-sensor.o)
 .debug_abbrev  0x0000508d       0xe5 contiki-sky.a(battery-sensor.)
 .debug_abbrev  0x00005172      0x1cd contiki-sky.a(button-sensor.o)
 .debug_abbrev  0x0000533f      0x19e contiki-sky.a(ds2411.o)
 .debug_abbrev  0x000054dd      0x236 contiki-sky.a(xmem.o)
 .debug_abbrev  0x00005713       0x8b contiki-sky.a(node-id.o)
 .debug_abbrev  0x0000579e      0x225 contiki-sky.a(sensors.o)
 .debug_abbrev  0x000059c3      0x494 contiki-sky.a(cc2420.o)
 .debug_abbrev  0x00005e57      0x146 contiki-sky.a(cc2420-arch.o)
 .debug_abbrev  0x00005f9d      0x149 contiki-sky.a(sky-sensors.o)
 .debug_abbrev  0x000060e6      0x194 contiki-sky.a(uart1.o)
 .debug_abbrev  0x0000627a       0x50 contiki-sky.a(uart1-putchar.o)
 .debug_abbrev  0x000062ca      0x1f6 contiki-sky.a(msp430.o)
 .debug_abbrev  0x000064c0      0x222 contiki-sky.a(clock.o)
 .debug_abbrev  0x000066e2      0x13e contiki-sky.a(leds.o)
 .debug_abbrev  0x00006820       0x97 contiki-sky.a(leds-arch.o)
 .debug_abbrev  0x000068b7       0xd9 contiki-sky.a(watchdog.o)
 .debug_abbrev  0x00006990      0x184 contiki-sky.a(rtimer-arch.o)
 .debug_abbrev  0x00006b14       0x5d contiki-sky.a(rimestats.o)
 .debug_abbrev  0x00006b71       0xa0 contiki-sky.a(mac.o)
 .debug_abbrev  0x00006c11      0x227 contiki-sky.a(framer-802154.o)
 .debug_abbrev  0x00006e38      0x203 contiki-sky.a(rpl.o)
 .debug_abbrev  0x0000703b      0x271 contiki-sky.a(neighbor-attr.o)
 .debug_abbrev  0x000072ac      0x1ed contiki-sky.a(sht11.o)
 .debug_abbrev  0x00007499       0x97 contiki-sky.a(spi.o)
 .debug_abbrev  0x00007530      0x1a1 contiki-sky.a(frame802154.o)
 .debug_abbrev  0x000076d1       0x14 /opt/msp430-gcc-4.4.5/lib/gcc/msp430/4.4.5/msp2/libgcc.a(_mulsi3hw.o)
 .debug_abbrev  0x000076e5       0x14 /opt/msp430-gcc-4.4.5/lib/gcc/msp430/4.4.5/msp2/libgcc.a(_udivmodhi4.o)
 .debug_abbrev  0x000076f9       0x14 /opt/msp430-gcc-4.4.5/lib/gcc/msp430/4.4.5/msp2/libgcc.a(_udivmodsi4.o)
 .debug_abbrev  0x0000770d       0x14 /opt/msp430-gcc-4.4.5/lib/gcc/msp430/4.4.5/msp2/libgcc.a(_divmodsi4.o)
 .debug_abbrev  0x00007721       0x14 /opt/msp430-gcc-4.4.5/lib/gcc/msp430/4.4.5/msp2/libgcc.a(__init_stack.o)
 .debug_abbrev  0x00007735       0x14 /opt/msp430-gcc-4.4.5/lib/gcc/msp430/4.4.5/msp2/libgcc.a(_copy_data.o)
 .debug_abbrev  0x00007749       0x14 /opt/msp430-gcc-4.4.5/lib/gcc/msp430/4.4.5/msp2/libgcc.a(_clear_bss.o)
 .debug_abbrev  0x0000775d       0x14 /opt/msp430-gcc-4.4.5/lib/gcc/msp430/4.4.5/msp2/libgcc.a(__jump_to_main.o)

.debug_line     0x00000000     0x6a61
 *(.debug_line .zdebug_line)
 .debug_line    0x00000000      0x290 udp-sender.co
 .debug_line    0x00000290      0x20e obj_sky/collect-common.o
 .debug_line    0x0000049e      0x2c4 obj_sky/contiki-sky-main.o
 .debug_line    0x00000762      0x100 contiki-sky.a(rimeaddr.o)
 .debug_line    0x00000862      0x26a contiki-sky.a(csma.o)
 .debug_line    0x00000acc      0x3ad contiki-sky.a(contikimac.o)
 .debug_line    0x00000e79      0x240 contiki-sky.a(phase.o)
 .debug_line    0x000010b9      0x3b0 contiki-sky.a(rpl-dag.o)
 .debug_line    0x00001469      0x3ce contiki-sky.a(rpl-icmp6.o)
 .debug_line    0x00001837      0x227 contiki-sky.a(rpl-timers.o)
 .debug_line    0x00001a5e      0x23f contiki-sky.a(rpl-of-etx.o)
 .debug_line    0x00001c9d      0x118 contiki-sky.a(process.o)
 .debug_line    0x00001db5       0x8f contiki-sky.a(autostart.o)
 .debug_line    0x00001e44      0x130 contiki-sky.a(serial-line.o)
 .debug_line    0x00001f74       0x89 contiki-sky.a(memb.o)
 .debug_line    0x00001ffd       0xac contiki-sky.a(timer.o)
 .debug_line    0x000020a9       0xee contiki-sky.a(list.o)
 .debug_line    0x00002197      0x142 contiki-sky.a(etimer.o)
 .debug_line    0x000022d9      0x14a contiki-sky.a(ctimer.o)
 .debug_line    0x00002423       0x97 contiki-sky.a(energest.o)
 .debug_line    0x000024ba       0x8c contiki-sky.a(rtimer.o)
 .debug_line    0x00002546       0x89 contiki-sky.a(stimer.o)
 .debug_line    0x000025cf       0x4f contiki-sky.a(random.o)
 .debug_line    0x0000261e       0xd8 contiki-sky.a(ringbuf.o)
 .debug_line    0x000026f6      0x195 contiki-sky.a(packetbuf.o)
 .debug_line    0x0000288b      0x17a contiki-sky.a(queuebuf.o)
 .debug_line    0x00002a05      0x4de contiki-sky.a(uip6.o)
 .debug_line    0x00002ee3      0x2d4 contiki-sky.a(tcpip.o)
 .debug_line    0x000031b7      0x13b contiki-sky.a(uip-udp-packet.)
 .debug_line    0x000032f2      0x1b5 contiki-sky.a(uip-icmp6.o)
 .debug_line    0x000034a7      0x231 contiki-sky.a(uip-nd6.o)
 .debug_line    0x000036d8      0x3ce contiki-sky.a(sicslowpan.o)
 .debug_line    0x00003aa6      0x181 contiki-sky.a(neighbor-info.o)
 .debug_line    0x00003c27      0x3ab contiki-sky.a(uip-ds6.o)
 .debug_line    0x00003fd2      0x14d contiki-sky.a(collect-view.o)
 .debug_line    0x0000411f      0x1b7 contiki-sky.a(collect-view-sk)
 .debug_line    0x000042d6       0xec contiki-sky.a(contiki-sky-pla)
 .debug_line    0x000043c2      0x10d contiki-sky.a(sht11-sensor.o)
 .debug_line    0x000044cf       0xf9 contiki-sky.a(light-sensor.o)
 .debug_line    0x000045c8       0xfc contiki-sky.a(battery-sensor.)
 .debug_line    0x000046c4      0x15e contiki-sky.a(button-sensor.o)
 .debug_line    0x00004822      0x10f contiki-sky.a(ds2411.o)
 .debug_line    0x00004931      0x162 contiki-sky.a(xmem.o)
 .debug_line    0x00004a93       0x61 contiki-sky.a(node-id.o)
 .debug_line    0x00004af4       0xef contiki-sky.a(sensors.o)
 .debug_line    0x00004be3      0x459 contiki-sky.a(cc2420.o)
 .debug_line    0x0000503c      0x13c contiki-sky.a(cc2420-arch.o)
 .debug_line    0x00005178      0x114 contiki-sky.a(sky-sensors.o)
 .debug_line    0x0000528c      0x171 contiki-sky.a(uart1.o)
 .debug_line    0x000053fd       0xa6 contiki-sky.a(uart1-putchar.o)
 .debug_line    0x000054a3      0x174 contiki-sky.a(msp430.o)
 .debug_line    0x00005617      0x166 contiki-sky.a(clock.o)
 .debug_line    0x0000577d       0xb4 contiki-sky.a(leds.o)
 .debug_line    0x00005831       0xb6 contiki-sky.a(leds-arch.o)
 .debug_line    0x000058e7       0xe6 contiki-sky.a(watchdog.o)
 .debug_line    0x000059cd       0xfd contiki-sky.a(rtimer-arch.o)
 .debug_line    0x00005aca       0x6b contiki-sky.a(rimestats.o)
 .debug_line    0x00005b35       0x6f contiki-sky.a(mac.o)
 .debug_line    0x00005ba4      0x18c contiki-sky.a(framer-802154.o)
 .debug_line    0x00005d30      0x244 contiki-sky.a(rpl.o)
 .debug_line    0x00005f74      0x239 contiki-sky.a(neighbor-attr.o)
 .debug_line    0x000061ad      0x164 contiki-sky.a(sht11.o)
 .debug_line    0x00006311       0xa9 contiki-sky.a(spi.o)
 .debug_line    0x000063ba      0x18c contiki-sky.a(frame802154.o)
 .debug_line    0x00006546       0xa2 /opt/msp430-gcc-4.4.5/lib/gcc/msp430/4.4.5/msp2/libgcc.a(_mulsi3hw.o)
 .debug_line    0x000065e8       0xa5 /opt/msp430-gcc-4.4.5/lib/gcc/msp430/4.4.5/msp2/libgcc.a(_udivmodhi4.o)
 .debug_line    0x0000668d       0xac /opt/msp430-gcc-4.4.5/lib/gcc/msp430/4.4.5/msp2/libgcc.a(_udivmodsi4.o)
 .debug_line    0x00006739       0xba /opt/msp430-gcc-4.4.5/lib/gcc/msp430/4.4.5/msp2/libgcc.a(_divmodsi4.o)
 .debug_line    0x000067f3       0x99 /opt/msp430-gcc-4.4.5/lib/gcc/msp430/4.4.5/msp2/libgcc.a(__init_stack.o)
 .debug_line    0x0000688c       0x9e /opt/msp430-gcc-4.4.5/lib/gcc/msp430/4.4.5/msp2/libgcc.a(_copy_data.o)
 .debug_line    0x0000692a       0x9e /opt/msp430-gcc-4.4.5/lib/gcc/msp430/4.4.5/msp2/libgcc.a(_clear_bss.o)
 .debug_line    0x000069c8       0x99 /opt/msp430-gcc-4.4.5/lib/gcc/msp430/4.4.5/msp2/libgcc.a(__jump_to_main.o)

.debug_frame    0x00000000     0x2b82
 *(.debug_frame .zdebug_frame)
 .debug_frame   0x00000000       0xa2 udp-sender.co
 .debug_frame   0x000000a2      0x10c obj_sky/collect-common.o
 .debug_frame   0x000001ae       0xca obj_sky/contiki-sky-main.o
 .debug_frame   0x00000278       0x44 contiki-sky.a(rimeaddr.o)
 .debug_frame   0x000002bc      0x100 contiki-sky.a(csma.o)
 .debug_frame   0x000003bc      0x230 contiki-sky.a(contikimac.o)
 .debug_frame   0x000005ec       0xd0 contiki-sky.a(phase.o)
 .debug_frame   0x000006bc      0x20e contiki-sky.a(rpl-dag.o)
 .debug_frame   0x000008ca       0xd8 contiki-sky.a(rpl-icmp6.o)
 .debug_frame   0x000009a2       0xec contiki-sky.a(rpl-timers.o)
 .debug_frame   0x00000a8e       0x62 contiki-sky.a(rpl-of-etx.o)
 .debug_frame   0x00000af0       0xe0 contiki-sky.a(process.o)
 .debug_frame   0x00000bd0       0x38 contiki-sky.a(autostart.o)
 .debug_frame   0x00000c08       0x44 contiki-sky.a(serial-line.o)
 .debug_frame   0x00000c4c       0x62 contiki-sky.a(memb.o)
 .debug_frame   0x00000cae       0x74 contiki-sky.a(timer.o)
 .debug_frame   0x00000d22       0xa4 contiki-sky.a(list.o)
 .debug_frame   0x00000dc6      0x10a contiki-sky.a(etimer.o)
 .debug_frame   0x00000ed0       0xaa contiki-sky.a(ctimer.o)
 .debug_frame   0x00000f7a       0x6e contiki-sky.a(energest.o)
 .debug_frame   0x00000fe8       0x38 contiki-sky.a(rtimer.o)
 .debug_frame   0x00001020       0x86 contiki-sky.a(stimer.o)
 .debug_frame   0x000010a6       0x2c contiki-sky.a(random.o)
 .debug_frame   0x000010d2       0x68 contiki-sky.a(ringbuf.o)
 .debug_frame   0x0000113a      0x152 contiki-sky.a(packetbuf.o)
 .debug_frame   0x0000128c       0xbc contiki-sky.a(queuebuf.o)
 .debug_frame   0x00001348      0x194 contiki-sky.a(uip6.o)
 .debug_frame   0x000014dc      0x14e contiki-sky.a(tcpip.o)
 .debug_frame   0x0000162a       0x52 contiki-sky.a(uip-udp-packet.)
 .debug_frame   0x0000167c       0x74 contiki-sky.a(uip-icmp6.o)
 .debug_frame   0x000016f0       0x92 contiki-sky.a(uip-nd6.o)
 .debug_frame   0x00001782       0xf0 contiki-sky.a(sicslowpan.o)
 .debug_frame   0x00001872       0x6a contiki-sky.a(neighbor-info.o)
 .debug_frame   0x000018dc      0x48e contiki-sky.a(uip-ds6.o)
 .debug_frame   0x00001d6a       0x58 contiki-sky.a(collect-view.o)
 .debug_frame   0x00001dc2       0x58 contiki-sky.a(collect-view-sk)
 .debug_frame   0x00001e1a       0x20 contiki-sky.a(contiki-sky-pla)
 .debug_frame   0x00001e3a       0x3e contiki-sky.a(sht11-sensor.o)
 .debug_frame   0x00001e78       0x38 contiki-sky.a(light-sensor.o)
 .debug_frame   0x00001eb0       0x38 contiki-sky.a(battery-sensor.)
 .debug_frame   0x00001ee8       0x68 contiki-sky.a(button-sensor.o)
 .debug_frame   0x00001f50       0x50 contiki-sky.a(ds2411.o)
 .debug_frame   0x00001fa0       0xd0 contiki-sky.a(xmem.o)
 .debug_frame   0x00002070       0x38 contiki-sky.a(node-id.o)
 .debug_frame   0x000020a8       0x86 contiki-sky.a(sensors.o)
 .debug_frame   0x0000212e      0x250 contiki-sky.a(cc2420.o)
 .debug_frame   0x0000237e       0x50 contiki-sky.a(cc2420-arch.o)
 .debug_frame   0x000023ce       0x3e contiki-sky.a(sky-sensors.o)
 .debug_frame   0x0000240c       0x7a contiki-sky.a(uart1.o)
 .debug_frame   0x00002486       0x26 contiki-sky.a(uart1-putchar.o)
 .debug_frame   0x000024ac       0x98 contiki-sky.a(msp430.o)
 .debug_frame   0x00002544       0xd4 contiki-sky.a(clock.o)
 .debug_frame   0x00002618       0x92 contiki-sky.a(leds.o)
 .debug_frame   0x000026aa       0x3e contiki-sky.a(leds-arch.o)
 .debug_frame   0x000026e8       0x5c contiki-sky.a(watchdog.o)
 .debug_frame   0x00002744       0x68 contiki-sky.a(rtimer-arch.o)
 .debug_frame   0x000027ac       0x26 contiki-sky.a(mac.o)
 .debug_frame   0x000027d2       0x4e contiki-sky.a(framer-802154.o)
 .debug_frame   0x00002820       0xbe contiki-sky.a(rpl.o)
 .debug_frame   0x000028de      0x144 contiki-sky.a(neighbor-attr.o)
 .debug_frame   0x00002a22       0xa4 contiki-sky.a(sht11.o)
 .debug_frame   0x00002ac6       0x20 contiki-sky.a(spi.o)
 .debug_frame   0x00002ae6       0x9c contiki-sky.a(frame802154.o)

.debug_str      0x00000000     0x4f03
 *(.debug_str .zdebug_str)
 .debug_str     0x00000000      0x8c2 udp-sender.co
                                0xa4d (size before relaxing)
 .debug_str     0x000008c2      0x12e obj_sky/collect-common.o
                                0x437 (size before relaxing)
 .debug_str     0x000009f0      0x141 obj_sky/contiki-sky-main.o
                                0x597 (size before relaxing)
 .debug_str     0x00000b31       0x60 contiki-sky.a(rimeaddr.o)
                                0x168 (size before relaxing)
 .debug_str     0x00000b91      0x49b contiki-sky.a(csma.o)
                                0x784 (size before relaxing)
 .debug_str     0x0000102c      0x3e6 contiki-sky.a(contikimac.o)
                                0xa3c (size before relaxing)
 .debug_str     0x00001412       0xff contiki-sky.a(phase.o)
                                0x443 (size before relaxing)
 .debug_str     0x00001511      0x298 contiki-sky.a(rpl-dag.o)
                                0x7a6 (size before relaxing)
 .debug_str     0x000017a9      0x197 contiki-sky.a(rpl-icmp6.o)
                                0xcdb (size before relaxing)
 .debug_str     0x00001940       0xc5 contiki-sky.a(rpl-timers.o)
                                0x676 (size before relaxing)
 .debug_str     0x00001a05       0x8f contiki-sky.a(rpl-of-etx.o)
                                0x694 (size before relaxing)
 .debug_str     0x00001a94      0x162 contiki-sky.a(process.o)
                                0x2a6 (size before relaxing)
 .debug_str     0x00001bf6       0x3d contiki-sky.a(autostart.o)
                                0x15e (size before relaxing)
 .debug_str     0x00001c33       0xa2 contiki-sky.a(serial-line.o)
                                0x344 (size before relaxing)
 .debug_str     0x00001cd5       0x49 contiki-sky.a(memb.o)
                                0x123 (size before relaxing)
 .debug_str     0x00001d1e       0x1a contiki-sky.a(timer.o)
                                0x14d (size before relaxing)
 .debug_str     0x00001d38       0xab contiki-sky.a(list.o)
                                0x111 (size before relaxing)
 .debug_str     0x00001de3      0x136 contiki-sky.a(etimer.o)
                                0x2b3 (size before relaxing)
 .debug_str     0x00001f19       0xbc contiki-sky.a(ctimer.o)
                                0x36e (size before relaxing)
 .debug_str     0x00001fd5       0x9e contiki-sky.a(energest.o)
                                0x2f6 (size before relaxing)
 .debug_str     0x00002073       0x57 contiki-sky.a(rtimer.o)
                                0x2c7 (size before relaxing)
 .debug_str     0x000020ca       0x71 contiki-sky.a(stimer.o)
                                0x151 (size before relaxing)
 .debug_str     0x0000213b       0x38 contiki-sky.a(random.o)
                                0x102 (size before relaxing)
 .debug_str     0x00002173       0x5f contiki-sky.a(ringbuf.o)
                                0x160 (size before relaxing)
 .debug_str     0x000021d2      0x1e2 contiki-sky.a(packetbuf.o)
                                0x74b (size before relaxing)
 .debug_str     0x000023b4      0x126 contiki-sky.a(queuebuf.o)
                                0x6b2 (size before relaxing)
 .debug_str     0x000024da      0x399 contiki-sky.a(uip6.o)
                                0x8de (size before relaxing)
 .debug_str     0x00002873      0x198 contiki-sky.a(tcpip.o)
                                0x899 (size before relaxing)
 .debug_str     0x00002a0b       0x6b contiki-sky.a(uip-udp-packet.)
                                0x236 (size before relaxing)
 .debug_str     0x00002a76       0x82 contiki-sky.a(uip-icmp6.o)
                                0x4aa (size before relaxing)
 .debug_str     0x00002af8       0xf7 contiki-sky.a(uip-nd6.o)
                                0x5c9 (size before relaxing)
 .debug_str     0x00002bef      0x267 contiki-sky.a(sicslowpan.o)
                                0xa02 (size before relaxing)
 .debug_str     0x00002e56      0x132 contiki-sky.a(neighbor-info.o)
                                0x6ee (size before relaxing)
 .debug_str     0x00002f88      0x41c contiki-sky.a(uip-ds6.o)
                                0x998 (size before relaxing)
 .debug_str     0x000033a4       0x75 contiki-sky.a(collect-view.o)
                                0x352 (size before relaxing)
 .debug_str     0x00003419      0x122 contiki-sky.a(collect-view-sk)
                                0x2f4 (size before relaxing)
 .debug_str     0x0000353b       0x59 contiki-sky.a(contiki-sky-pla)
                                0x2da (size before relaxing)
 .debug_str     0x00003594       0x21 contiki-sky.a(sht11-sensor.o)
                                0x267 (size before relaxing)
 .debug_str     0x000035b5       0x4d contiki-sky.a(light-sensor.o)
                                0x276 (size before relaxing)
 .debug_str     0x00003602       0x3e contiki-sky.a(battery-sensor.)
                                0x269 (size before relaxing)
 .debug_str     0x00003640      0x12c contiki-sky.a(button-sensor.o)
                                0x3da (size before relaxing)
 .debug_str     0x0000376c       0x5c contiki-sky.a(ds2411.o)
                                0x285 (size before relaxing)
 .debug_str     0x000037c8       0xfd contiki-sky.a(xmem.o)
                                0x366 (size before relaxing)
 .debug_str     0x000038c5       0x3f contiki-sky.a(node-id.o)
                                0x111 (size before relaxing)
 .debug_str     0x00003904       0x9e contiki-sky.a(sensors.o)
                                0x359 (size before relaxing)
 .debug_str     0x000039a2      0x843 contiki-sky.a(cc2420.o)
                                0xff2 (size before relaxing)
 .debug_str     0x000041e5       0x4d contiki-sky.a(cc2420-arch.o)
                                0x324 (size before relaxing)
 .debug_str     0x00004232       0xbc contiki-sky.a(sky-sensors.o)
                                0x2e0 (size before relaxing)
 .debug_str     0x000042ee      0x13b contiki-sky.a(uart1.o)
                                0x3a9 (size before relaxing)
 .debug_str     0x00004429       0x30 contiki-sky.a(uart1-putchar.o)
                                 0xfa (size before relaxing)
 .debug_str     0x00004459      0x178 contiki-sky.a(msp430.o)
                                0x3bd (size before relaxing)
 .debug_str     0x000045d1       0xe9 contiki-sky.a(clock.o)
                                0x37a (size before relaxing)
 .debug_str     0x000046ba       0x6f contiki-sky.a(leds.o)
                                0x2d6 (size before relaxing)
 .debug_str     0x00004729       0x69 contiki-sky.a(leds-arch.o)
                                0x138 (size before relaxing)
 .debug_str     0x00004792       0x98 contiki-sky.a(watchdog.o)
                                0x29e (size before relaxing)
 .debug_str     0x0000482a       0x81 contiki-sky.a(rtimer-arch.o)
                                0x2dc (size before relaxing)
 .debug_str     0x000048ab       0x23 contiki-sky.a(rimestats.o)
                                0x113 (size before relaxing)
 .debug_str     0x000048ce       0x33 contiki-sky.a(mac.o)
                                0x173 (size before relaxing)
 .debug_str     0x00004901      0x18d contiki-sky.a(framer-802154.o)
                                0x638 (size before relaxing)
 .debug_str     0x00004a8e       0xa9 contiki-sky.a(rpl.o)
                                0x667 (size before relaxing)
 .debug_str     0x00004b37      0x1e7 contiki-sky.a(neighbor-attr.o)
                                0x51b (size before relaxing)
 .debug_str     0x00004d1e       0x9e contiki-sky.a(sht11.o)
                                0x196 (size before relaxing)
 .debug_str     0x00004dbc       0x7a contiki-sky.a(spi.o)
                                0x16f (size before relaxing)
 .debug_str     0x00004e36       0xcd contiki-sky.a(frame802154.o)
                                0x321 (size before relaxing)

.debug_loc      0x00000000     0x620b
 *(.debug_loc .zdebug_loc)
 .debug_loc     0x00000000      0x186 udp-sender.co
 .debug_loc     0x00000186      0x2c7 obj_sky/collect-common.o
 .debug_loc     0x0000044d      0x1ae obj_sky/contiki-sky-main.o
 .debug_loc     0x000005fb       0x3a contiki-sky.a(rimeaddr.o)
 .debug_loc     0x00000635      0x1d1 contiki-sky.a(csma.o)
 .debug_loc     0x00000806      0x4f5 contiki-sky.a(contikimac.o)
 .debug_loc     0x00000cfb      0x1f4 contiki-sky.a(phase.o)
 .debug_loc     0x00000eef      0x6c6 contiki-sky.a(rpl-dag.o)
 .debug_loc     0x000015b5      0x47d contiki-sky.a(rpl-icmp6.o)
 .debug_loc     0x00001a32      0x1a8 contiki-sky.a(rpl-timers.o)
 .debug_loc     0x00001bda       0xc8 contiki-sky.a(rpl-of-etx.o)
 .debug_loc     0x00001ca2      0x1cd contiki-sky.a(process.o)
 .debug_loc     0x00001e6f       0x4c contiki-sky.a(autostart.o)
 .debug_loc     0x00001ebb       0xd1 contiki-sky.a(serial-line.o)
 .debug_loc     0x00001f8c      0x100 contiki-sky.a(memb.o)
 .debug_loc     0x0000208c       0xb1 contiki-sky.a(timer.o)
 .debug_loc     0x0000213d      0x137 contiki-sky.a(list.o)
 .debug_loc     0x00002274      0x230 contiki-sky.a(etimer.o)
 .debug_loc     0x000024a4      0x1d7 contiki-sky.a(ctimer.o)
 .debug_loc     0x0000267b       0x6f contiki-sky.a(energest.o)
 .debug_loc     0x000026ea       0x41 contiki-sky.a(rtimer.o)
 .debug_loc     0x0000272b       0xd7 contiki-sky.a(stimer.o)
 .debug_loc     0x00002802        0xb contiki-sky.a(random.o)
 .debug_loc     0x0000280d       0x84 contiki-sky.a(ringbuf.o)
 .debug_loc     0x00002891      0x18c contiki-sky.a(packetbuf.o)
 .debug_loc     0x00002a1d      0x121 contiki-sky.a(queuebuf.o)
 .debug_loc     0x00002b3e      0x395 contiki-sky.a(uip6.o)
 .debug_loc     0x00002ed3      0x3de contiki-sky.a(tcpip.o)
 .debug_loc     0x000032b1       0xe9 contiki-sky.a(uip-udp-packet.)
 .debug_loc     0x0000339a      0x10a contiki-sky.a(uip-icmp6.o)
 .debug_loc     0x000034a4      0x133 contiki-sky.a(uip-nd6.o)
 .debug_loc     0x000035d7      0x4a6 contiki-sky.a(sicslowpan.o)
 .debug_loc     0x00003a7d       0xfd contiki-sky.a(neighbor-info.o)
 .debug_loc     0x00003b7a      0xa7e contiki-sky.a(uip-ds6.o)
 .debug_loc     0x000045f8       0xe2 contiki-sky.a(collect-view.o)
 .debug_loc     0x000046da       0x6e contiki-sky.a(collect-view-sk)
 .debug_loc     0x00004748       0x71 contiki-sky.a(sht11-sensor.o)
 .debug_loc     0x000047b9       0x3a contiki-sky.a(light-sensor.o)
 .debug_loc     0x000047f3       0x2c contiki-sky.a(battery-sensor.)
 .debug_loc     0x0000481f       0x8b contiki-sky.a(button-sensor.o)
 .debug_loc     0x000048aa       0xd9 contiki-sky.a(ds2411.o)
 .debug_loc     0x00004983      0x351 contiki-sky.a(xmem.o)